=== Debug Log started at Fri May 15 21:24:46 2026
===
[DPFlateCompressor] compress start: original_size=260 use_3hfmtree=0
[DPFlate] handleCollectInput enter: input_buffer=0 remain=260 current_i=0 window_abs=0 is_last=1 dp_slots=258 search=2048 lookahead=128
[DPFlate] handleCollectInput processable=260 buffer=260 current_i=0 tempA_before=0 prev_buf=260
[DPFlate] handleCollectInput final: total_in_len=260 final_link=(len=106 off=26) tempA=686 input_buffer=260
[DPFlate] handleBacktrack enter: total_in_len=260 tempA=686 use_3hm=0
[DPFlate] handleBacktrack token: cur=260 len=106 off=26 tokens=0
[DPFlate] handleBacktrack token: cur=154 len=128 off=26 tokens=1
[DPFlate] handleBacktrack token: cur=26 len=0 off=90 tokens=2
[DPFlate] handleBacktrack token: cur=25 len=0 off=89 tokens=3
[DPFlate] handleBacktrack token: cur=24 len=0 off=88 tokens=4
[DPFlate] handleBacktrack token: cur=23 len=0 off=87 tokens=5
[DPFlate] handleBacktrack token: cur=22 len=0 off=86 tokens=6
[DPFlate] handleBacktrack token: cur=21 len=0 off=85 tokens=7
[DPFlate] handleBacktrack token: cur=20 len=0 off=84 tokens=8
[DPFlate] handleBacktrack token: cur=19 len=0 off=83 tokens=9
[DPFlate] handleBacktrack token: cur=18 len=0 off=82 tokens=10
[DPFlate] handleBacktrack token: cur=17 len=0 off=81 tokens=11
[DPFlate] handleBacktrack token: cur=16 len=0 off=80 tokens=12
[DPFlate] handleBacktrack token: cur=15 len=0 off=79 tokens=13
[DPFlate] handleBacktrack token: cur=14 len=0 off=78 tokens=14
[DPFlate] handleBacktrack token: cur=13 len=0 off=77 tokens=15
[DPFlate] handleBacktrack token: cur=12 len=0 off=76 tokens=16
[DPFlate] handleBacktrack token: cur=11 len=0 off=75 tokens=17
[DPFlate] handleBacktrack token: cur=10 len=0 off=74 tokens=18
[DPFlate] handleBacktrack token: cur=9 len=0 off=73 tokens=19
[DPFlate] handleBacktrack token: cur=8 len=0 off=72 tokens=20
[DPFlate] handleBacktrack token: cur=7 len=0 off=71 tokens=21
[DPFlate] handleBacktrack token: cur=6 len=0 off=70 tokens=22
[DPFlate] handleBacktrack token: cur=5 len=0 off=69 tokens=23
[DPFlate] handleBacktrack token: cur=4 len=0 off=68 tokens=24
[DPFlate] handleBacktrack token: cur=3 len=0 off=67 tokens=25
[DPFlate] handleBacktrack token: cur=2 len=0 off=66 tokens=26
[DPFlate] handleBacktrack token: cur=1 len=0 off=65 tokens=27
[DPFlate] handleBacktrack done: total_tokens=28 tempA=686 tempB=74
[DPFlate] handleBuildTree enter: use_3hm=0 writer_bytes=0 total_tokens=28
[DPFlate] huff_build_tree_and_write_trees FLATE: main_tree_bits=318 dist_tree_bits=13 total_tokens=28
[DPFlate] handleBuildTree done: writer_bytes=42 need_output=0
[DPFlate] handleEmitTokens enter: total_tokens=28 emitted=0 writer_bytes=42 use_3hm=0
[DPFlate] handleEmitTokens FLATE token: idx=27 len=0 off=65 writer_bytes=42
[DPFlate] handleEmitTokens FLATE token: idx=26 len=0 off=66 writer_bytes=43
[DPFlate] handleEmitTokens FLATE token: idx=25 len=0 off=67 writer_bytes=43
[DPFlate] handleEmitTokens FLATE token: idx=24 len=0 off=68 writer_bytes=44
[DPFlate] handleEmitTokens FLATE token: idx=23 len=0 off=69 writer_bytes=44
[DPFlate] handleEmitTokens FLATE token: idx=22 len=0 off=70 writer_bytes=45
[DPFlate] handleEmitTokens FLATE token: idx=21 len=0 off=71 writer_bytes=46
[DPFlate] handleEmitTokens FLATE token: idx=20 len=0 off=72 writer_bytes=46
[DPFlate] handleEmitTokens FLATE token: idx=19 len=0 off=73 writer_bytes=47
[DPFlate] handleEmitTokens FLATE token: idx=18 len=0 off=74 writer_bytes=47
[DPFlate] handleEmitTokens FLATE token: idx=17 len=0 off=75 writer_bytes=48
[DPFlate] handleEmitTokens FLATE token: idx=16 len=0 off=76 writer_bytes=49
[DPFlate] handleEmitTokens FLATE token: idx=15 len=0 off=77 writer_bytes=49
[DPFlate] handleEmitTokens FLATE token: idx=14 len=0 off=78 writer_bytes=50
[DPFlate] handleEmitTokens FLATE token: idx=13 len=0 off=79 writer_bytes=51
[DPFlate] handleEmitTokens FLATE token: idx=12 len=0 off=80 writer_bytes=51
[DPFlate] handleEmitTokens FLATE token: idx=11 len=0 off=81 writer_bytes=52
[DPFlate] handleEmitTokens FLATE token: idx=10 len=0 off=82 writer_bytes=52
[DPFlate] handleEmitTokens FLATE token: idx=9 len=0 off=83 writer_bytes=53
[DPFlate] handleEmitTokens FLATE token: idx=8 len=0 off=84 writer_bytes=53
[DPFlate] handleEmitTokens FLATE token: idx=7 len=0 off=85 writer_bytes=54
[DPFlate] handleEmitTokens FLATE token: idx=6 len=0 off=86 writer_bytes=55
[DPFlate] handleEmitTokens FLATE token: idx=5 len=0 off=87 writer_bytes=55
[DPFlate] handleEmitTokens FLATE token: idx=4 len=0 off=88 writer_bytes=56
[DPFlate] handleEmitTokens FLATE token: idx=3 len=0 off=89 writer_bytes=57
[DPFlate] handleEmitTokens FLATE token: idx=2 len=0 off=90 writer_bytes=57
[DPFlate] handleEmitTokens FLATE token: idx=1 len=128 off=26 writer_bytes=58
[DPFlate] handleEmitTokens FLATE token: idx=0 len=106 off=26 writer_bytes=59
[DPFlate] handleEmitTokens FLATE done: emitted=28 writer_bytes=63
[DPFlateCompressor] decompress start: compressed_size=63
[DPFlateCompressor] decompress: format_byte=0x46 (0x33=3HM, 0x46=Inflate)
[Inflate] READ_TREES done: out_abs=0
[Inflate] DECODE_TOKENS: symbol=65 out_abs=0
[Inflate] DECODE_TOKENS: symbol=66 out_abs=1
[Inflate] DECODE_TOKENS: symbol=67 out_abs=2
[Inflate] DECODE_TOKENS: symbol=68 out_abs=3
[Inflate] DECODE_TOKENS: symbol=69 out_abs=4
[Inflate] DECODE_TOKENS: symbol=70 out_abs=5
[Inflate] DECODE_TOKENS: symbol=71 out_abs=6
[Inflate] DECODE_TOKENS: symbol=72 out_abs=7
[Inflate] DECODE_TOKENS: symbol=73 out_abs=8
[Inflate] DECODE_TOKENS: symbol=74 out_abs=9
[Inflate] DECODE_TOKENS: symbol=75 out_abs=10
[Inflate] DECODE_TOKENS: symbol=76 out_abs=11
[Inflate] DECODE_TOKENS: symbol=77 out_abs=12
[Inflate] DECODE_TOKENS: symbol=78 out_abs=13
[Inflate] DECODE_TOKENS: symbol=79 out_abs=14
[Inflate] DECODE_TOKENS: symbol=80 out_abs=15
[Inflate] DECODE_TOKENS: symbol=81 out_abs=16
[Inflate] DECODE_TOKENS: symbol=82 out_abs=17
[Inflate] DECODE_TOKENS: symbol=83 out_abs=18
[Inflate] DECODE_TOKENS: symbol=84 out_abs=19
[Inflate] DECODE_TOKENS: symbol=85 out_abs=20
[Inflate] DECODE_TOKENS: symbol=86 out_abs=21
[Inflate] DECODE_TOKENS: symbol=87 out_abs=22
[Inflate] DECODE_TOKENS: symbol=88 out_abs=23
[Inflate] DECODE_TOKENS: symbol=89 out_abs=24
[Inflate] DECODE_TOKENS: symbol=90 out_abs=25
[Inflate] DECODE_TOKENS: symbol=280 out_abs=26
[Inflate] COPY_MATCH: dist=26 len=128 out_abs=26
[Inflate] DECODE_TOKENS: symbol=279 out_abs=154
[Inflate] COPY_MATCH: dist=26 len=106 out_abs=154
[Inflate] DECODE_TOKENS: symbol=256 out_abs=260
[DPFlateCompressor] decompress_to_end iter=1 in_off=61/62 out_pos=260 done=1 need_input=0 need_output=0 consumed=61 produced=260
[DPFlateCompressor] decompress_to_end: done after 1 iterations, final out_pos=260
[DPFlateCompressor] compress start: original_size=672 use_3hfmtree=0
[DPFlate] handleCollectInput enter: input_buffer=0 remain=672 current_i=0 window_abs=0 is_last=1 dp_slots=258 search=2048 lookahead=128
[DPFlate] handleCollectInput processable=672 buffer=672 current_i=0 tempA_before=0 prev_buf=672
[DPFlate] handleCollectInput final: total_in_len=672 final_link=(len=11 off=21) tempA=1767 input_buffer=672
[DPFlate] handleBacktrack enter: total_in_len=672 tempA=1767 use_3hm=0
[DPFlate] handleBacktrack token: cur=672 len=11 off=21 tokens=0
[DPFlate] handleBacktrack token: cur=661 len=128 off=21 tokens=1
[DPFlate] handleBacktrack token: cur=533 len=128 off=21 tokens=2
[DPFlate] handleBacktrack token: cur=405 len=128 off=21 tokens=3
[DPFlate] handleBacktrack token: cur=277 len=128 off=21 tokens=4
[DPFlate] handleBacktrack token: cur=149 len=128 off=21 tokens=5
[DPFlate] handleBacktrack token: cur=21 len=0 off=95 tokens=6
[DPFlate] handleBacktrack token: cur=20 len=0 off=69 tokens=7
[DPFlate] handleBacktrack token: cur=19 len=0 off=84 tokens=8
[DPFlate] handleBacktrack token: cur=18 len=0 off=65 tokens=9
[DPFlate] handleBacktrack token: cur=17 len=0 off=76 tokens=10
[DPFlate] handleBacktrack token: cur=16 len=0 off=70 tokens=11
[DPFlate] handleBacktrack token: cur=15 len=0 off=80 tokens=12
[DPFlate] handleBacktrack token: cur=14 len=0 off=68 tokens=13
[DPFlate] handleBacktrack token: cur=13 len=0 off=95 tokens=14
[DPFlate] handleBacktrack token: cur=12 len=0 off=80 tokens=15
[DPFlate] handleBacktrack token: cur=11 len=0 off=68 tokens=16
[DPFlate] handleBacktrack token: cur=10 len=0 off=90 tokens=17
[DPFlate] handleBacktrack token: cur=9 len=0 off=76 tokens=18
[DPFlate] handleBacktrack token: cur=8 len=0 off=95 tokens=19
[DPFlate] handleBacktrack token: cur=7 len=0 off=83 tokens=20
[DPFlate] handleBacktrack token: cur=6 len=0 off=83 tokens=21
[DPFlate] handleBacktrack done: total_tokens=27 tempA=1767 tempB=71
[DPFlate] handleBuildTree enter: use_3hm=0 writer_bytes=0 total_tokens=27
[DPFlate] huff_build_tree_and_write_trees FLATE: main_tree_bits=164 dist_tree_bits=13 total_tokens=27
[DPFlate] handleBuildTree done: writer_bytes=23 need_output=0
[DPFlate] handleEmitTokens enter: total_tokens=27 emitted=0 writer_bytes=23 use_3hm=0
[DPFlate] handleEmitTokens FLATE token: idx=26 len=0 off=82 writer_bytes=23
[DPFlate] handleEmitTokens FLATE token: idx=25 len=0 off=69 writer_bytes=23
[DPFlate] handleEmitTokens FLATE token: idx=24 len=0 off=71 writer_bytes=23
[DPFlate] handleEmitTokens FLATE token: idx=23 len=0 off=82 writer_bytes=24
[DPFlate] handleEmitTokens FLATE token: idx=22 len=0 off=69 writer_bytes=24
[DPFlate] handleEmitTokens FLATE token: idx=21 len=0 off=83 writer_bytes=25
[DPFlate] handleEmitTokens FLATE token: idx=20 len=0 off=83 writer_bytes=25
[DPFlate] handleEmitTokens FLATE token: idx=19 len=0 off=95 writer_bytes=26
[DPFlate] handleEmitTokens FLATE token: idx=18 len=0 off=76 writer_bytes=26
[DPFlate] handleEmitTokens FLATE token: idx=17 len=0 off=90 writer_bytes=27
[DPFlate] handleEmitTokens FLATE token: idx=16 len=0 off=68 writer_bytes=27
[DPFlate] handleEmitTokens FLATE token: idx=15 len=0 off=80 writer_bytes=28
[DPFlate] handleEmitTokens FLATE token: idx=14 len=0 off=95 writer_bytes=28
[DPFlate] handleEmitTokens FLATE token: idx=13 len=0 off=68 writer_bytes=29
[DPFlate] handleEmitTokens FLATE token: idx=12 len=0 off=80 writer_bytes=29
[DPFlate] handleEmitTokens FLATE token: idx=11 len=0 off=70 writer_bytes=30
[DPFlate] handleEmitTokens FLATE token: idx=10 len=0 off=76 writer_bytes=30
[DPFlate] handleEmitTokens FLATE token: idx=9 len=0 off=65 writer_bytes=31
[DPFlate] handleEmitTokens FLATE token: idx=8 len=0 off=84 writer_bytes=31
[DPFlate] handleEmitTokens FLATE token: idx=7 len=0 off=69 writer_bytes=32
[DPFlate] handleEmitTokens FLATE token: idx=6 len=0 off=95 writer_bytes=32
[DPFlate] handleEmitTokens FLATE token: idx=5 len=128 off=21 writer_bytes=33
[DPFlate] handleEmitTokens FLATE done: emitted=27 writer_bytes=42
[DPFlateCompressor] decompress start: compressed_size=42
[DPFlateCompressor] decompress: format_byte=0x46 (0x33=3HM, 0x46=Inflate)
[Inflate] READ_TREES done: out_abs=0
[Inflate] DECODE_TOKENS: symbol=82 out_abs=0
[Inflate] DECODE_TOKENS: symbol=69 out_abs=1
[Inflate] DECODE_TOKENS: symbol=71 out_abs=2
[Inflate] DECODE_TOKENS: symbol=82 out_abs=3
[Inflate] DECODE_TOKENS: symbol=69 out_abs=4
[Inflate] DECODE_TOKENS: symbol=83 out_abs=5
[Inflate] DECODE_TOKENS: symbol=83 out_abs=6
[Inflate] DECODE_TOKENS: symbol=95 out_abs=7
[Inflate] DECODE_TOKENS: symbol=76 out_abs=8
[Inflate] DECODE_TOKENS: symbol=90 out_abs=9
[Inflate] DECODE_TOKENS: symbol=68 out_abs=10
[Inflate] DECODE_TOKENS: symbol=80 out_abs=11
[Inflate] DECODE_TOKENS: symbol=95 out_abs=12
[Inflate] DECODE_TOKENS: symbol=68 out_abs=13
[Inflate] DECODE_TOKENS: symbol=80 out_abs=14
[Inflate] DECODE_TOKENS: symbol=70 out_abs=15
[Inflate] DECODE_TOKENS: symbol=76 out_abs=16
[Inflate] DECODE_TOKENS: symbol=65 out_abs=17
[Inflate] DECODE_TOKENS: symbol=84 out_abs=18
[Inflate] DECODE_TOKENS: symbol=69 out_abs=19
[Inflate] DECODE_TOKENS: symbol=95 out_abs=20
[Inflate] COPY_MATCH: dist=21 len=128 out_abs=21
[Inflate] COPY_MATCH: dist=21 len=128 out_abs=149
[Inflate] COPY_MATCH: dist=21 len=128 out_abs=277
[Inflate] COPY_MATCH: dist=21 len=128 out_abs=405
[Inflate] COPY_MATCH: dist=21 len=128 out_abs=533
[Inflate] COPY_MATCH: dist=21 len=11 out_abs=661
[DPFlateCompressor] decompress_to_end iter=1 in_off=40/41 out_pos=672 done=1 need_input=0 need_output=0 consumed=40 produced=672
[DPFlateCompressor] decompress_to_end: done after 1 iterations, final out_pos=672
[Inflate] READ_TREES done: out_abs=0
[Inflate] COPY_MATCH: dist=21 len=128 out_abs=21
[Inflate] COPY_MATCH: dist=21 len=128 out_abs=149
[Inflate] COPY_MATCH: dist=21 len=128 out_abs=277
[Inflate] COPY_MATCH: dist=21 len=128 out_abs=405
[Inflate] COPY_MATCH: dist=21 len=128 out_abs=533
[Inflate] COPY_MATCH: dist=21 len=11 out_abs=661
[DPFlate] handleCollectInput enter: input_buffer=0 remain=672 current_i=0 window_abs=0 is_last=0 dp_slots=258 search=2048 lookahead=128
[DPFlate] handleCollectInput processable=544 buffer=672 current_i=0 tempA_before=0 prev_buf=672
[DPFlate] handleCollectInput enter: input_buffer=672 remain=0 current_i=544 window_abs=0 is_last=1 dp_slots=258 search=2048 lookahead=128
[DPFlate] handleCollectInput processable=128 buffer=672 current_i=544 tempA_before=0 prev_buf=672
[DPFlate] handleCollectInput final: total_in_len=672 final_link=(len=11 off=21) tempA=1767 input_buffer=672
[DPFlate] handleBacktrack enter: total_in_len=672 tempA=1767 use_3hm=0
[DPFlate] handleBacktrack done: total_tokens=27 tempA=1767 tempB=71
[DPFlate] handleBuildTree enter: use_3hm=0 writer_bytes=0 total_tokens=27
[DPFlate] huff_build_tree_and_write_trees FLATE: main_tree_bits=164 dist_tree_bits=13 total_tokens=27
[DPFlate] handleBuildTree done: writer_bytes=23 need_output=0
[DPFlate] handleEmitTokens enter: total_tokens=27 emitted=0 writer_bytes=23 use_3hm=0
[DPFlate] handleEmitTokens FLATE done: emitted=27 writer_bytes=42
[Inflate] READ_TREES done: out_abs=0
[Inflate] COPY_MATCH: dist=21 len=128 out_abs=21
[Inflate] COPY_MATCH: dist=21 len=128 out_abs=149
[Inflate] COPY_MATCH: dist=21 len=128 out_abs=277
[Inflate] COPY_MATCH: dist=21 len=128 out_abs=405
[Inflate] COPY_MATCH: dist=21 len=128 out_abs=533
[Inflate] COPY_MATCH: dist=21 len=11 out_abs=661
[DPFlateCompressor] compress start: original_size=672 use_3hfmtree=1
[DPFlate] handleCollectInput enter: input_buffer=0 remain=672 current_i=0 window_abs=0 is_last=1 dp_slots=258 search=2048 lookahead=128
[DPFlate] handleCollectInput processable=672 buffer=672 current_i=0 tempA_before=0 prev_buf=672
[DPFlate] handleCollectInput final: total_in_len=672 final_link=(len=11 off=21) tempA=1767 input_buffer=672
[DPFlate] handleBacktrack enter: total_in_len=672 tempA=1767 use_3hm=1
[DPFlate] handleBacktrack done: total_tokens=27 tempA=1767 tempB=71
[DPFlate] handleBuildTree enter: use_3hm=1 writer_bytes=0 total_tokens=27
[DPFlate] huff_build_tree_and_write_trees 3HM: offset_bits=12 length_bits=8 offset_chunk=8 length_chunk=8 offset_count=256 length_count=256 tree_bits=5269
[DPFlate] handleBuildTree done: writer_bytes=659 need_output=0
[DPFlate] handleEmitTokens enter: total_tokens=27 emitted=0 writer_bytes=659 use_3hm=1
[DPFlate] handleEmitTokens 3HM token: idx=26 len=0 off=82 literal_run=0 writer_bytes=659
[DPFlate] handleEmitTokens 3HM token: idx=25 len=0 off=69 literal_run=1 writer_bytes=659
[DPFlate] handleEmitTokens 3HM token: idx=24 len=0 off=71 literal_run=2 writer_bytes=659
[DPFlate] handleEmitTokens 3HM token: idx=23 len=0 off=82 literal_run=3 writer_bytes=659
[DPFlate] handleEmitTokens 3HM token: idx=22 len=0 off=69 literal_run=4 writer_bytes=659
[DPFlate] handleEmitTokens 3HM token: idx=21 len=0 off=83 literal_run=5 writer_bytes=659
[DPFlate] handleEmitTokens 3HM token: idx=20 len=0 off=83 literal_run=6 writer_bytes=659
[DPFlate] handleEmitTokens 3HM token: idx=19 len=0 off=95 literal_run=7 writer_bytes=659
[DPFlate] handleEmitTokens 3HM token: idx=18 len=0 off=76 literal_run=8 writer_bytes=659
[DPFlate] handleEmitTokens 3HM token: idx=17 len=0 off=90 literal_run=9 writer_bytes=659
[DPFlate] handleEmitTokens 3HM token: idx=16 len=0 off=68 literal_run=10 writer_bytes=659
[DPFlate] handleEmitTokens 3HM token: idx=15 len=0 off=80 literal_run=11 writer_bytes=659
[DPFlate] handleEmitTokens 3HM token: idx=14 len=0 off=95 literal_run=12 writer_bytes=659
[DPFlate] handleEmitTokens 3HM token: idx=13 len=0 off=68 literal_run=13 writer_bytes=659
[DPFlate] handleEmitTokens 3HM token: idx=12 len=0 off=80 literal_run=14 writer_bytes=659
[DPFlate] handleEmitTokens 3HM token: idx=11 len=0 off=70 literal_run=15 writer_bytes=659
[DPFlate] handleEmitTokens 3HM token: idx=10 len=0 off=76 literal_run=16 writer_bytes=659
[DPFlate] handleEmitTokens 3HM token: idx=9 len=0 off=65 literal_run=17 writer_bytes=659
[DPFlate] handleEmitTokens 3HM token: idx=8 len=0 off=84 literal_run=18 writer_bytes=659
[DPFlate] handleEmitTokens 3HM token: idx=7 len=0 off=69 literal_run=19 writer_bytes=659
[DPFlate] handleEmitTokens 3HM token: idx=6 len=0 off=95 literal_run=20 writer_bytes=659
[DPFlate] handleEmitTokens 3HM token: idx=5 len=128 off=21 literal_run=21 writer_bytes=659
[DPFlate] handleEmitTokens 3HM token: idx=4 len=128 off=21 literal_run=0 writer_bytes=673
[DPFlate] handleEmitTokens 3HM token: idx=3 len=128 off=21 literal_run=0 writer_bytes=675
[DPFlate] handleEmitTokens 3HM token: idx=2 len=128 off=21 literal_run=0 writer_bytes=678
[DPFlate] handleEmitTokens 3HM token: idx=1 len=128 off=21 literal_run=0 writer_bytes=680
[DPFlate] handleEmitTokens 3HM token: idx=0 len=11 off=21 literal_run=0 writer_bytes=682
[DPFlate] handleEmitTokens 3HM done: emitted=27 writer_bytes=686
[DPFlateCompressor] decompress start: compressed_size=686
[DPFlateCompressor] decompress: format_byte=0x33 (0x33=3HM, 0x46=Inflate)
[HuffmanTree3HM] deserialize: offset_bits=12 length_bits=8 offset_chunk=8(256 symbols) length_chunk=8(256 symbols)
[HuffmanTree3HM] deserialize done: literal_tree_size=119 offset_tree_size=2559 length_tree_size=2559
[Inflate3HM] READ_HEADER: tree deserialized, offset_bits=12 length_bits=8 offset_chunk=8 length_chunk=8
[Inflate3HM] DECODE_OFFSET: offset=0 out_abs=0
[Inflate3HM] DECODE_RUN_LEN: run_len=21 out_abs=0
[Inflate3HM] DECODE_OFFSET: offset=21 out_abs=21
[Inflate3HM] DECODE_MATCH_LEN: offset=21 length=128 out_abs=21
[Inflate3HM] COPY_MATCH: offset=21 length=128 out_abs=21
[Inflate3HM] DECODE_OFFSET: offset=21 out_abs=149
[Inflate3HM] DECODE_MATCH_LEN: offset=21 length=128 out_abs=149
[Inflate3HM] COPY_MATCH: offset=21 length=128 out_abs=149
[Inflate3HM] DECODE_OFFSET: offset=21 out_abs=277
[Inflate3HM] DECODE_MATCH_LEN: offset=21 length=128 out_abs=277
[Inflate3HM] COPY_MATCH: offset=21 length=128 out_abs=277
[Inflate3HM] DECODE_OFFSET: offset=21 out_abs=405
[Inflate3HM] DECODE_MATCH_LEN: offset=21 length=128 out_abs=405
[Inflate3HM] COPY_MATCH: offset=21 length=128 out_abs=405
[Inflate3HM] DECODE_OFFSET: offset=21 out_abs=533
[Inflate3HM] DECODE_MATCH_LEN: offset=21 length=128 out_abs=533
[Inflate3HM] COPY_MATCH: offset=21 length=128 out_abs=533
[Inflate3HM] DECODE_OFFSET: offset=21 out_abs=661
[Inflate3HM] DECODE_MATCH_LEN: offset=21 length=11 out_abs=661
[Inflate3HM] COPY_MATCH: offset=21 length=11 out_abs=661
[Inflate3HM] DECODE_OFFSET: offset=2521 out_abs=672
[Inflate3HM] FLUSH: output_buf=672 flush_pos=0 out_abs=672
[Inflate3HM] DECODE_OFFSET: done, out_abs=672
[DPFlateCompressor] decompress_to_end iter=1 in_off=685/685 out_pos=672 done=1 need_input=0 need_output=0 consumed=685 produced=672
[DPFlateCompressor] decompress_to_end: done after 1 iterations, final out_pos=672
[DPFlateCompressor] compress start: original_size=672 use_3hfmtree=1
[DPFlate] handleCollectInput enter: input_buffer=0 remain=672 current_i=0 window_abs=0 is_last=1 dp_slots=258 search=2048 lookahead=128
[DPFlate] handleCollectInput processable=672 buffer=672 current_i=0 tempA_before=0 prev_buf=672
[DPFlate] handleCollectInput final: total_in_len=672 final_link=(len=11 off=21) tempA=1767 input_buffer=672
[DPFlate] handleBacktrack enter: total_in_len=672 tempA=1767 use_3hm=1
[DPFlate] handleBacktrack done: total_tokens=27 tempA=1767 tempB=71
[DPFlate] handleBuildTree enter: use_3hm=1 writer_bytes=0 total_tokens=27
[DPFlate] huff_build_tree_and_write_trees 3HM: offset_bits=12 length_bits=8 offset_chunk=8 length_chunk=8 offset_count=256 length_count=256 tree_bits=5269
[DPFlate] handleBuildTree done: writer_bytes=659 need_output=0
[DPFlate] handleEmitTokens enter: total_tokens=27 emitted=0 writer_bytes=659 use_3hm=1
[DPFlate] handleEmitTokens 3HM token: idx=26 len=0 off=82 literal_run=0 writer_bytes=659
[DPFlate] handleEmitTokens 3HM token: idx=25 len=0 off=69 literal_run=1 writer_bytes=659
[DPFlate] handleEmitTokens 3HM token: idx=24 len=0 off=71 literal_run=2 writer_bytes=659
[DPFlate] handleEmitTokens 3HM token: idx=23 len=0 off=82 literal_run=3 writer_bytes=659
[DPFlate] handleEmitTokens 3HM token: idx=22 len=0 off=69 literal_run=4 writer_bytes=659
[DPFlate] handleEmitTokens 3HM token: idx=21 len=0 off=83 literal_run=5 writer_bytes=659
[DPFlate] handleEmitTokens 3HM token: idx=20 len=0 off=83 literal_run=6 writer_bytes=659
[DPFlate] handleEmitTokens 3HM token: idx=19 len=0 off=95 literal_run=7 writer_bytes=659
[DPFlate] handleEmitTokens 3HM token: idx=18 len=0 off=76 literal_run=8 writer_bytes=659
[DPFlate] handleEmitTokens 3HM token: idx=17 len=0 off=90 literal_run=9 writer_bytes=659
[DPFlate] handleEmitTokens 3HM token: idx=16 len=0 off=68 literal_run=10 writer_bytes=659
[DPFlate] handleEmitTokens 3HM token: idx=15 len=0 off=80 literal_run=11 writer_bytes=659
[DPFlate] handleEmitTokens 3HM token: idx=14 len=0 off=95 literal_run=12 writer_bytes=659
[DPFlate] handleEmitTokens 3HM token: idx=13 len=0 off=68 literal_run=13 writer_bytes=659
[DPFlate] handleEmitTokens 3HM token: idx=12 len=0 off=80 literal_run=14 writer_bytes=659
[DPFlate] handleEmitTokens 3HM token: idx=11 len=0 off=70 literal_run=15 writer_bytes=659
[DPFlate] handleEmitTokens 3HM token: idx=10 len=0 off=76 literal_run=16 writer_bytes=659
[DPFlate] handleEmitTokens 3HM token: idx=9 len=0 off=65 literal_run=17 writer_bytes=659
[DPFlate] handleEmitTokens 3HM token: idx=8 len=0 off=84 literal_run=18 writer_bytes=659
[DPFlate] handleEmitTokens 3HM token: idx=7 len=0 off=69 literal_run=19 writer_bytes=659
[DPFlate] handleEmitTokens 3HM token: idx=6 len=0 off=95 literal_run=20 writer_bytes=659
[DPFlate] handleEmitTokens 3HM token: idx=5 len=128 off=21 literal_run=21 writer_bytes=659
[DPFlate] handleEmitTokens 3HM token: idx=4 len=128 off=21 literal_run=0 writer_bytes=673
[DPFlate] handleEmitTokens 3HM done: emitted=27 writer_bytes=686
[HuffmanTree3HM] deserialize: offset_bits=12 length_bits=8 offset_chunk=8(256 symbols) length_chunk=8(256 symbols)
[HuffmanTree3HM] deserialize done: literal_tree_size=119 offset_tree_size=2559 length_tree_size=2559
[Inflate3HM] READ_HEADER: tree deserialized, offset_bits=12 length_bits=8 offset_chunk=8 length_chunk=8
[Inflate3HM] DECODE_OFFSET: offset=0 out_abs=0
[Inflate3HM] DECODE_RUN_LEN: run_len=21 out_abs=0
[Inflate3HM] DECODE_OFFSET: offset=21 out_abs=21
[Inflate3HM] DECODE_MATCH_LEN: offset=21 length=128 out_abs=21
[Inflate3HM] COPY_MATCH: offset=21 length=128 out_abs=21
[Inflate3HM] DECODE_OFFSET: offset=21 out_abs=149
[Inflate3HM] DECODE_MATCH_LEN: offset=21 length=128 out_abs=149
[Inflate3HM] COPY_MATCH: offset=21 length=128 out_abs=149
[Inflate3HM] DECODE_OFFSET: offset=21 out_abs=277
[Inflate3HM] DECODE_MATCH_LEN: offset=21 length=128 out_abs=277
[Inflate3HM] COPY_MATCH: offset=21 length=128 out_abs=277
[Inflate3HM] DECODE_OFFSET: offset=21 out_abs=405
[Inflate3HM] DECODE_MATCH_LEN: offset=21 length=128 out_abs=405
[Inflate3HM] COPY_MATCH: offset=21 length=128 out_abs=405
[Inflate3HM] DECODE_OFFSET: offset=21 out_abs=533
[Inflate3HM] DECODE_MATCH_LEN: offset=21 length=128 out_abs=533
[Inflate3HM] COPY_MATCH: offset=21 length=128 out_abs=533
[Inflate3HM] DECODE_OFFSET: offset=21 out_abs=661
[Inflate3HM] DECODE_MATCH_LEN: offset=21 length=11 out_abs=661
[Inflate3HM] COPY_MATCH: offset=21 length=11 out_abs=661
[Inflate3HM] DECODE_OFFSET: offset=2521 out_abs=672
[Inflate3HM] FLUSH: output_buf=672 flush_pos=0 out_abs=672
[Inflate3HM] DECODE_OFFSET: done, out_abs=672
