[DeflateCompressor] decompress start: compressed_size=38 use_3hfmtree=0
[DeflateCompressor] decompress standard Deflate path
[DeflateCompressor] decompress standard done: dec_size=672 success=1 done=1 bytes_consumed=37 bytes_produced=672
[DeflateCompressor] decompress start: compressed_size=643 use_3hfmtree=0
[DeflateCompressor] decompress standard Deflate path
[DeflateCompressor] decompress standard done: dec_size=384 success=1 done=1 bytes_consumed=642 bytes_produced=384
[DeflateCompressor] decompress start: compressed_size=476 use_3hfmtree=0
[DeflateCompressor] decompress standard Deflate path
[DeflateCompressor] decompress standard done: dec_size=22300 success=1 done=1 bytes_consumed=475 bytes_produced=22300
[DeflateCompressor] decompress start: compressed_size=66982 use_3hfmtree=0
[DeflateCompressor] decompress standard Deflate path
[DeflateCompressor] decompress standard done: dec_size=65536 success=1 done=1 bytes_consumed=66981 bytes_produced=65536
[DeflateCompressor] decompress start: compressed_size=724243 use_3hfmtree=0
[DeflateCompressor] decompress standard Deflate path
[DeflateCompressor] decompress standard done: dec_size=2097152 success=1 done=1 bytes_consumed=724242 bytes_produced=2097152
[DeflateCompressor] decompress start: compressed_size=38 use_3hfmtree=0
[DeflateCompressor] decompress standard Deflate path
[DeflateCompressor] decompress standard done: dec_size=672 success=1 done=1 bytes_consumed=37 bytes_produced=672
[DeflateCompressor] decompress start: compressed_size=643 use_3hfmtree=0
[DeflateCompressor] decompress standard Deflate path
[DeflateCompressor] decompress standard done: dec_size=384 success=1 done=1 bytes_consumed=642 bytes_produced=384
[DeflateCompressor] decompress start: compressed_size=476 use_3hfmtree=0
[DeflateCompressor] decompress standard Deflate path
[DeflateCompressor] decompress standard done: dec_size=22300 success=1 done=1 bytes_consumed=475 bytes_produced=22300
[DeflateCompressor] decompress start: compressed_size=66982 use_3hfmtree=0
[DeflateCompressor] decompress standard Deflate path
[DeflateCompressor] decompress standard done: dec_size=65536 success=1 done=1 bytes_consumed=66981 bytes_produced=65536
[DeflateCompressor] decompress start: compressed_size=724243 use_3hfmtree=0
[DeflateCompressor] decompress standard Deflate path
[DeflateCompressor] decompress standard done: dec_size=2097152 success=1 done=1 bytes_consumed=724242 bytes_produced=2097152
[DeflateCompressor] decompress start: compressed_size=724352 use_3hfmtree=0
[DeflateCompressor] decompress standard Deflate path
[DeflateCompressor] decompress standard done: dec_size=2097152 success=1 done=1 bytes_consumed=724351 bytes_produced=2097152
[DeflateCompressor] decompress start: compressed_size=724352 use_3hfmtree=0
[DeflateCompressor] decompress standard Deflate path
[DeflateCompressor] decompress standard done: dec_size=2097152 success=1 done=1 bytes_consumed=724351 bytes_produced=2097152
[DeflateCompressor] decompress start: compressed_size=724352 use_3hfmtree=0
[DeflateCompressor] decompress standard Deflate path
[DeflateCompressor] decompress standard done: dec_size=2097152 success=1 done=1 bytes_consumed=724351 bytes_produced=2097152
[DeflateCompressor] decompress start: compressed_size=724352 use_3hfmtree=0
[DeflateCompressor] decompress standard Deflate path
[DeflateCompressor] decompress standard done: dec_size=2097152 success=1 done=1 bytes_consumed=724351 bytes_produced=2097152
[DeflateCompressor] decompress start: compressed_size=724352 use_3hfmtree=0
[DeflateCompressor] decompress standard Deflate path
[DeflateCompressor] decompress standard done: dec_size=2097152 success=1 done=1 bytes_consumed=724351 bytes_produced=2097152
[DeflateCompressor] decompress start: compressed_size=724352 use_3hfmtree=0
[DeflateCompressor] decompress standard Deflate path
[DeflateCompressor] decompress standard done: dec_size=2097152 success=1 done=1 bytes_consumed=724351 bytes_produced=2097152
[DeflateCompressor] decompress start: compressed_size=38 use_3hfmtree=0
[DeflateCompressor] decompress standard Deflate path
[DeflateCompressor] decompress standard done: dec_size=672 success=1 done=1 bytes_consumed=37 bytes_produced=672
[DeflateCompressor] decompress start: compressed_size=643 use_3hfmtree=0
[DeflateCompressor] decompress standard Deflate path
[DeflateCompressor] decompress standard done: dec_size=384 success=1 done=1 bytes_consumed=642 bytes_produced=384
[DeflateCompressor] decompress start: compressed_size=476 use_3hfmtree=0
[DeflateCompressor] decompress standard Deflate path
[DeflateCompressor] decompress standard done: dec_size=22300 success=1 done=1 bytes_consumed=475 bytes_produced=22300
[DeflateCompressor] decompress start: compressed_size=66982 use_3hfmtree=0
[DeflateCompressor] decompress standard Deflate path
[DeflateCompressor] decompress standard done: dec_size=65536 success=1 done=1 bytes_consumed=66981 bytes_produced=65536
[DeflateCompressor] decompress start: compressed_size=724243 use_3hfmtree=0
[DeflateCompressor] decompress standard Deflate path
[DeflateCompressor] decompress standard done: dec_size=2097152 success=1 done=1 bytes_consumed=724242 bytes_produced=2097152
[DeflateCompressor] decompress start: compressed_size=646 use_3hfmtree=0
[DeflateCompressor] decompress standard Deflate path
[DeflateCompressor] decompress standard done: dec_size=65536 success=1 done=1 bytes_consumed=645 bytes_produced=65536
[DeflateCompressor] decompress start: compressed_size=1062 use_3hfmtree=0
[DeflateCompressor] decompress standard Deflate path
[DeflateCompressor] decompress standard done: dec_size=131072 success=1 done=1 bytes_consumed=210 bytes_produced=54916
[DeflateCompressor] decompress start: compressed_size=1894 use_3hfmtree=0
[DeflateCompressor] decompress standard Deflate path
[DeflateCompressor] decompress standard done: dec_size=262144 success=1 done=1 bytes_consumed=418 bytes_produced=93192
[DeflateCompressor] decompress start: compressed_size=3558 use_3hfmtree=0
[DeflateCompressor] decompress standard Deflate path
[DeflateCompressor] decompress standard done: dec_size=524288 success=1 done=1 bytes_consumed=626 bytes_produced=119824
[DeflateCompressor] decompress start: compressed_size=6886 use_3hfmtree=0
[DeflateCompressor] decompress standard Deflate path
[DeflateCompressor] decompress standard done: dec_size=1048576 success=1 done=1 bytes_consumed=3122 bytes_produced=510992
[DeflateCompressor] decompress start: compressed_size=13542 use_3hfmtree=0
[DeflateCompressor] decompress standard Deflate path
[DeflateCompressor] decompress standard done: dec_size=2097152 success=1 done=1 bytes_consumed=2914 bytes_produced=489504
[DeflateCompressor] decompress start: compressed_size=943 use_3hfmtree=0
[DeflateCompressor] decompress standard Deflate path
[DeflateCompressor] decompress non-flag Deflate path
[DeflateCompressor] decompress non-flag done: dec_size=65536 success=1 done=1
[DeflateCompressor] decompress start: compressed_size=1647 use_3hfmtree=0
[DeflateCompressor] decompress standard Deflate path
[DeflateCompressor] decompress non-flag Deflate path
[DeflateCompressor] decompress non-flag done: dec_size=131072 success=1 done=1
[DeflateCompressor] decompress start: compressed_size=3055 use_3hfmtree=0
[DeflateCompressor] decompress standard Deflate path
[DeflateCompressor] decompress non-flag Deflate path
[DeflateCompressor] decompress non-flag done: dec_size=262144 success=1 done=1
[DeflateCompressor] decompress start: compressed_size=5871 use_3hfmtree=0
[DeflateCompressor] decompress standard Deflate path
[DeflateCompressor] decompress non-flag Deflate path
[DeflateCompressor] decompress non-flag done: dec_size=524288 success=1 done=1
[DeflateCompressor] decompress start: compressed_size=11503 use_3hfmtree=0
[DeflateCompressor] decompress standard Deflate path
[DeflateCompressor] decompress non-flag Deflate path
[DeflateCompressor] decompress non-flag done: dec_size=1048576 success=1 done=1
[DeflateCompressor] decompress start: compressed_size=22767 use_3hfmtree=0
[DeflateCompressor] decompress standard Deflate path
[DeflateCompressor] decompress non-flag Deflate path
[DeflateCompressor] decompress non-flag done: dec_size=2097152 success=1 done=1
[DeflateCompressor] decompress start: compressed_size=1045 use_3hfmtree=1
[DeflateCompressor] decompress 3HfMT path: checking format byte
[DeflateCompressor] decompress 3HfMT: format_byte=0x33
[DeflateCompressor] decompress 3HfMT: calling inflate_to_end with payload_size=1044
[DeflateCompressor] decompress 3HfMT done: dec_size=65536 success=1 done=1
[DeflateCompressor] decompress start: compressed_size=1045 use_3hfmtree=1
[DeflateCompressor] decompress 3HfMT path: checking format byte
[DeflateCompressor] decompress 3HfMT: format_byte=0x33
[DeflateCompressor] decompress 3HfMT: calling inflate_to_end with payload_size=1044
[DeflateCompressor] decompress 3HfMT done: dec_size=65536 success=1 done=1
[DeflateCompressor] decompress start: compressed_size=1237 use_3hfmtree=1
[DeflateCompressor] decompress 3HfMT path: checking format byte
[DeflateCompressor] decompress 3HfMT: format_byte=0x33
[DeflateCompressor] decompress 3HfMT: calling inflate_to_end with payload_size=1236
[DeflateCompressor] decompress 3HfMT done: dec_size=131072 success=1 done=1
[DeflateCompressor] decompress start: compressed_size=1237 use_3hfmtree=1
[DeflateCompressor] decompress 3HfMT path: checking format byte
[DeflateCompressor] decompress 3HfMT: format_byte=0x33
[DeflateCompressor] decompress 3HfMT: calling inflate_to_end with payload_size=1236
[DeflateCompressor] decompress 3HfMT done: dec_size=131072 success=1 done=1
[DeflateCompressor] decompress start: compressed_size=1621 use_3hfmtree=1
[DeflateCompressor] decompress 3HfMT path: checking format byte
[DeflateCompressor] decompress 3HfMT: format_byte=0x33
[DeflateCompressor] decompress 3HfMT: calling inflate_to_end with payload_size=1620
[DeflateCompressor] decompress 3HfMT done: dec_size=262144 success=1 done=1
[DeflateCompressor] decompress start: compressed_size=1621 use_3hfmtree=1
[DeflateCompressor] decompress 3HfMT path: checking format byte
[DeflateCompressor] decompress 3HfMT: format_byte=0x33
[DeflateCompressor] decompress 3HfMT: calling inflate_to_end with payload_size=1620
[DeflateCompressor] decompress 3HfMT done: dec_size=262144 success=1 done=1
[DeflateCompressor] decompress start: compressed_size=2389 use_3hfmtree=1
[DeflateCompressor] decompress 3HfMT path: checking format byte
[DeflateCompressor] decompress 3HfMT: format_byte=0x33
[DeflateCompressor] decompress 3HfMT: calling inflate_to_end with payload_size=2388
[DeflateCompressor] decompress 3HfMT done: dec_size=524288 success=1 done=1
[DeflateCompressor] decompress start: compressed_size=2389 use_3hfmtree=1
[DeflateCompressor] decompress 3HfMT path: checking format byte
[DeflateCompressor] decompress 3HfMT: format_byte=0x33
[DeflateCompressor] decompress 3HfMT: calling inflate_to_end with payload_size=2388
[DeflateCompressor] decompress 3HfMT done: dec_size=524288 success=1 done=1
[DeflateCompressor] decompress start: compressed_size=3925 use_3hfmtree=1
[DeflateCompressor] decompress 3HfMT path: checking format byte
[DeflateCompressor] decompress 3HfMT: format_byte=0x33
[DeflateCompressor] decompress 3HfMT: calling inflate_to_end with payload_size=3924
[DeflateCompressor] decompress 3HfMT done: dec_size=1048576 success=1 done=1
[DeflateCompressor] decompress start: compressed_size=3925 use_3hfmtree=1
[DeflateCompressor] decompress 3HfMT path: checking format byte
[DeflateCompressor] decompress 3HfMT: format_byte=0x33
[DeflateCompressor] decompress 3HfMT: calling inflate_to_end with payload_size=3924
[DeflateCompressor] decompress 3HfMT done: dec_size=1048576 success=1 done=1
[DeflateCompressor] decompress start: compressed_size=6997 use_3hfmtree=1
[DeflateCompressor] decompress 3HfMT path: checking format byte
[DeflateCompressor] decompress 3HfMT: format_byte=0x33
[DeflateCompressor] decompress 3HfMT: calling inflate_to_end with payload_size=6996
[DeflateCompressor] decompress 3HfMT done: dec_size=2097152 success=1 done=1
[DeflateCompressor] decompress start: compressed_size=6997 use_3hfmtree=1
[DeflateCompressor] decompress 3HfMT path: checking format byte
[DeflateCompressor] decompress 3HfMT: format_byte=0x33
[DeflateCompressor] decompress 3HfMT: calling inflate_to_end with payload_size=6996
[DeflateCompressor] decompress 3HfMT done: dec_size=2097152 success=1 done=1
[DeflateCompressor] decompress start: compressed_size=646 use_3hfmtree=0
[DeflateCompressor] decompress standard Deflate path
[DeflateCompressor] decompress standard done: dec_size=65536 success=1 done=1 bytes_consumed=645 bytes_produced=65536
[DeflateCompressor] decompress start: compressed_size=1062 use_3hfmtree=0
[DeflateCompressor] decompress standard Deflate path
[DeflateCompressor] decompress standard done: dec_size=131072 success=1 done=1 bytes_consumed=210 bytes_produced=54916
[DeflateCompressor] decompress start: compressed_size=1894 use_3hfmtree=0
[DeflateCompressor] decompress standard Deflate path
[DeflateCompressor] decompress standard done: dec_size=262144 success=1 done=1 bytes_consumed=418 bytes_produced=93192
[DeflateCompressor] decompress start: compressed_size=3558 use_3hfmtree=0
[DeflateCompressor] decompress standard Deflate path
[DeflateCompressor] decompress standard done: dec_size=524288 success=1 done=1 bytes_consumed=626 bytes_produced=119824
[DeflateCompressor] decompress start: compressed_size=3558 use_3hfmtree=0
[DeflateCompressor] decompress standard Deflate path
[DeflateCompressor] decompress standard done: dec_size=524288 success=1 done=1 bytes_consumed=626 bytes_produced=119824
[DeflateCompressor] decompress start: compressed_size=6886 use_3hfmtree=0
[DeflateCompressor] decompress standard Deflate path
[DeflateCompressor] decompress standard done: dec_size=1048576 success=1 done=1 bytes_consumed=3122 bytes_produced=510992
[DeflateCompressor] decompress start: compressed_size=6886 use_3hfmtree=0
[DeflateCompressor] decompress standard Deflate path
[DeflateCompressor] decompress standard done: dec_size=1048576 success=1 done=1 bytes_consumed=3122 bytes_produced=510992
[DeflateCompressor] decompress start: compressed_size=13542 use_3hfmtree=0
[DeflateCompressor] decompress standard Deflate path
[DeflateCompressor] decompress standard done: dec_size=2097152 success=1 done=1 bytes_consumed=2914 bytes_produced=489504
[DeflateCompressor] decompress start: compressed_size=13542 use_3hfmtree=0
[DeflateCompressor] decompress standard Deflate path
[DeflateCompressor] decompress standard done: dec_size=2097152 success=1 done=1 bytes_consumed=2914 bytes_produced=489504
[DeflateCompressor] decompress start: compressed_size=943 use_3hfmtree=0
[DeflateCompressor] decompress standard Deflate path
[DeflateCompressor] decompress non-flag Deflate path
[DeflateCompressor] decompress non-flag done: dec_size=65536 success=1 done=1
[DeflateCompressor] decompress start: compressed_size=1647 use_3hfmtree=0
[DeflateCompressor] decompress standard Deflate path
[DeflateCompressor] decompress non-flag Deflate path
[DeflateCompressor] decompress non-flag done: dec_size=131072 success=1 done=1
[DeflateCompressor] decompress start: compressed_size=3055 use_3hfmtree=0
[DeflateCompressor] decompress standard Deflate path
[DeflateCompressor] decompress non-flag Deflate path
[DeflateCompressor] decompress non-flag done: dec_size=262144 success=1 done=1
[DeflateCompressor] decompress start: compressed_size=5871 use_3hfmtree=0
[DeflateCompressor] decompress standard Deflate path
[DeflateCompressor] decompress non-flag Deflate path
[DeflateCompressor] decompress non-flag done: dec_size=524288 success=1 done=1
[DeflateCompressor] decompress start: compressed_size=11503 use_3hfmtree=0
[DeflateCompressor] decompress standard Deflate path
[DeflateCompressor] decompress non-flag Deflate path
[DeflateCompressor] decompress non-flag done: dec_size=1048576 success=1 done=1
[DeflateCompressor] decompress start: compressed_size=22767 use_3hfmtree=0
[DeflateCompressor] decompress standard Deflate path
[DeflateCompressor] decompress non-flag Deflate path
[DeflateCompressor] decompress non-flag done: dec_size=2097152 success=1 done=1
[DeflateCompressor] decompress start: compressed_size=1045 use_3hfmtree=1
[DeflateCompressor] decompress 3HfMT path: checking format byte
[DeflateCompressor] decompress 3HfMT: format_byte=0x33
[DeflateCompressor] decompress 3HfMT: calling inflate_to_end with payload_size=1044
[DeflateCompressor] decompress 3HfMT done: dec_size=65536 success=1 done=1
[DeflateCompressor] decompress start: compressed_size=1045 use_3hfmtree=1
[DeflateCompressor] decompress 3HfMT path: checking format byte
[DeflateCompressor] decompress 3HfMT: format_byte=0x33
[DeflateCompressor] decompress 3HfMT: calling inflate_to_end with payload_size=1044
[DeflateCompressor] decompress 3HfMT done: dec_size=65536 success=1 done=1
[DeflateCompressor] decompress start: compressed_size=1237 use_3hfmtree=1
[DeflateCompressor] decompress 3HfMT path: checking format byte
[DeflateCompressor] decompress 3HfMT: format_byte=0x33
[DeflateCompressor] decompress 3HfMT: calling inflate_to_end with payload_size=1236
[DeflateCompressor] decompress 3HfMT done: dec_size=131072 success=1 done=1
[DeflateCompressor] decompress start: compressed_size=1237 use_3hfmtree=1
[DeflateCompressor] decompress 3HfMT path: checking format byte
[DeflateCompressor] decompress 3HfMT: format_byte=0x33
[DeflateCompressor] decompress 3HfMT: calling inflate_to_end with payload_size=1236
[DeflateCompressor] decompress 3HfMT done: dec_size=131072 success=1 done=1
[DeflateCompressor] decompress start: compressed_size=1621 use_3hfmtree=1
[DeflateCompressor] decompress 3HfMT path: checking format byte
[DeflateCompressor] decompress 3HfMT: format_byte=0x33
[DeflateCompressor] decompress 3HfMT: calling inflate_to_end with payload_size=1620
[DeflateCompressor] decompress 3HfMT done: dec_size=262144 success=1 done=1
[DeflateCompressor] decompress start: compressed_size=1621 use_3hfmtree=1
[DeflateCompressor] decompress 3HfMT path: checking format byte
[DeflateCompressor] decompress 3HfMT: format_byte=0x33
[DeflateCompressor] decompress 3HfMT: calling inflate_to_end with payload_size=1620
[DeflateCompressor] decompress 3HfMT done: dec_size=262144 success=1 done=1
[DeflateCompressor] decompress start: compressed_size=2389 use_3hfmtree=1
[DeflateCompressor] decompress 3HfMT path: checking format byte
[DeflateCompressor] decompress 3HfMT: format_byte=0x33
[DeflateCompressor] decompress 3HfMT: calling inflate_to_end with payload_size=2388
[DeflateCompressor] decompress 3HfMT done: dec_size=524288 success=1 done=1
[DeflateCompressor] decompress start: compressed_size=2389 use_3hfmtree=1
[DeflateCompressor] decompress 3HfMT path: checking format byte
[DeflateCompressor] decompress 3HfMT: format_byte=0x33
[DeflateCompressor] decompress 3HfMT: calling inflate_to_end with payload_size=2388
[DeflateCompressor] decompress 3HfMT done: dec_size=524288 success=1 done=1
[DeflateCompressor] decompress start: compressed_size=3925 use_3hfmtree=1
[DeflateCompressor] decompress 3HfMT path: checking format byte
[DeflateCompressor] decompress 3HfMT: format_byte=0x33
[DeflateCompressor] decompress 3HfMT: calling inflate_to_end with payload_size=3924
[DeflateCompressor] decompress 3HfMT done: dec_size=1048576 success=1 done=1
[DeflateCompressor] decompress start: compressed_size=3925 use_3hfmtree=1
[DeflateCompressor] decompress 3HfMT path: checking format byte
[DeflateCompressor] decompress 3HfMT: format_byte=0x33
[DeflateCompressor] decompress 3HfMT: calling inflate_to_end with payload_size=3924
[DeflateCompressor] decompress 3HfMT done: dec_size=1048576 success=1 done=1
[DeflateCompressor] decompress start: compressed_size=6997 use_3hfmtree=1
[DeflateCompressor] decompress 3HfMT path: checking format byte
[DeflateCompressor] decompress 3HfMT: format_byte=0x33
[DeflateCompressor] decompress 3HfMT: calling inflate_to_end with payload_size=6996
[DeflateCompressor] decompress 3HfMT done: dec_size=2097152 success=1 done=1
[DeflateCompressor] decompress start: compressed_size=6997 use_3hfmtree=1
[DeflateCompressor] decompress 3HfMT path: checking format byte
[DeflateCompressor] decompress 3HfMT: format_byte=0x33
[DeflateCompressor] decompress 3HfMT: calling inflate_to_end with payload_size=6996
[DeflateCompressor] decompress 3HfMT done: dec_size=2097152 success=1 done=1
[DeflateCompressor] decompress start: compressed_size=646 use_3hfmtree=0
[DeflateCompressor] decompress standard Deflate path
[DeflateCompressor] decompress standard done: dec_size=65536 success=1 done=1 bytes_consumed=645 bytes_produced=65536
[DeflateCompressor] decompress start: compressed_size=1062 use_3hfmtree=0
[DeflateCompressor] decompress standard Deflate path
[DeflateCompressor] decompress standard done: dec_size=131072 success=1 done=1 bytes_consumed=210 bytes_produced=54916
[DeflateCompressor] decompress start: compressed_size=1894 use_3hfmtree=0
[DeflateCompressor] decompress standard Deflate path
[DeflateCompressor] decompress standard done: dec_size=262144 success=1 done=1 bytes_consumed=418 bytes_produced=93192
[DeflateCompressor] decompress start: compressed_size=3558 use_3hfmtree=0
[DeflateCompressor] decompress standard Deflate path
[DeflateCompressor] decompress standard done: dec_size=524288 success=1 done=1 bytes_consumed=626 bytes_produced=119824
[DeflateCompressor] decompress start: compressed_size=3558 use_3hfmtree=0
[DeflateCompressor] decompress standard Deflate path
[DeflateCompressor] decompress standard done: dec_size=524288 success=1 done=1 bytes_consumed=626 bytes_produced=119824
[DeflateCompressor] decompress start: compressed_size=6886 use_3hfmtree=0
[DeflateCompressor] decompress standard Deflate path
[DeflateCompressor] decompress standard done: dec_size=1048576 success=1 done=1 bytes_consumed=3122 bytes_produced=510992
[DeflateCompressor] decompress start: compressed_size=6886 use_3hfmtree=0
[DeflateCompressor] decompress standard Deflate path
[DeflateCompressor] decompress standard done: dec_size=1048576 success=1 done=1 bytes_consumed=3122 bytes_produced=510992
[DeflateCompressor] decompress start: compressed_size=13542 use_3hfmtree=0
[DeflateCompressor] decompress standard Deflate path
[DeflateCompressor] decompress standard done: dec_size=2097152 success=1 done=1 bytes_consumed=2914 bytes_produced=489504
[DeflateCompressor] decompress start: compressed_size=13542 use_3hfmtree=0
[DeflateCompressor] decompress standard Deflate path
[DeflateCompressor] decompress standard done: dec_size=2097152 success=1 done=1 bytes_consumed=2914 bytes_produced=489504
[DeflateCompressor] decompress start: compressed_size=943 use_3hfmtree=0
[DeflateCompressor] decompress standard Deflate path
[DeflateCompressor] decompress non-flag Deflate path
[DeflateCompressor] decompress non-flag done: dec_size=65536 success=1 done=1
[DeflateCompressor] decompress start: compressed_size=1647 use_3hfmtree=0
[DeflateCompressor] decompress standard Deflate path
[DeflateCompressor] decompress non-flag Deflate path
[DeflateCompressor] decompress non-flag done: dec_size=131072 success=1 done=1
[DeflateCompressor] decompress start: compressed_size=3055 use_3hfmtree=0
[DeflateCompressor] decompress standard Deflate path
[DeflateCompressor] decompress non-flag Deflate path
[DeflateCompressor] decompress non-flag done: dec_size=262144 success=1 done=1
[DeflateCompressor] decompress start: compressed_size=5871 use_3hfmtree=0
[DeflateCompressor] decompress standard Deflate path
[DeflateCompressor] decompress non-flag Deflate path
[DeflateCompressor] decompress non-flag done: dec_size=524288 success=1 done=1
[DeflateCompressor] decompress start: compressed_size=11503 use_3hfmtree=0
[DeflateCompressor] decompress standard Deflate path
[DeflateCompressor] decompress non-flag Deflate path
[DeflateCompressor] decompress non-flag done: dec_size=1048576 success=1 done=1
[DeflateCompressor] decompress start: compressed_size=22767 use_3hfmtree=0
[DeflateCompressor] decompress standard Deflate path
[DeflateCompressor] decompress non-flag Deflate path
[DeflateCompressor] decompress non-flag done: dec_size=2097152 success=1 done=1
[DeflateCompressor] decompress start: compressed_size=1045 use_3hfmtree=1
[DeflateCompressor] decompress 3HfMT path: checking format byte
[DeflateCompressor] decompress 3HfMT: format_byte=0x33
[DeflateCompressor] decompress 3HfMT: calling inflate_to_end with payload_size=1044
[DeflateCompressor] decompress 3HfMT done: dec_size=65536 success=1 done=1
[DeflateCompressor] decompress start: compressed_size=1045 use_3hfmtree=1
[DeflateCompressor] decompress 3HfMT path: checking format byte
[DeflateCompressor] decompress 3HfMT: format_byte=0x33
[DeflateCompressor] decompress 3HfMT: calling inflate_to_end with payload_size=1044
[DeflateCompressor] decompress 3HfMT done: dec_size=65536 success=1 done=1
[DeflateCompressor] decompress start: compressed_size=1237 use_3hfmtree=1
[DeflateCompressor] decompress 3HfMT path: checking format byte
[DeflateCompressor] decompress 3HfMT: format_byte=0x33
[DeflateCompressor] decompress 3HfMT: calling inflate_to_end with payload_size=1236
[DeflateCompressor] decompress 3HfMT done: dec_size=131072 success=1 done=1
[DeflateCompressor] decompress start: compressed_size=1237 use_3hfmtree=1
[DeflateCompressor] decompress 3HfMT path: checking format byte
[DeflateCompressor] decompress 3HfMT: format_byte=0x33
[DeflateCompressor] decompress 3HfMT: calling inflate_to_end with payload_size=1236
[DeflateCompressor] decompress 3HfMT done: dec_size=131072 success=1 done=1
[DeflateCompressor] decompress start: compressed_size=1621 use_3hfmtree=1
[DeflateCompressor] decompress 3HfMT path: checking format byte
[DeflateCompressor] decompress 3HfMT: format_byte=0x33
[DeflateCompressor] decompress 3HfMT: calling inflate_to_end with payload_size=1620
[DeflateCompressor] decompress 3HfMT done: dec_size=262144 success=1 done=1
[DeflateCompressor] decompress start: compressed_size=1621 use_3hfmtree=1
[DeflateCompressor] decompress 3HfMT path: checking format byte
[DeflateCompressor] decompress 3HfMT: format_byte=0x33
[DeflateCompressor] decompress 3HfMT: calling inflate_to_end with payload_size=1620
[DeflateCompressor] decompress 3HfMT done: dec_size=262144 success=1 done=1
[DeflateCompressor] decompress start: compressed_size=2389 use_3hfmtree=1
[DeflateCompressor] decompress 3HfMT path: checking format byte
[DeflateCompressor] decompress 3HfMT: format_byte=0x33
[DeflateCompressor] decompress 3HfMT: calling inflate_to_end with payload_size=2388
[DeflateCompressor] decompress 3HfMT done: dec_size=524288 success=1 done=1
[DeflateCompressor] decompress start: compressed_size=2389 use_3hfmtree=1
[DeflateCompressor] decompress 3HfMT path: checking format byte
[DeflateCompressor] decompress 3HfMT: format_byte=0x33
[DeflateCompressor] decompress 3HfMT: calling inflate_to_end with payload_size=2388
[DeflateCompressor] decompress 3HfMT done: dec_size=524288 success=1 done=1
[DeflateCompressor] decompress start: compressed_size=3925 use_3hfmtree=1
[DeflateCompressor] decompress 3HfMT path: checking format byte
[DeflateCompressor] decompress 3HfMT: format_byte=0x33
[DeflateCompressor] decompress 3HfMT: calling inflate_to_end with payload_size=3924
[DeflateCompressor] decompress 3HfMT done: dec_size=1048576 success=1 done=1
[DeflateCompressor] decompress start: compressed_size=3925 use_3hfmtree=1
[DeflateCompressor] decompress 3HfMT path: checking format byte
[DeflateCompressor] decompress 3HfMT: format_byte=0x33
[DeflateCompressor] decompress 3HfMT: calling inflate_to_end with payload_size=3924
[DeflateCompressor] decompress 3HfMT done: dec_size=1048576 success=1 done=1
[DeflateCompressor] decompress start: compressed_size=6997 use_3hfmtree=1
[DeflateCompressor] decompress 3HfMT path: checking format byte
[DeflateCompressor] decompress 3HfMT: format_byte=0x33
[DeflateCompressor] decompress 3HfMT: calling inflate_to_end with payload_size=6996
[DeflateCompressor] decompress 3HfMT done: dec_size=2097152 success=1 done=1
[DeflateCompressor] decompress start: compressed_size=6997 use_3hfmtree=1
[DeflateCompressor] decompress 3HfMT path: checking format byte
[DeflateCompressor] decompress 3HfMT: format_byte=0x33
[DeflateCompressor] decompress 3HfMT: calling inflate_to_end with payload_size=6996
[DeflateCompressor] decompress 3HfMT done: dec_size=2097152 success=1 done=1
[DeflateCompressor] decompress start: compressed_size=646 use_3hfmtree=0
[DeflateCompressor] decompress standard Deflate path
[DeflateCompressor] decompress standard done: dec_size=65536 success=1 done=1 bytes_consumed=645 bytes_produced=65536
[DeflateCompressor] decompress start: compressed_size=1062 use_3hfmtree=0
[DeflateCompressor] decompress standard Deflate path
[DeflateCompressor] decompress standard done: dec_size=131072 success=1 done=1 bytes_consumed=210 bytes_produced=54916
[DeflateCompressor] decompress start: compressed_size=1894 use_3hfmtree=0
[DeflateCompressor] decompress standard Deflate path
[DeflateCompressor] decompress standard done: dec_size=262144 success=1 done=1 bytes_consumed=418 bytes_produced=93192
[DeflateCompressor] decompress start: compressed_size=3558 use_3hfmtree=0
[DeflateCompressor] decompress standard Deflate path
[DeflateCompressor] decompress standard done: dec_size=524288 success=1 done=1 bytes_consumed=626 bytes_produced=119824
[DeflateCompressor] decompress start: compressed_size=3558 use_3hfmtree=0
[DeflateCompressor] decompress standard Deflate path
[DeflateCompressor] decompress standard done: dec_size=524288 success=1 done=1 bytes_consumed=626 bytes_produced=119824
[DeflateCompressor] decompress start: compressed_size=6886 use_3hfmtree=0
[DeflateCompressor] decompress standard Deflate path
[DeflateCompressor] decompress standard done: dec_size=1048576 success=1 done=1 bytes_consumed=3122 bytes_produced=510992
[DeflateCompressor] decompress start: compressed_size=6886 use_3hfmtree=0
[DeflateCompressor] decompress standard Deflate path
[DeflateCompressor] decompress standard done: dec_size=1048576 success=1 done=1 bytes_consumed=3122 bytes_produced=510992
[DeflateCompressor] decompress start: compressed_size=13542 use_3hfmtree=0
[DeflateCompressor] decompress standard Deflate path
[DeflateCompressor] decompress standard done: dec_size=2097152 success=1 done=1 bytes_consumed=2914 bytes_produced=489504
[DeflateCompressor] decompress start: compressed_size=13542 use_3hfmtree=0
[DeflateCompressor] decompress standard Deflate path
[DeflateCompressor] decompress standard done: dec_size=2097152 success=1 done=1 bytes_consumed=2914 bytes_produced=489504
[DeflateCompressor] decompress start: compressed_size=943 use_3hfmtree=0
[DeflateCompressor] decompress standard Deflate path
[DeflateCompressor] decompress non-flag Deflate path
[DeflateCompressor] decompress non-flag done: dec_size=65536 success=1 done=1
[DeflateCompressor] decompress start: compressed_size=1647 use_3hfmtree=0
[DeflateCompressor] decompress standard Deflate path
[DeflateCompressor] decompress non-flag Deflate path
[DeflateCompressor] decompress non-flag done: dec_size=131072 success=1 done=1
[DeflateCompressor] decompress start: compressed_size=3055 use_3hfmtree=0
[DeflateCompressor] decompress standard Deflate path
[DeflateCompressor] decompress non-flag Deflate path
[DeflateCompressor] decompress non-flag done: dec_size=262144 success=1 done=1
[DeflateCompressor] decompress start: compressed_size=5871 use_3hfmtree=0
[DeflateCompressor] decompress standard Deflate path
[DeflateCompressor] decompress non-flag Deflate path
[DeflateCompressor] decompress non-flag done: dec_size=524288 success=1 done=1
[DeflateCompressor] decompress start: compressed_size=11503 use_3hfmtree=0
[DeflateCompressor] decompress standard Deflate path
[DeflateCompressor] decompress non-flag Deflate path
[DeflateCompressor] decompress non-flag done: dec_size=1048576 success=1 done=1
[DeflateCompressor] decompress start: compressed_size=22767 use_3hfmtree=0
[DeflateCompressor] decompress standard Deflate path
[DeflateCompressor] decompress non-flag Deflate path
[DeflateCompressor] decompress non-flag done: dec_size=2097152 success=1 done=1
[DeflateCompressor] decompress start: compressed_size=1045 use_3hfmtree=1
[DeflateCompressor] decompress 3HfMT path: checking format byte
[DeflateCompressor] decompress 3HfMT: format_byte=0x33
[DeflateCompressor] decompress 3HfMT: calling inflate_to_end with payload_size=1044
[DeflateCompressor] decompress 3HfMT done: dec_size=65536 success=1 done=1
[DeflateCompressor] decompress start: compressed_size=1045 use_3hfmtree=1
[DeflateCompressor] decompress 3HfMT path: checking format byte
[DeflateCompressor] decompress 3HfMT: format_byte=0x33
[DeflateCompressor] decompress 3HfMT: calling inflate_to_end with payload_size=1044
[DeflateCompressor] decompress 3HfMT done: dec_size=65536 success=1 done=1
[DeflateCompressor] decompress start: compressed_size=1237 use_3hfmtree=1
[DeflateCompressor] decompress 3HfMT path: checking format byte
[DeflateCompressor] decompress 3HfMT: format_byte=0x33
[DeflateCompressor] decompress 3HfMT: calling inflate_to_end with payload_size=1236
[DeflateCompressor] decompress 3HfMT done: dec_size=131072 success=1 done=1
[DeflateCompressor] decompress start: compressed_size=1237 use_3hfmtree=1
[DeflateCompressor] decompress 3HfMT path: checking format byte
[DeflateCompressor] decompress 3HfMT: format_byte=0x33
[DeflateCompressor] decompress 3HfMT: calling inflate_to_end with payload_size=1236
[DeflateCompressor] decompress 3HfMT done: dec_size=131072 success=1 done=1
[DeflateCompressor] decompress start: compressed_size=1621 use_3hfmtree=1
[DeflateCompressor] decompress 3HfMT path: checking format byte
[DeflateCompressor] decompress 3HfMT: format_byte=0x33
[DeflateCompressor] decompress 3HfMT: calling inflate_to_end with payload_size=1620
[DeflateCompressor] decompress 3HfMT done: dec_size=262144 success=1 done=1
[DeflateCompressor] decompress start: compressed_size=1621 use_3hfmtree=1
[DeflateCompressor] decompress 3HfMT path: checking format byte
[DeflateCompressor] decompress 3HfMT: format_byte=0x33
[DeflateCompressor] decompress 3HfMT: calling inflate_to_end with payload_size=1620
[DeflateCompressor] decompress 3HfMT done: dec_size=262144 success=1 done=1
[DeflateCompressor] decompress start: compressed_size=2389 use_3hfmtree=1
[DeflateCompressor] decompress 3HfMT path: checking format byte
[DeflateCompressor] decompress 3HfMT: format_byte=0x33
[DeflateCompressor] decompress 3HfMT: calling inflate_to_end with payload_size=2388
[DeflateCompressor] decompress 3HfMT done: dec_size=524288 success=1 done=1
[DeflateCompressor] decompress start: compressed_size=2389 use_3hfmtree=1
[DeflateCompressor] decompress 3HfMT path: checking format byte
[DeflateCompressor] decompress 3HfMT: format_byte=0x33
[DeflateCompressor] decompress 3HfMT: calling inflate_to_end with payload_size=2388
[DeflateCompressor] decompress 3HfMT done: dec_size=524288 success=1 done=1
[DeflateCompressor] decompress start: compressed_size=3925 use_3hfmtree=1
[DeflateCompressor] decompress 3HfMT path: checking format byte
[DeflateCompressor] decompress 3HfMT: format_byte=0x33
[DeflateCompressor] decompress 3HfMT: calling inflate_to_end with payload_size=3924
[DeflateCompressor] decompress 3HfMT done: dec_size=1048576 success=1 done=1
[DeflateCompressor] decompress start: compressed_size=3925 use_3hfmtree=1
[DeflateCompressor] decompress 3HfMT path: checking format byte
[DeflateCompressor] decompress 3HfMT: format_byte=0x33
[DeflateCompressor] decompress 3HfMT: calling inflate_to_end with payload_size=3924
[DeflateCompressor] decompress 3HfMT done: dec_size=1048576 success=1 done=1
[DeflateCompressor] decompress start: compressed_size=6997 use_3hfmtree=1
[DeflateCompressor] decompress 3HfMT path: checking format byte
[DeflateCompressor] decompress 3HfMT: format_byte=0x33
[DeflateCompressor] decompress 3HfMT: calling inflate_to_end with payload_size=6996
[DeflateCompressor] decompress 3HfMT done: dec_size=2097152 success=1 done=1
[DeflateCompressor] decompress start: compressed_size=6997 use_3hfmtree=1
[DeflateCompressor] decompress 3HfMT path: checking format byte
[DeflateCompressor] decompress 3HfMT: format_byte=0x33
[DeflateCompressor] decompress 3HfMT: calling inflate_to_end with payload_size=6996
[DeflateCompressor] decompress 3HfMT done: dec_size=2097152 success=1 done=1
[DeflateCompressor] decompress start: compressed_size=646 use_3hfmtree=0
[DeflateCompressor] decompress standard Deflate path
[DeflateCompressor] decompress standard done: dec_size=65536 success=1 done=1 bytes_consumed=645 bytes_produced=65536
[DeflateCompressor] decompress start: compressed_size=1062 use_3hfmtree=0
[DeflateCompressor] decompress standard Deflate path
[DeflateCompressor] decompress standard done: dec_size=131072 success=1 done=1 bytes_consumed=210 bytes_produced=54916
[DeflateCompressor] decompress start: compressed_size=1894 use_3hfmtree=0
[DeflateCompressor] decompress standard Deflate path
[DeflateCompressor] decompress standard done: dec_size=262144 success=1 done=1 bytes_consumed=418 bytes_produced=93192
[DeflateCompressor] decompress start: compressed_size=3558 use_3hfmtree=0
[DeflateCompressor] decompress standard Deflate path
[DeflateCompressor] decompress standard done: dec_size=524288 success=1 done=1 bytes_consumed=626 bytes_produced=119824
[DeflateCompressor] decompress start: compressed_size=3558 use_3hfmtree=0
[DeflateCompressor] decompress standard Deflate path
[DeflateCompressor] decompress standard done: dec_size=524288 success=1 done=1 bytes_consumed=626 bytes_produced=119824
[DeflateCompressor] decompress start: compressed_size=6886 use_3hfmtree=0
[DeflateCompressor] decompress standard Deflate path
[DeflateCompressor] decompress standard done: dec_size=1048576 success=1 done=1 bytes_consumed=3122 bytes_produced=510992
[DeflateCompressor] decompress start: compressed_size=6886 use_3hfmtree=0
[DeflateCompressor] decompress standard Deflate path
[DeflateCompressor] decompress standard done: dec_size=1048576 success=1 done=1 bytes_consumed=3122 bytes_produced=510992
[DeflateCompressor] decompress start: compressed_size=13542 use_3hfmtree=0
[DeflateCompressor] decompress standard Deflate path
[DeflateCompressor] decompress standard done: dec_size=2097152 success=1 done=1 bytes_consumed=2914 bytes_produced=489504
[DeflateCompressor] decompress start: compressed_size=13542 use_3hfmtree=0
[DeflateCompressor] decompress standard Deflate path
[DeflateCompressor] decompress standard done: dec_size=2097152 success=1 done=1 bytes_consumed=2914 bytes_produced=489504
[DeflateCompressor] decompress start: compressed_size=943 use_3hfmtree=0
[DeflateCompressor] decompress standard Deflate path
[DeflateCompressor] decompress non-flag Deflate path
[DeflateCompressor] decompress non-flag done: dec_size=65536 success=1 done=1
[DeflateCompressor] decompress start: compressed_size=1647 use_3hfmtree=0
[DeflateCompressor] decompress standard Deflate path
[DeflateCompressor] decompress non-flag Deflate path
[DeflateCompressor] decompress non-flag done: dec_size=131072 success=1 done=1
[DeflateCompressor] decompress start: compressed_size=3055 use_3hfmtree=0
[DeflateCompressor] decompress standard Deflate path
[DeflateCompressor] decompress non-flag Deflate path
[DeflateCompressor] decompress non-flag done: dec_size=262144 success=1 done=1
[DeflateCompressor] decompress start: compressed_size=5871 use_3hfmtree=0
[DeflateCompressor] decompress standard Deflate path
[DeflateCompressor] decompress non-flag Deflate path
[DeflateCompressor] decompress non-flag done: dec_size=524288 success=1 done=1
[DeflateCompressor] decompress start: compressed_size=11503 use_3hfmtree=0
[DeflateCompressor] decompress standard Deflate path
[DeflateCompressor] decompress non-flag Deflate path
[DeflateCompressor] decompress non-flag done: dec_size=1048576 success=1 done=1
[DeflateCompressor] decompress start: compressed_size=22767 use_3hfmtree=0
[DeflateCompressor] decompress standard Deflate path
[DeflateCompressor] decompress non-flag Deflate path
[DeflateCompressor] decompress non-flag done: dec_size=2097152 success=1 done=1
[DeflateCompressor] decompress start: compressed_size=1045 use_3hfmtree=1
[DeflateCompressor] decompress 3HfMT path: checking format byte
[DeflateCompressor] decompress 3HfMT: format_byte=0x33
[DeflateCompressor] decompress 3HfMT: calling inflate_to_end with payload_size=1044
[DeflateCompressor] decompress 3HfMT done: dec_size=65536 success=1 done=1
[DeflateCompressor] decompress start: compressed_size=1045 use_3hfmtree=1
[DeflateCompressor] decompress 3HfMT path: checking format byte
[DeflateCompressor] decompress 3HfMT: format_byte=0x33
[DeflateCompressor] decompress 3HfMT: calling inflate_to_end with payload_size=1044
[DeflateCompressor] decompress 3HfMT done: dec_size=65536 success=1 done=1
[DeflateCompressor] decompress start: compressed_size=1237 use_3hfmtree=1
[DeflateCompressor] decompress 3HfMT path: checking format byte
[DeflateCompressor] decompress 3HfMT: format_byte=0x33
[DeflateCompressor] decompress 3HfMT: calling inflate_to_end with payload_size=1236
[DeflateCompressor] decompress 3HfMT done: dec_size=131072 success=1 done=1
[DeflateCompressor] decompress start: compressed_size=1237 use_3hfmtree=1
[DeflateCompressor] decompress 3HfMT path: checking format byte
[DeflateCompressor] decompress 3HfMT: format_byte=0x33
[DeflateCompressor] decompress 3HfMT: calling inflate_to_end with payload_size=1236
[DeflateCompressor] decompress 3HfMT done: dec_size=131072 success=1 done=1
[DeflateCompressor] decompress start: compressed_size=1621 use_3hfmtree=1
[DeflateCompressor] decompress 3HfMT path: checking format byte
[DeflateCompressor] decompress 3HfMT: format_byte=0x33
[DeflateCompressor] decompress 3HfMT: calling inflate_to_end with payload_size=1620
[DeflateCompressor] decompress 3HfMT done: dec_size=262144 success=1 done=1
[DeflateCompressor] decompress start: compressed_size=1621 use_3hfmtree=1
[DeflateCompressor] decompress 3HfMT path: checking format byte
[DeflateCompressor] decompress 3HfMT: format_byte=0x33
[DeflateCompressor] decompress 3HfMT: calling inflate_to_end with payload_size=1620
[DeflateCompressor] decompress 3HfMT done: dec_size=262144 success=1 done=1
[DeflateCompressor] decompress start: compressed_size=2389 use_3hfmtree=1
[DeflateCompressor] decompress 3HfMT path: checking format byte
[DeflateCompressor] decompress 3HfMT: format_byte=0x33
[DeflateCompressor] decompress 3HfMT: calling inflate_to_end with payload_size=2388
[DeflateCompressor] decompress 3HfMT done: dec_size=524288 success=1 done=1
[DeflateCompressor] decompress start: compressed_size=2389 use_3hfmtree=1
[DeflateCompressor] decompress 3HfMT path: checking format byte
[DeflateCompressor] decompress 3HfMT: format_byte=0x33
[DeflateCompressor] decompress 3HfMT: calling inflate_to_end with payload_size=2388
[DeflateCompressor] decompress 3HfMT done: dec_size=524288 success=1 done=1
[DeflateCompressor] decompress start: compressed_size=3925 use_3hfmtree=1
[DeflateCompressor] decompress 3HfMT path: checking format byte
[DeflateCompressor] decompress 3HfMT: format_byte=0x33
[DeflateCompressor] decompress 3HfMT: calling inflate_to_end with payload_size=3924
[DeflateCompressor] decompress 3HfMT done: dec_size=1048576 success=1 done=1
[DeflateCompressor] decompress start: compressed_size=3925 use_3hfmtree=1
[DeflateCompressor] decompress 3HfMT path: checking format byte
[DeflateCompressor] decompress 3HfMT: format_byte=0x33
[DeflateCompressor] decompress 3HfMT: calling inflate_to_end with payload_size=3924
[DeflateCompressor] decompress 3HfMT done: dec_size=1048576 success=1 done=1
[DeflateCompressor] decompress start: compressed_size=6997 use_3hfmtree=1
[DeflateCompressor] decompress 3HfMT path: checking format byte
[DeflateCompressor] decompress 3HfMT: format_byte=0x33
[DeflateCompressor] decompress 3HfMT: calling inflate_to_end with payload_size=6996
[DeflateCompressor] decompress 3HfMT done: dec_size=2097152 success=1 done=1
[DeflateCompressor] decompress start: compressed_size=6997 use_3hfmtree=1
[DeflateCompressor] decompress 3HfMT path: checking format byte
[DeflateCompressor] decompress 3HfMT: format_byte=0x33
[DeflateCompressor] decompress 3HfMT: calling inflate_to_end with payload_size=6996
[DeflateCompressor] decompress 3HfMT done: dec_size=2097152 success=1 done=1
[DeflateCompressor] decompress start: compressed_size=646 use_3hfmtree=0
[DeflateCompressor] decompress standard Deflate path
[DeflateCompressor] decompress standard done: dec_size=65536 success=1 done=1 bytes_consumed=645 bytes_produced=65536
[DeflateCompressor] decompress start: compressed_size=1062 use_3hfmtree=0
[DeflateCompressor] decompress standard Deflate path
[DeflateCompressor] decompress standard done: dec_size=131072 success=1 done=1 bytes_consumed=210 bytes_produced=54916
[DeflateCompressor] decompress start: compressed_size=1894 use_3hfmtree=0
[DeflateCompressor] decompress standard Deflate path
[DeflateCompressor] decompress standard done: dec_size=262144 success=1 done=1 bytes_consumed=418 bytes_produced=93192
[DeflateCompressor] decompress start: compressed_size=3558 use_3hfmtree=0
[DeflateCompressor] decompress standard Deflate path
[DeflateCompressor] decompress standard done: dec_size=524288 success=1 done=1 bytes_consumed=626 bytes_produced=119824
[DeflateCompressor] decompress start: compressed_size=3558 use_3hfmtree=0
[DeflateCompressor] decompress standard Deflate path
[DeflateCompressor] decompress standard done: dec_size=524288 success=1 done=1 bytes_consumed=626 bytes_produced=119824
[DeflateCompressor] decompress start: compressed_size=6886 use_3hfmtree=0
[DeflateCompressor] decompress standard Deflate path
[DeflateCompressor] decompress standard done: dec_size=1048576 success=1 done=1 bytes_consumed=3122 bytes_produced=510992
[DeflateCompressor] decompress start: compressed_size=6886 use_3hfmtree=0
[DeflateCompressor] decompress standard Deflate path
[DeflateCompressor] decompress standard done: dec_size=1048576 success=1 done=1 bytes_consumed=3122 bytes_produced=510992
[DeflateCompressor] decompress start: compressed_size=13542 use_3hfmtree=0
[DeflateCompressor] decompress standard Deflate path
[DeflateCompressor] decompress standard done: dec_size=2097152 success=1 done=1 bytes_consumed=2914 bytes_produced=489504
[DeflateCompressor] decompress start: compressed_size=13542 use_3hfmtree=0
[DeflateCompressor] decompress standard Deflate path
[DeflateCompressor] decompress standard done: dec_size=2097152 success=1 done=1 bytes_consumed=2914 bytes_produced=489504
[DeflateCompressor] decompress start: compressed_size=943 use_3hfmtree=0
[DeflateCompressor] decompress standard Deflate path
[DeflateCompressor] decompress non-flag Deflate path
[DeflateCompressor] decompress non-flag done: dec_size=65536 success=1 done=1
[DeflateCompressor] decompress start: compressed_size=1647 use_3hfmtree=0
[DeflateCompressor] decompress standard Deflate path
[DeflateCompressor] decompress non-flag Deflate path
[DeflateCompressor] decompress non-flag done: dec_size=131072 success=1 done=1
[DeflateCompressor] decompress start: compressed_size=3055 use_3hfmtree=0
[DeflateCompressor] decompress standard Deflate path
[DeflateCompressor] decompress non-flag Deflate path
[DeflateCompressor] decompress non-flag done: dec_size=262144 success=1 done=1
[DeflateCompressor] decompress start: compressed_size=5871 use_3hfmtree=0
[DeflateCompressor] decompress standard Deflate path
[DeflateCompressor] decompress non-flag Deflate path
[DeflateCompressor] decompress non-flag done: dec_size=524288 success=1 done=1
[DeflateCompressor] decompress start: compressed_size=11503 use_3hfmtree=0
[DeflateCompressor] decompress standard Deflate path
[DeflateCompressor] decompress non-flag Deflate path
[DeflateCompressor] decompress non-flag done: dec_size=1048576 success=1 done=1
[DeflateCompressor] decompress start: compressed_size=22767 use_3hfmtree=0
[DeflateCompressor] decompress standard Deflate path
[DeflateCompressor] decompress non-flag Deflate path
[DeflateCompressor] decompress non-flag done: dec_size=2097152 success=1 done=1
[DeflateCompressor] decompress start: compressed_size=1045 use_3hfmtree=1
[DeflateCompressor] decompress 3HfMT path: checking format byte
[DeflateCompressor] decompress 3HfMT: format_byte=0x33
[DeflateCompressor] decompress 3HfMT: calling inflate_to_end with payload_size=1044
[DeflateCompressor] decompress 3HfMT done: dec_size=65536 success=1 done=1
[DeflateCompressor] decompress start: compressed_size=1045 use_3hfmtree=1
[DeflateCompressor] decompress 3HfMT path: checking format byte
[DeflateCompressor] decompress 3HfMT: format_byte=0x33
[DeflateCompressor] decompress 3HfMT: calling inflate_to_end with payload_size=1044
[DeflateCompressor] decompress 3HfMT done: dec_size=65536 success=1 done=1
[DeflateCompressor] decompress start: compressed_size=1237 use_3hfmtree=1
[DeflateCompressor] decompress 3HfMT path: checking format byte
[DeflateCompressor] decompress 3HfMT: format_byte=0x33
[DeflateCompressor] decompress 3HfMT: calling inflate_to_end with payload_size=1236
[DeflateCompressor] decompress 3HfMT done: dec_size=131072 success=1 done=1
[DeflateCompressor] decompress start: compressed_size=1237 use_3hfmtree=1
[DeflateCompressor] decompress 3HfMT path: checking format byte
[DeflateCompressor] decompress 3HfMT: format_byte=0x33
[DeflateCompressor] decompress 3HfMT: calling inflate_to_end with payload_size=1236
[DeflateCompressor] decompress 3HfMT done: dec_size=131072 success=1 done=1
[DeflateCompressor] decompress start: compressed_size=1621 use_3hfmtree=1
[DeflateCompressor] decompress 3HfMT path: checking format byte
[DeflateCompressor] decompress 3HfMT: format_byte=0x33
[DeflateCompressor] decompress 3HfMT: calling inflate_to_end with payload_size=1620
[DeflateCompressor] decompress 3HfMT done: dec_size=262144 success=1 done=1
[DeflateCompressor] decompress start: compressed_size=1621 use_3hfmtree=1
[DeflateCompressor] decompress 3HfMT path: checking format byte
[DeflateCompressor] decompress 3HfMT: format_byte=0x33
[DeflateCompressor] decompress 3HfMT: calling inflate_to_end with payload_size=1620
[DeflateCompressor] decompress 3HfMT done: dec_size=262144 success=1 done=1
[DeflateCompressor] decompress start: compressed_size=2389 use_3hfmtree=1
[DeflateCompressor] decompress 3HfMT path: checking format byte
[DeflateCompressor] decompress 3HfMT: format_byte=0x33
[DeflateCompressor] decompress 3HfMT: calling inflate_to_end with payload_size=2388
[DeflateCompressor] decompress 3HfMT done: dec_size=524288 success=1 done=1
[DeflateCompressor] decompress start: compressed_size=2389 use_3hfmtree=1
[DeflateCompressor] decompress 3HfMT path: checking format byte
[DeflateCompressor] decompress 3HfMT: format_byte=0x33
[DeflateCompressor] decompress 3HfMT: calling inflate_to_end with payload_size=2388
[DeflateCompressor] decompress 3HfMT done: dec_size=524288 success=1 done=1
[DeflateCompressor] decompress start: compressed_size=3925 use_3hfmtree=1
[DeflateCompressor] decompress 3HfMT path: checking format byte
[DeflateCompressor] decompress 3HfMT: format_byte=0x33
[DeflateCompressor] decompress 3HfMT: calling inflate_to_end with payload_size=3924
[DeflateCompressor] decompress 3HfMT done: dec_size=1048576 success=1 done=1
[DeflateCompressor] decompress start: compressed_size=3925 use_3hfmtree=1
[DeflateCompressor] decompress 3HfMT path: checking format byte
[DeflateCompressor] decompress 3HfMT: format_byte=0x33
[DeflateCompressor] decompress 3HfMT: calling inflate_to_end with payload_size=3924
[DeflateCompressor] decompress 3HfMT done: dec_size=1048576 success=1 done=1
[DeflateCompressor] decompress start: compressed_size=6997 use_3hfmtree=1
[DeflateCompressor] decompress 3HfMT path: checking format byte
[DeflateCompressor] decompress 3HfMT: format_byte=0x33
[DeflateCompressor] decompress 3HfMT: calling inflate_to_end with payload_size=6996
[DeflateCompressor] decompress 3HfMT done: dec_size=2097152 success=1 done=1
[DeflateCompressor] decompress start: compressed_size=6997 use_3hfmtree=1
[DeflateCompressor] decompress 3HfMT path: checking format byte
[DeflateCompressor] decompress 3HfMT: format_byte=0x33
[DeflateCompressor] decompress 3HfMT: calling inflate_to_end with payload_size=6996
[DeflateCompressor] decompress 3HfMT done: dec_size=2097152 success=1 done=1
[DeflateCompressor] decompress start: compressed_size=646 use_3hfmtree=0
[DeflateCompressor] decompress standard Deflate path
[DeflateCompressor] decompress standard done: dec_size=65536 success=1 done=1 bytes_consumed=645 bytes_produced=65536
[DeflateCompressor] decompress start: compressed_size=1062 use_3hfmtree=0
[DeflateCompressor] decompress standard Deflate path
[DeflateCompressor] decompress standard done: dec_size=131072 success=1 done=1 bytes_consumed=210 bytes_produced=54916
[DeflateCompressor] decompress start: compressed_size=1894 use_3hfmtree=0
[DeflateCompressor] decompress standard Deflate path
[DeflateCompressor] decompress standard done: dec_size=262144 success=1 done=1 bytes_consumed=418 bytes_produced=93192
[DeflateCompressor] decompress start: compressed_size=3558 use_3hfmtree=0
[DeflateCompressor] decompress standard Deflate path
[DeflateCompressor] decompress standard done: dec_size=524288 success=1 done=1 bytes_consumed=626 bytes_produced=119824
[DeflateCompressor] decompress start: compressed_size=3558 use_3hfmtree=0
[DeflateCompressor] decompress standard Deflate path
[DeflateCompressor] decompress standard done: dec_size=524288 success=1 done=1 bytes_consumed=626 bytes_produced=119824
[DeflateCompressor] decompress start: compressed_size=6886 use_3hfmtree=0
[DeflateCompressor] decompress standard Deflate path
[DeflateCompressor] decompress standard done: dec_size=1048576 success=1 done=1 bytes_consumed=3122 bytes_produced=510992
[DeflateCompressor] decompress start: compressed_size=6886 use_3hfmtree=0
[DeflateCompressor] decompress standard Deflate path
[DeflateCompressor] decompress standard done: dec_size=1048576 success=1 done=1 bytes_consumed=3122 bytes_produced=510992
[DeflateCompressor] decompress start: compressed_size=13542 use_3hfmtree=0
[DeflateCompressor] decompress standard Deflate path
[DeflateCompressor] decompress standard done: dec_size=2097152 success=1 done=1 bytes_consumed=2914 bytes_produced=489504
[DeflateCompressor] decompress start: compressed_size=13542 use_3hfmtree=0
[DeflateCompressor] decompress standard Deflate path
[DeflateCompressor] decompress standard done: dec_size=2097152 success=1 done=1 bytes_consumed=2914 bytes_produced=489504
[DeflateCompressor] decompress start: compressed_size=943 use_3hfmtree=0
[DeflateCompressor] decompress standard Deflate path
[DeflateCompressor] decompress non-flag Deflate path
[DeflateCompressor] decompress non-flag done: dec_size=65536 success=1 done=1
[DeflateCompressor] decompress start: compressed_size=1647 use_3hfmtree=0
[DeflateCompressor] decompress standard Deflate path
[DeflateCompressor] decompress non-flag Deflate path
[DeflateCompressor] decompress non-flag done: dec_size=131072 success=1 done=1
[DeflateCompressor] decompress start: compressed_size=3055 use_3hfmtree=0
[DeflateCompressor] decompress standard Deflate path
[DeflateCompressor] decompress non-flag Deflate path
[DeflateCompressor] decompress non-flag done: dec_size=262144 success=1 done=1
[DeflateCompressor] decompress start: compressed_size=5871 use_3hfmtree=0
[DeflateCompressor] decompress standard Deflate path
[DeflateCompressor] decompress non-flag Deflate path
[DeflateCompressor] decompress non-flag done: dec_size=524288 success=1 done=1
[DeflateCompressor] decompress start: compressed_size=11503 use_3hfmtree=0
[DeflateCompressor] decompress standard Deflate path
[DeflateCompressor] decompress non-flag Deflate path
[DeflateCompressor] decompress non-flag done: dec_size=1048576 success=1 done=1
[DeflateCompressor] decompress start: compressed_size=22767 use_3hfmtree=0
[DeflateCompressor] decompress standard Deflate path
[DeflateCompressor] decompress non-flag Deflate path
[DeflateCompressor] decompress non-flag done: dec_size=2097152 success=1 done=1
[DeflateCompressor] decompress start: compressed_size=1045 use_3hfmtree=1
[DeflateCompressor] decompress 3HfMT path: checking format byte
[DeflateCompressor] decompress 3HfMT: format_byte=0x33
[DeflateCompressor] decompress 3HfMT: calling inflate_to_end with payload_size=1044
[DeflateCompressor] decompress 3HfMT done: dec_size=65536 success=1 done=1
[DeflateCompressor] decompress start: compressed_size=1045 use_3hfmtree=1
[DeflateCompressor] decompress 3HfMT path: checking format byte
[DeflateCompressor] decompress 3HfMT: format_byte=0x33
[DeflateCompressor] decompress 3HfMT: calling inflate_to_end with payload_size=1044
[DeflateCompressor] decompress 3HfMT done: dec_size=65536 success=1 done=1
[DeflateCompressor] decompress start: compressed_size=1237 use_3hfmtree=1
[DeflateCompressor] decompress 3HfMT path: checking format byte
[DeflateCompressor] decompress 3HfMT: format_byte=0x33
[DeflateCompressor] decompress 3HfMT: calling inflate_to_end with payload_size=1236
[DeflateCompressor] decompress 3HfMT done: dec_size=131072 success=1 done=1
[DeflateCompressor] decompress start: compressed_size=1237 use_3hfmtree=1
[DeflateCompressor] decompress 3HfMT path: checking format byte
[DeflateCompressor] decompress 3HfMT: format_byte=0x33
[DeflateCompressor] decompress 3HfMT: calling inflate_to_end with payload_size=1236
[DeflateCompressor] decompress 3HfMT done: dec_size=131072 success=1 done=1
[DeflateCompressor] decompress start: compressed_size=1621 use_3hfmtree=1
[DeflateCompressor] decompress 3HfMT path: checking format byte
[DeflateCompressor] decompress 3HfMT: format_byte=0x33
[DeflateCompressor] decompress 3HfMT: calling inflate_to_end with payload_size=1620
[DeflateCompressor] decompress 3HfMT done: dec_size=262144 success=1 done=1
[DeflateCompressor] decompress start: compressed_size=1621 use_3hfmtree=1
[DeflateCompressor] decompress 3HfMT path: checking format byte
[DeflateCompressor] decompress 3HfMT: format_byte=0x33
[DeflateCompressor] decompress 3HfMT: calling inflate_to_end with payload_size=1620
[DeflateCompressor] decompress 3HfMT done: dec_size=262144 success=1 done=1
[DeflateCompressor] decompress start: compressed_size=2389 use_3hfmtree=1
[DeflateCompressor] decompress 3HfMT path: checking format byte
[DeflateCompressor] decompress 3HfMT: format_byte=0x33
[DeflateCompressor] decompress 3HfMT: calling inflate_to_end with payload_size=2388
[DeflateCompressor] decompress 3HfMT done: dec_size=524288 success=1 done=1
[DeflateCompressor] decompress start: compressed_size=2389 use_3hfmtree=1
[DeflateCompressor] decompress 3HfMT path: checking format byte
[DeflateCompressor] decompress 3HfMT: format_byte=0x33
[DeflateCompressor] decompress 3HfMT: calling inflate_to_end with payload_size=2388
[DeflateCompressor] decompress 3HfMT done: dec_size=524288 success=1 done=1
[DeflateCompressor] decompress start: compressed_size=3925 use_3hfmtree=1
[DeflateCompressor] decompress 3HfMT path: checking format byte
[DeflateCompressor] decompress 3HfMT: format_byte=0x33
[DeflateCompressor] decompress 3HfMT: calling inflate_to_end with payload_size=3924
[DeflateCompressor] decompress 3HfMT done: dec_size=1048576 success=1 done=1
[DeflateCompressor] decompress start: compressed_size=3925 use_3hfmtree=1
[DeflateCompressor] decompress 3HfMT path: checking format byte
[DeflateCompressor] decompress 3HfMT: format_byte=0x33
[DeflateCompressor] decompress 3HfMT: calling inflate_to_end with payload_size=3924
[DeflateCompressor] decompress 3HfMT done: dec_size=1048576 success=1 done=1
[DeflateCompressor] decompress start: compressed_size=6997 use_3hfmtree=1
[DeflateCompressor] decompress 3HfMT path: checking format byte
[DeflateCompressor] decompress 3HfMT: format_byte=0x33
[DeflateCompressor] decompress 3HfMT: calling inflate_to_end with payload_size=6996
[DeflateCompressor] decompress 3HfMT done: dec_size=2097152 success=1 done=1
[DeflateCompressor] decompress start: compressed_size=6997 use_3hfmtree=1
[DeflateCompressor] decompress 3HfMT path: checking format byte
[DeflateCompressor] decompress 3HfMT: format_byte=0x33
[DeflateCompressor] decompress 3HfMT: calling inflate_to_end with payload_size=6996
[DeflateCompressor] decompress 3HfMT done: dec_size=2097152 success=1 done=1
[DeflateCompressor] decompress start: compressed_size=646 use_3hfmtree=0
[DeflateCompressor] decompress standard Deflate path
[DeflateCompressor] decompress standard done: dec_size=65536 success=1 done=1 bytes_consumed=645 bytes_produced=65536
[DeflateCompressor] decompress start: compressed_size=1062 use_3hfmtree=0
[DeflateCompressor] decompress standard Deflate path
[DeflateCompressor] decompress standard done: dec_size=131072 success=1 done=1 bytes_consumed=210 bytes_produced=54916
[DeflateCompressor] decompress start: compressed_size=1894 use_3hfmtree=0
[DeflateCompressor] decompress standard Deflate path
[DeflateCompressor] decompress standard done: dec_size=262144 success=1 done=1 bytes_consumed=418 bytes_produced=93192
[DeflateCompressor] decompress start: compressed_size=3558 use_3hfmtree=0
[DeflateCompressor] decompress standard Deflate path
[DeflateCompressor] decompress standard done: dec_size=524288 success=1 done=1 bytes_consumed=626 bytes_produced=119824
[DeflateCompressor] decompress start: compressed_size=3558 use_3hfmtree=0
[DeflateCompressor] decompress standard Deflate path
[DeflateCompressor] decompress standard done: dec_size=524288 success=1 done=1 bytes_consumed=626 bytes_produced=119824
[DeflateCompressor] decompress start: compressed_size=6886 use_3hfmtree=0
[DeflateCompressor] decompress standard Deflate path
[DeflateCompressor] decompress standard done: dec_size=1048576 success=1 done=1 bytes_consumed=3122 bytes_produced=510992
[DeflateCompressor] decompress start: compressed_size=6886 use_3hfmtree=0
[DeflateCompressor] decompress standard Deflate path
[DeflateCompressor] decompress standard done: dec_size=1048576 success=1 done=1 bytes_consumed=3122 bytes_produced=510992
[DeflateCompressor] decompress start: compressed_size=13542 use_3hfmtree=0
[DeflateCompressor] decompress standard Deflate path
[DeflateCompressor] decompress standard done: dec_size=2097152 success=1 done=1 bytes_consumed=2914 bytes_produced=489504
[DeflateCompressor] decompress start: compressed_size=13542 use_3hfmtree=0
[DeflateCompressor] decompress standard Deflate path
[DeflateCompressor] decompress standard done: dec_size=2097152 success=1 done=1 bytes_consumed=2914 bytes_produced=489504
[DeflateCompressor] decompress start: compressed_size=943 use_3hfmtree=0
[DeflateCompressor] decompress standard Deflate path
[DeflateCompressor] decompress non-flag Deflate path
[DeflateCompressor] decompress non-flag done: dec_size=65536 success=1 done=1
[DeflateCompressor] decompress start: compressed_size=1647 use_3hfmtree=0
[DeflateCompressor] decompress standard Deflate path
[DeflateCompressor] decompress non-flag Deflate path
[DeflateCompressor] decompress non-flag done: dec_size=131072 success=1 done=1
[DeflateCompressor] decompress start: compressed_size=3055 use_3hfmtree=0
[DeflateCompressor] decompress standard Deflate path
[DeflateCompressor] decompress non-flag Deflate path
[DeflateCompressor] decompress non-flag done: dec_size=262144 success=1 done=1
[DeflateCompressor] decompress start: compressed_size=5871 use_3hfmtree=0
[DeflateCompressor] decompress standard Deflate path
[DeflateCompressor] decompress non-flag Deflate path
[DeflateCompressor] decompress non-flag done: dec_size=524288 success=1 done=1
[DeflateCompressor] decompress start: compressed_size=11503 use_3hfmtree=0
[DeflateCompressor] decompress standard Deflate path
[DeflateCompressor] decompress non-flag Deflate path
[DeflateCompressor] decompress non-flag done: dec_size=1048576 success=1 done=1
[DeflateCompressor] decompress start: compressed_size=22767 use_3hfmtree=0
[DeflateCompressor] decompress standard Deflate path
[DeflateCompressor] decompress non-flag Deflate path
[DeflateCompressor] decompress non-flag done: dec_size=2097152 success=1 done=1
[DeflateCompressor] decompress start: compressed_size=1045 use_3hfmtree=1
[DeflateCompressor] decompress 3HfMT path: checking format byte
[DeflateCompressor] decompress 3HfMT: format_byte=0x33
[DeflateCompressor] decompress 3HfMT: calling inflate_to_end with payload_size=1044
[DeflateCompressor] decompress 3HfMT done: dec_size=65536 success=1 done=1
[DeflateCompressor] decompress start: compressed_size=1045 use_3hfmtree=1
[DeflateCompressor] decompress 3HfMT path: checking format byte
[DeflateCompressor] decompress 3HfMT: format_byte=0x33
[DeflateCompressor] decompress 3HfMT: calling inflate_to_end with payload_size=1044
[DeflateCompressor] decompress 3HfMT done: dec_size=65536 success=1 done=1
[DeflateCompressor] decompress start: compressed_size=1237 use_3hfmtree=1
[DeflateCompressor] decompress 3HfMT path: checking format byte
[DeflateCompressor] decompress 3HfMT: format_byte=0x33
[DeflateCompressor] decompress 3HfMT: calling inflate_to_end with payload_size=1236
[DeflateCompressor] decompress 3HfMT done: dec_size=131072 success=1 done=1
[DeflateCompressor] decompress start: compressed_size=1237 use_3hfmtree=1
[DeflateCompressor] decompress 3HfMT path: checking format byte
[DeflateCompressor] decompress 3HfMT: format_byte=0x33
[DeflateCompressor] decompress 3HfMT: calling inflate_to_end with payload_size=1236
[DeflateCompressor] decompress 3HfMT done: dec_size=131072 success=1 done=1
[DeflateCompressor] decompress start: compressed_size=1621 use_3hfmtree=1
[DeflateCompressor] decompress 3HfMT path: checking format byte
[DeflateCompressor] decompress 3HfMT: format_byte=0x33
[DeflateCompressor] decompress 3HfMT: calling inflate_to_end with payload_size=1620
[DeflateCompressor] decompress 3HfMT done: dec_size=262144 success=1 done=1
[DeflateCompressor] decompress start: compressed_size=1621 use_3hfmtree=1
[DeflateCompressor] decompress 3HfMT path: checking format byte
[DeflateCompressor] decompress 3HfMT: format_byte=0x33
[DeflateCompressor] decompress 3HfMT: calling inflate_to_end with payload_size=1620
[DeflateCompressor] decompress 3HfMT done: dec_size=262144 success=1 done=1
[DeflateCompressor] decompress start: compressed_size=2389 use_3hfmtree=1
[DeflateCompressor] decompress 3HfMT path: checking format byte
[DeflateCompressor] decompress 3HfMT: format_byte=0x33
[DeflateCompressor] decompress 3HfMT: calling inflate_to_end with payload_size=2388
[DeflateCompressor] decompress 3HfMT done: dec_size=524288 success=1 done=1
[DeflateCompressor] decompress start: compressed_size=2389 use_3hfmtree=1
[DeflateCompressor] decompress 3HfMT path: checking format byte
[DeflateCompressor] decompress 3HfMT: format_byte=0x33
[DeflateCompressor] decompress 3HfMT: calling inflate_to_end with payload_size=2388
[DeflateCompressor] decompress 3HfMT done: dec_size=524288 success=1 done=1
[DeflateCompressor] decompress start: compressed_size=3925 use_3hfmtree=1
[DeflateCompressor] decompress 3HfMT path: checking format byte
[DeflateCompressor] decompress 3HfMT: format_byte=0x33
[DeflateCompressor] decompress 3HfMT: calling inflate_to_end with payload_size=3924
[DeflateCompressor] decompress 3HfMT done: dec_size=1048576 success=1 done=1
[DeflateCompressor] decompress start: compressed_size=3925 use_3hfmtree=1
[DeflateCompressor] decompress 3HfMT path: checking format byte
[DeflateCompressor] decompress 3HfMT: format_byte=0x33
[DeflateCompressor] decompress 3HfMT: calling inflate_to_end with payload_size=3924
[DeflateCompressor] decompress 3HfMT done: dec_size=1048576 success=1 done=1
[DeflateCompressor] decompress start: compressed_size=6997 use_3hfmtree=1
[DeflateCompressor] decompress 3HfMT path: checking format byte
[DeflateCompressor] decompress 3HfMT: format_byte=0x33
[DeflateCompressor] decompress 3HfMT: calling inflate_to_end with payload_size=6996
[DeflateCompressor] decompress 3HfMT done: dec_size=2097152 success=1 done=1
[DeflateCompressor] decompress start: compressed_size=6997 use_3hfmtree=1
[DeflateCompressor] decompress 3HfMT path: checking format byte
[DeflateCompressor] decompress 3HfMT: format_byte=0x33
[DeflateCompressor] decompress 3HfMT: calling inflate_to_end with payload_size=6996
[DeflateCompressor] decompress 3HfMT done: dec_size=2097152 success=1 done=1
[DeflateCompressor] decompress start: compressed_size=182 use_3hfmtree=0
[DeflateCompressor] decompress standard Deflate path
[DeflateCompressor] decompress non-flag Deflate path
[DeflateCompressor] decompress non-flag done: dec_size=13000 success=1 done=1
