22:11:51 [INFO] root: Logging initialized, file: D:\AAA_C\compression-tool\src\logs\gui.log
22:11:58 [INFO] gui.main_window: [add] adding 1 files
22:11:58 [INFO] gui.main_window: [add] added 1 files, 0 dirs from 1 paths
22:11:59 [INFO] gui.main_window: [compress] _on_compress called
22:11:59 [INFO] gui.main_window: [compress] selected_rows=[0]
22:11:59 [INFO] gui.main_window: [compress] algorithm=lzmine, records=1
22:11:59 [INFO] gui.main_window: [compress]   task[0]: type=FileRecord, name=blog.html, status=CompressionStatus.PENDING
22:11:59 [INFO] gui.main_window: [compress] START row=0 file=D:/AAA_C/compression-tool/resources/level3_large/blog.html algo=lzmine
22:11:59 [INFO] gui.core.engine: C++ core_engine loaded from D:\AAA_C\compression-tool\build_pybind\src\bindings\pybind\core_engine.cp312-win_amd64.pyd
22:11:59 [INFO] gui.main_window: [compress] loaded raw data: 1857 bytes
22:11:59 [INFO] gui.main_window: [compress] compressing with lzmine ...
22:11:59 [INFO] gui.main_window: [compress] compress done: 1857 -> 1467 bytes
22:11:59 [INFO] gui.main_window: [compress] row 0 finished: name=blog.html, status=CompressionStatus.DONE, ratio=0.7900
22:12:04 [INFO] gui.main_window: [compress] _on_compress called
22:12:04 [INFO] gui.main_window: [compress] selected_rows=[0]
22:12:04 [INFO] gui.main_window: [compress] algorithm=myflate, records=1
22:12:04 [INFO] gui.main_window: [compress]   task[0]: type=FileRecord, name=blog.html, status=CompressionStatus.DONE
22:12:04 [INFO] gui.main_window: [compress] START row=0 file=D:/AAA_C/compression-tool/resources/level3_large/blog.html algo=myflate
22:12:04 [INFO] gui.main_window: [compress] loaded raw data: 1857 bytes
22:12:04 [INFO] gui.main_window: [compress] compressing with myflate ...
22:12:04 [INFO] gui.main_window: [compress] compress done: 1857 -> 1139 bytes
22:12:04 [INFO] gui.main_window: [compress] row 0 finished: name=blog.html, status=CompressionStatus.DONE, ratio=0.6134
22:12:05 [INFO] gui.main_window: [compress] _on_compress called
22:12:05 [INFO] gui.main_window: [compress] selected_rows=[0]
22:12:05 [INFO] gui.main_window: [compress] algorithm=lzcrazy, records=1
22:12:05 [INFO] gui.main_window: [compress]   task[0]: type=FileRecord, name=blog.html, status=CompressionStatus.DONE
22:12:05 [INFO] gui.main_window: [compress] START row=0 file=D:/AAA_C/compression-tool/resources/level3_large/blog.html algo=lzcrazy
22:12:05 [INFO] gui.main_window: [compress] loaded raw data: 1857 bytes
22:12:05 [INFO] gui.main_window: [compress] compressing with lzcrazy ...
22:12:05 [INFO] gui.main_window: [compress] compress done: 1857 -> 1174 bytes
22:12:05 [INFO] gui.main_window: [compress] row 0 finished: name=blog.html, status=CompressionStatus.DONE, ratio=0.6322
22:12:07 [INFO] gui.main_window: [view] comparison from right-click, row=0
22:12:07 [INFO] gui.main_window: [view] running comparison for blog.html (1857 bytes)
22:12:07 [INFO] gui.main_window: [view] lzss: 1857 -> 1151 (62.0%) 0.7ms
22:12:07 [INFO] gui.main_window: [view] lzmine: 1857 -> 1467 (79.0%) 1.6ms
22:12:07 [INFO] gui.main_window: [view] lzcrazy: 1857 -> 1174 (63.2%) 0.7ms
22:12:07 [INFO] gui.main_window: [view] myflate: 1857 -> 1139 (61.3%) 0.2ms
22:12:07 [INFO] gui.main_window: [view] crazyflate: 1857 -> 1133 (61.0%) 0.2ms
22:12:07 [INFO] gui.main_window: [view] deflate: 1857 -> 1127 (60.7%) 0.1ms
22:12:07 [INFO] gui.main_window: [view] gzip: 1857 -> 1006 (54.2%) 0.1ms
22:12:07 [INFO] gui.main_window: [view] comparison dialog created, calling exec
22:12:09 [INFO] gui.main_window: [view] comparison dialog closed
22:12:10 [INFO] gui.main_window: [demo] START row=0
22:12:10 [INFO] gui.main_window: [demo] name=blog.html algo=lzcrazy is_text=True ext=.html
22:12:10 [INFO] gui.main_window: [demo] can_parse=True, getting parser
22:12:10 [INFO] gui.main_window: [demo] parsing compressed_data=1174 raw_data=1857
22:12:10 [INFO] gui.main_window: [demo] parse done, tokens=360
22:12:10 [INFO] gui.main_window: [demo] text len=1480 byte_to_char len=1857
22:12:10 [INFO] gui.main_window: [demo] non-LZ/non-Flate path (e.g. pure Huffman), showing info
22:12:14 [INFO] gui.main_window: [view] heatmap from right-click, row=0
22:12:14 [INFO] gui.main_window: [view] record: type=FileRecord, name=blog.html, status=CompressionStatus.DONE, has_data=True
22:12:14 [INFO] gui.main_window: [view] opening heatmap for blog.html (1857 bytes, algo=lzcrazy)
22:12:14 [INFO] gui.main_window: [heatmap] ext=.html is_text=True can_parse=True
22:12:14 [INFO] gui.main_window: [heatmap] parser=LZCrazyTokenParser, calling parse
22:12:14 [INFO] gui.main_window: [heatmap] parse done, tokens=360
22:12:17 [INFO] gui.main_window: [view] Qt native heatmap opened
22:12:18 [INFO] gui.main_window: [demo] START row=0
22:12:18 [INFO] gui.main_window: [demo] name=blog.html algo=lzcrazy is_text=True ext=.html
22:12:18 [INFO] gui.main_window: [demo] can_parse=True, getting parser
22:12:18 [INFO] gui.main_window: [demo] parsing compressed_data=1174 raw_data=1857
22:12:18 [INFO] gui.main_window: [demo] parse done, tokens=360
22:12:18 [INFO] gui.main_window: [demo] text len=1480 byte_to_char len=1857
22:12:18 [INFO] gui.main_window: [demo] non-LZ/non-Flate path (e.g. pure Huffman), showing info
22:12:25 [INFO] gui.main_window: [demo] START row=0
22:12:25 [INFO] gui.main_window: [demo] name=blog.html algo=lzcrazy is_text=True ext=.html
22:12:25 [INFO] gui.main_window: [demo] can_parse=True, getting parser
22:12:25 [INFO] gui.main_window: [demo] parsing compressed_data=1174 raw_data=1857
22:12:25 [INFO] gui.main_window: [demo] parse done, tokens=360
22:12:25 [INFO] gui.main_window: [demo] text len=1480 byte_to_char len=1857
22:12:25 [INFO] gui.main_window: [demo] non-LZ/non-Flate path (e.g. pure Huffman), showing info
22:12:29 [INFO] gui.main_window: [compress] _on_compress called
22:12:29 [INFO] gui.main_window: [compress] selected_rows=[0]
22:12:29 [INFO] gui.main_window: [compress] algorithm=myflate, records=1
22:12:29 [INFO] gui.main_window: [compress]   task[0]: type=FileRecord, name=blog.html, status=CompressionStatus.DONE
22:12:29 [INFO] gui.main_window: [compress] START row=0 file=D:/AAA_C/compression-tool/resources/level3_large/blog.html algo=myflate
22:12:29 [INFO] gui.main_window: [compress] loaded raw data: 1857 bytes
22:12:29 [INFO] gui.main_window: [compress] compressing with myflate ...
22:12:29 [INFO] gui.main_window: [compress] compress done: 1857 -> 1139 bytes
22:12:29 [INFO] gui.main_window: [compress] row 0 finished: name=blog.html, status=CompressionStatus.DONE, ratio=0.6134
22:12:30 [INFO] gui.main_window: [demo] START row=0
22:12:30 [INFO] gui.main_window: [demo] name=blog.html algo=myflate is_text=True ext=.html
22:12:30 [INFO] gui.main_window: [demo] can_parse=True, getting parser
22:12:30 [INFO] gui.main_window: [demo] parsing compressed_data=1139 raw_data=1857
22:12:30 [INFO] gui.main_window: [demo] parse done, tokens=929
22:12:30 [INFO] gui.main_window: [demo] text len=1480 byte_to_char len=1857
22:12:30 [INFO] gui.main_window: [demo] Flate path, creating FlateDemoDialog
22:12:30 [INFO] gui.widgets.heatmap_widgets: [LZSlider] _render_step step=0/929 text_len=1480
22:12:30 [INFO] gui.main_window: [demo] FlateDemoDialog created, calling exec
22:12:43 [INFO] gui.main_window: [demo] FlateDemoDialog closed
22:12:47 [INFO] gui.main_window: [compress] _on_compress called
22:12:47 [INFO] gui.main_window: [compress] selected_rows=[0]
22:12:47 [INFO] gui.main_window: [compress] algorithm=gzip, records=1
22:12:47 [INFO] gui.main_window: [compress]   task[0]: type=FileRecord, name=blog.html, status=CompressionStatus.DONE
22:12:47 [INFO] gui.main_window: [compress] START row=0 file=D:/AAA_C/compression-tool/resources/level3_large/blog.html algo=gzip
22:12:47 [INFO] gui.main_window: [compress] loaded raw data: 1857 bytes
22:12:47 [INFO] gui.main_window: [compress] compressing with gzip ...
22:12:47 [INFO] gui.main_window: [compress] compress done: 1857 -> 1006 bytes
22:12:47 [INFO] gui.main_window: [compress] row 0 finished: name=blog.html, status=CompressionStatus.DONE, ratio=0.5417
22:12:56 [INFO] gui.main_window: [view] network sim from right-click, row=0
22:12:56 [INFO] gui.main_window: [view] running network sim for blog.html (orig=1857, comp=1006, time=0.1ms)
22:12:56 [INFO] gui.web.network_sim: [network_sim] generating for blog.html, algo=gzip, orig=1857, comp=1006
22:12:56 [INFO] gui.main_window: [view] network sim HTML generated: 6087 chars
22:12:56 [INFO] gui.web.network_sim: [network_sim] wrote HTML to C:\Users\LAMTIM~1\AppData\Local\Temp\tmpykx9mj17.html, opening in browser
22:12:56 [INFO] gui.main_window: [view] network sim opened in browser
22:13:03 [INFO] gui.main_window: [view] heatmap from right-click, row=0
22:13:03 [INFO] gui.main_window: [view] record: type=FileRecord, name=blog.html, status=CompressionStatus.DONE, has_data=True
22:13:03 [INFO] gui.main_window: [view] opening heatmap for blog.html (1857 bytes, algo=gzip)
22:13:03 [INFO] gui.main_window: [heatmap] ext=.html is_text=True can_parse=False
22:13:03 [INFO] gui.main_window: [view] falling back to block-based heatmap
22:13:03 [INFO] gui.web.heatmap: [heatmap] generating for blog.html, algo=gzip, raw=1857, comp=1006, block=256
22:13:03 [INFO] gui.web.heatmap: [heatmap] resolved algo: gzip -> gzip
22:13:03 [INFO] gui.web.heatmap: [heatmap] generated 8 blocks
22:13:03 [INFO] gui.main_window: [view] heatmap HTML generated: 4317 chars
22:13:03 [INFO] gui.web.heatmap: [heatmap] wrote HTML to C:\Users\LAMTIM~1\AppData\Local\Temp\tmp29um0ajw.html, opening in browser
22:13:03 [INFO] gui.main_window: [view] heatmap opened in browser
22:13:09 [INFO] gui.main_window: [view] heatmap from right-click, row=0
22:13:09 [INFO] gui.main_window: [view] record: type=FileRecord, name=blog.html, status=CompressionStatus.DONE, has_data=True
22:13:09 [INFO] gui.main_window: [view] opening heatmap for blog.html (1857 bytes, algo=gzip)
22:13:09 [INFO] gui.main_window: [heatmap] ext=.html is_text=True can_parse=False
22:13:09 [INFO] gui.main_window: [view] falling back to block-based heatmap
22:13:09 [INFO] gui.web.heatmap: [heatmap] generating for blog.html, algo=gzip, raw=1857, comp=1006, block=256
22:13:09 [INFO] gui.web.heatmap: [heatmap] resolved algo: gzip -> gzip
22:13:09 [INFO] gui.web.heatmap: [heatmap] generated 8 blocks
22:13:09 [INFO] gui.main_window: [view] heatmap HTML generated: 4317 chars
22:13:09 [INFO] gui.web.heatmap: [heatmap] wrote HTML to C:\Users\LAMTIM~1\AppData\Local\Temp\tmpoirbjaq9.html, opening in browser
22:13:09 [INFO] gui.main_window: [view] heatmap opened in browser
22:13:13 [INFO] gui.main_window: [compress] _on_compress called
22:13:13 [INFO] gui.main_window: [compress] selected_rows=[0]
22:13:13 [INFO] gui.main_window: [compress] algorithm=deflate, records=1
22:13:13 [INFO] gui.main_window: [compress]   task[0]: type=FileRecord, name=blog.html, status=CompressionStatus.DONE
22:13:13 [INFO] gui.main_window: [compress] START row=0 file=D:/AAA_C/compression-tool/resources/level3_large/blog.html algo=deflate
22:13:13 [INFO] gui.main_window: [compress] loaded raw data: 1857 bytes
22:13:13 [INFO] gui.main_window: [compress] compressing with deflate ...
22:13:13 [INFO] gui.main_window: [compress] compress done: 1857 -> 1127 bytes
22:13:13 [INFO] gui.main_window: [compress] row 0 finished: name=blog.html, status=CompressionStatus.DONE, ratio=0.6069
22:13:14 [INFO] gui.main_window: [view] heatmap from right-click, row=0
22:13:14 [INFO] gui.main_window: [view] record: type=FileRecord, name=blog.html, status=CompressionStatus.DONE, has_data=True
22:13:14 [INFO] gui.main_window: [view] opening heatmap for blog.html (1857 bytes, algo=deflate)
22:13:14 [INFO] gui.main_window: [heatmap] ext=.html is_text=True can_parse=True
22:13:14 [INFO] gui.main_window: [heatmap] parser=DeflateTokenParser, calling parse
22:13:14 [INFO] gui.main_window: [heatmap] parse done, tokens=860
22:13:17 [INFO] gui.main_window: [view] Qt native heatmap opened
22:13:43 [INFO] gui.main_window: [add] adding folder: D:/AAA_C/compression-tool/resources/level3_large
22:13:43 [INFO] gui.main_window: [add] added 0 files, 1 dirs from 1 paths
22:13:46 [INFO] gui.main_window: [compress] _on_compress called
22:13:46 [INFO] gui.main_window: [compress] selected_rows=[1]
22:13:46 [INFO] gui.main_window: [compress] algorithm=deflate, records=1
22:13:46 [INFO] gui.main_window: [compress]   task[0]: type=FolderRecord, name=level3_large, status=CompressionStatus.PENDING
22:13:46 [INFO] gui.main_window: [compress] START row=1 file=D:\AAA_C\compression-tool\resources\level3_large\about.html algo=deflate
22:13:46 [INFO] gui.main_window: [compress] loaded raw data: 2229 bytes
22:13:46 [INFO] gui.main_window: [compress] compressing with deflate ...
22:13:46 [INFO] gui.main_window: [compress] compress done: 2229 -> 1369 bytes
22:13:46 [INFO] gui.main_window: [compress] START row=1 file=D:\AAA_C\compression-tool\resources\level3_large\blog.html algo=deflate
22:13:46 [INFO] gui.main_window: [compress] row 1 finished: name=level3_large, status=CompressionStatus.COMPRESSING, ratio=0.6142
22:13:46 [INFO] gui.main_window: [compress] loaded raw data: 1857 bytes
22:13:46 [INFO] gui.main_window: [compress] compressing with deflate ...
22:13:46 [INFO] gui.main_window: [compress] compress done: 1857 -> 1127 bytes
22:13:46 [INFO] gui.main_window: [compress] START row=1 file=D:\AAA_C\compression-tool\resources\level3_large\blog_post.html algo=deflate
22:13:46 [INFO] gui.main_window: [compress] row 1 finished: name=level3_large, status=CompressionStatus.COMPRESSING, ratio=0.6109
22:13:46 [INFO] gui.main_window: [compress] loaded raw data: 1864 bytes
22:13:46 [INFO] gui.main_window: [compress] compressing with deflate ...
22:13:46 [INFO] gui.main_window: [compress] compress done: 1864 -> 1342 bytes
22:13:46 [INFO] gui.main_window: [compress] START row=1 file=D:\AAA_C\compression-tool\resources\level3_large\contact.html algo=deflate
22:13:46 [INFO] gui.main_window: [compress] row 1 finished: name=level3_large, status=CompressionStatus.COMPRESSING, ratio=0.6450
22:13:46 [INFO] gui.main_window: [compress] loaded raw data: 1488 bytes
22:13:46 [INFO] gui.main_window: [compress] compressing with deflate ...
22:13:46 [INFO] gui.main_window: [compress] compress done: 1488 -> 871 bytes
22:13:46 [INFO] gui.main_window: [compress] START row=1 file=D:\AAA_C\compression-tool\resources\level3_large\dashboard.html algo=deflate
22:13:46 [INFO] gui.main_window: [compress] row 1 finished: name=level3_large, status=CompressionStatus.COMPRESSING, ratio=0.6331
22:13:46 [INFO] gui.main_window: [compress] loaded raw data: 1553 bytes
22:13:46 [INFO] gui.main_window: [compress] compressing with deflate ...
22:13:46 [INFO] gui.main_window: [compress] compress done: 1553 -> 816 bytes
22:13:46 [INFO] gui.main_window: [compress] START row=1 file=D:\AAA_C\compression-tool\resources\level3_large\error404.html algo=deflate
22:13:46 [INFO] gui.main_window: [compress] row 1 finished: name=level3_large, status=CompressionStatus.COMPRESSING, ratio=0.6145
22:13:46 [INFO] gui.main_window: [compress] loaded raw data: 769 bytes
22:13:46 [INFO] gui.main_window: [compress] compressing with deflate ...
22:13:46 [INFO] gui.main_window: [compress] compress done: 769 -> 528 bytes
22:13:46 [INFO] gui.main_window: [compress] START row=1 file=D:\AAA_C\compression-tool\resources\level3_large\faq.html algo=deflate
22:13:46 [INFO] gui.main_window: [compress] row 1 finished: name=level3_large, status=CompressionStatus.COMPRESSING, ratio=0.6202
22:13:46 [INFO] gui.main_window: [compress] loaded raw data: 1623 bytes
22:13:46 [INFO] gui.main_window: [compress] compressing with deflate ...
22:13:46 [INFO] gui.main_window: [compress] compress done: 1623 -> 1159 bytes
22:13:46 [INFO] gui.main_window: [compress] START row=1 file=D:\AAA_C\compression-tool\resources\level3_large\index.html algo=deflate
22:13:46 [INFO] gui.main_window: [compress] row 1 finished: name=level3_large, status=CompressionStatus.COMPRESSING, ratio=0.6336
22:13:46 [INFO] gui.main_window: [compress] loaded raw data: 6607 bytes
22:13:46 [INFO] gui.main_window: [compress] compressing with deflate ...
22:13:46 [INFO] gui.main_window: [compress] compress done: 6607 -> 2938 bytes
22:13:46 [INFO] gui.main_window: [compress] START row=1 file=D:\AAA_C\compression-tool\resources\level3_large\login.html algo=deflate
22:13:46 [INFO] gui.main_window: [compress] row 1 finished: name=level3_large, status=CompressionStatus.COMPRESSING, ratio=0.5642
22:13:46 [INFO] gui.main_window: [compress] loaded raw data: 1196 bytes
22:13:46 [INFO] gui.main_window: [compress] compressing with deflate ...
22:13:46 [INFO] gui.main_window: [compress] compress done: 1196 -> 722 bytes
22:13:46 [INFO] gui.main_window: [compress] START row=1 file=D:\AAA_C\compression-tool\resources\level3_large\manifest.json algo=deflate
22:13:46 [INFO] gui.main_window: [compress] row 1 finished: name=level3_large, status=CompressionStatus.COMPRESSING, ratio=0.5667
22:13:46 [INFO] gui.main_window: [compress] loaded raw data: 164 bytes
22:13:46 [INFO] gui.main_window: [compress] compressing with deflate ...
22:13:46 [INFO] gui.main_window: [compress] compress done: 164 -> 140 bytes
22:13:46 [INFO] gui.main_window: [compress] START row=1 file=D:\AAA_C\compression-tool\resources\level3_large\privacy.html algo=deflate
22:13:46 [INFO] gui.main_window: [compress] row 1 finished: name=level3_large, status=CompressionStatus.COMPRESSING, ratio=0.5691
22:13:46 [INFO] gui.main_window: [compress] loaded raw data: 907 bytes
22:13:46 [INFO] gui.main_window: [compress] compressing with deflate ...
22:13:46 [INFO] gui.main_window: [compress] compress done: 907 -> 673 bytes
22:13:46 [INFO] gui.main_window: [compress] START row=1 file=D:\AAA_C\compression-tool\resources\level3_large\products.html algo=deflate
22:13:46 [INFO] gui.main_window: [compress] row 1 finished: name=level3_large, status=CompressionStatus.COMPRESSING, ratio=0.5768
22:13:46 [INFO] gui.main_window: [compress] loaded raw data: 2530 bytes
22:13:46 [INFO] gui.main_window: [compress] compressing with deflate ...
22:13:46 [INFO] gui.main_window: [compress] compress done: 2530 -> 1289 bytes
22:13:46 [INFO] gui.main_window: [compress] START row=1 file=D:\AAA_C\compression-tool\resources\level3_large\product_detail.html algo=deflate
22:13:46 [INFO] gui.main_window: [compress] row 1 finished: name=level3_large, status=CompressionStatus.COMPRESSING, ratio=0.5694
22:13:46 [INFO] gui.main_window: [compress] loaded raw data: 2116 bytes
22:13:46 [INFO] gui.main_window: [compress] compressing with deflate ...
22:13:46 [INFO] gui.main_window: [compress] compress done: 2116 -> 1393 bytes
22:13:46 [INFO] gui.main_window: [compress] START row=1 file=D:\AAA_C\compression-tool\resources\level3_large\profile.html algo=deflate
22:13:46 [INFO] gui.main_window: [compress] row 1 finished: name=level3_large, status=CompressionStatus.COMPRESSING, ratio=0.5769
22:13:46 [INFO] gui.main_window: [compress] loaded raw data: 1268 bytes
22:13:46 [INFO] gui.main_window: [compress] compressing with deflate ...
22:13:46 [INFO] gui.main_window: [compress] compress done: 1268 -> 736 bytes
22:13:46 [INFO] gui.main_window: [compress] START row=1 file=D:\AAA_C\compression-tool\resources\level3_large\register.html algo=deflate
22:13:46 [INFO] gui.main_window: [compress] row 1 finished: name=level3_large, status=CompressionStatus.COMPRESSING, ratio=0.5771
22:13:46 [INFO] gui.main_window: [compress] loaded raw data: 1381 bytes
22:13:46 [INFO] gui.main_window: [compress] compressing with deflate ...
22:13:46 [INFO] gui.main_window: [compress] compress done: 1381 -> 791 bytes
22:13:46 [INFO] gui.main_window: [compress] START row=1 file=D:\AAA_C\compression-tool\resources\level3_large\robots.txt algo=deflate
22:13:46 [INFO] gui.main_window: [compress] row 1 finished: name=level3_large, status=CompressionStatus.COMPRESSING, ratio=0.5769
22:13:46 [INFO] gui.main_window: [compress] loaded raw data: 116 bytes
22:13:46 [INFO] gui.main_window: [compress] compressing with deflate ...
22:13:46 [INFO] gui.main_window: [compress] compress done: 116 -> 109 bytes
22:13:46 [INFO] gui.main_window: [compress] START row=1 file=D:\AAA_C\compression-tool\resources\level3_large\search_results.html algo=deflate
22:13:46 [INFO] gui.main_window: [compress] row 1 finished: name=level3_large, status=CompressionStatus.COMPRESSING, ratio=0.5784
22:13:46 [INFO] gui.main_window: [compress] loaded raw data: 1454 bytes
22:13:46 [INFO] gui.main_window: [compress] compressing with deflate ...
22:13:46 [INFO] gui.main_window: [compress] compress done: 1454 -> 886 bytes
22:13:46 [INFO] gui.main_window: [compress] START row=1 file=D:\AAA_C\compression-tool\resources\level3_large\settings.html algo=deflate
22:13:46 [INFO] gui.main_window: [compress] row 1 finished: name=level3_large, status=CompressionStatus.COMPRESSING, ratio=0.5799
22:13:46 [INFO] gui.main_window: [compress] loaded raw data: 1296 bytes
22:13:46 [INFO] gui.main_window: [compress] compressing with deflate ...
22:13:46 [INFO] gui.main_window: [compress] compress done: 1296 -> 795 bytes
22:13:46 [INFO] gui.main_window: [compress] START row=1 file=D:\AAA_C\compression-tool\resources\level3_large\sitemap.xml algo=deflate
22:13:46 [INFO] gui.main_window: [compress] row 1 finished: name=level3_large, status=CompressionStatus.COMPRESSING, ratio=0.5814
22:13:46 [INFO] gui.main_window: [compress] loaded raw data: 782 bytes
22:13:46 [INFO] gui.main_window: [compress] compressing with deflate ...
22:13:46 [INFO] gui.main_window: [compress] compress done: 782 -> 253 bytes
22:13:46 [INFO] gui.main_window: [compress] START row=1 file=D:\AAA_C\compression-tool\resources\level3_large\terms.html algo=deflate
22:13:46 [INFO] gui.main_window: [compress] row 1 finished: name=level3_large, status=CompressionStatus.COMPRESSING, ratio=0.5749
22:13:46 [INFO] gui.main_window: [compress] loaded raw data: 1247 bytes
22:13:46 [INFO] gui.main_window: [compress] compressing with deflate ...
22:13:46 [INFO] gui.main_window: [compress] compress done: 1247 -> 873 bytes
22:13:46 [INFO] gui.main_window: [compress] START row=1 file=D:\AAA_C\compression-tool\resources\level3_large\css\components.css algo=deflate
22:13:46 [INFO] gui.main_window: [compress] row 1 finished: name=level3_large, status=CompressionStatus.COMPRESSING, ratio=0.5797
22:13:46 [INFO] gui.main_window: [compress] loaded raw data: 14729 bytes
22:13:46 [INFO] gui.main_window: [compress] compressing with deflate ...
22:13:46 [INFO] gui.main_window: [compress] compress done: 14729 -> 2924 bytes
22:13:46 [INFO] gui.main_window: [compress] START row=1 file=D:\AAA_C\compression-tool\resources\level3_large\css\layout.css algo=deflate
22:13:46 [INFO] gui.main_window: [compress] row 1 finished: name=level3_large, status=CompressionStatus.COMPRESSING, ratio=0.4607
22:13:46 [INFO] gui.main_window: [compress] loaded raw data: 2017 bytes
22:13:46 [INFO] gui.main_window: [compress] compressing with deflate ...
22:13:46 [INFO] gui.main_window: [compress] compress done: 2017 -> 754 bytes
22:13:46 [INFO] gui.main_window: [compress] START row=1 file=D:\AAA_C\compression-tool\resources\level3_large\css\main.css algo=deflate
22:13:46 [INFO] gui.main_window: [compress] row 1 finished: name=level3_large, status=CompressionStatus.COMPRESSING, ratio=0.4571
22:13:46 [INFO] gui.main_window: [compress] loaded raw data: 6749 bytes
22:13:46 [INFO] gui.main_window: [compress] compressing with deflate ...
22:13:46 [INFO] gui.main_window: [compress] compress done: 6749 -> 2145 bytes
22:13:46 [INFO] gui.main_window: [compress] START row=1 file=D:\AAA_C\compression-tool\resources\level3_large\css\theme.css algo=deflate
22:13:46 [INFO] gui.main_window: [compress] row 1 finished: name=level3_large, status=CompressionStatus.COMPRESSING, ratio=0.4403
22:13:46 [INFO] gui.main_window: [compress] loaded raw data: 1760 bytes
22:13:46 [INFO] gui.main_window: [compress] compressing with deflate ...
22:13:46 [INFO] gui.main_window: [compress] compress done: 1760 -> 842 bytes
22:13:46 [INFO] gui.main_window: [compress] START row=1 file=D:\AAA_C\compression-tool\resources\level3_large\images\avatar_default.png algo=deflate
22:13:46 [INFO] gui.main_window: [compress] row 1 finished: name=level3_large, status=CompressionStatus.COMPRESSING, ratio=0.4415
22:13:46 [INFO] gui.main_window: [compress] loaded raw data: 1003 bytes
22:13:46 [INFO] gui.main_window: [compress] compressing with deflate ...
22:13:46 [INFO] gui.main_window: [compress] compress done: 1003 -> 1205 bytes
22:13:46 [INFO] gui.main_window: [compress] EXPANSION detected: 1205 >= 1003, falling back to stored (raw)
22:13:46 [INFO] gui.main_window: [compress] START row=1 file=D:\AAA_C\compression-tool\resources\level3_large\images\banner_wide.png algo=deflate
22:13:46 [INFO] gui.main_window: [compress] row 1 finished: name=level3_large, status=CompressionStatus.COMPRESSING, ratio=0.4510
22:13:46 [INFO] gui.main_window: [compress] loaded raw data: 2629 bytes
22:13:46 [INFO] gui.main_window: [compress] compressing with deflate ...
22:13:46 [INFO] gui.main_window: [compress] compress done: 2629 -> 1103 bytes
22:13:46 [INFO] gui.main_window: [compress] START row=1 file=D:\AAA_C\compression-tool\resources\level3_large\images\bg_landscape.jpg algo=deflate
22:13:46 [INFO] gui.main_window: [compress] row 1 finished: name=level3_large, status=CompressionStatus.COMPRESSING, ratio=0.4497
22:13:46 [INFO] gui.main_window: [compress] loaded raw data: 45732 bytes
22:13:46 [INFO] gui.main_window: [compress] compressing with deflate ...
22:13:46 [INFO] gui.main_window: [compress] compress done: 45732 -> 10600 bytes
22:13:46 [INFO] gui.main_window: [compress] START row=1 file=D:\AAA_C\compression-tool\resources\level3_large\images\hero_banner.jpg algo=deflate
22:13:46 [INFO] gui.main_window: [compress] row 1 finished: name=level3_large, status=CompressionStatus.COMPRESSING, ratio=0.3566
22:13:46 [INFO] gui.main_window: [compress] loaded raw data: 29855 bytes
22:13:46 [INFO] gui.main_window: [compress] compressing with deflate ...
22:13:46 [INFO] gui.main_window: [compress] compress done: 29855 -> 1379 bytes
22:13:46 [INFO] gui.main_window: [compress] START row=1 file=D:\AAA_C\compression-tool\resources\level3_large\images\icon_set.png algo=deflate
22:13:46 [INFO] gui.main_window: [compress] row 1 finished: name=level3_large, status=CompressionStatus.COMPRESSING, ratio=0.2889
22:13:46 [INFO] gui.main_window: [compress] loaded raw data: 1188 bytes
22:13:46 [INFO] gui.main_window: [compress] compressing with deflate ...
22:13:46 [INFO] gui.main_window: [compress] compress done: 1188 -> 1056 bytes
22:13:46 [INFO] gui.main_window: [compress] START row=1 file=D:\AAA_C\compression-tool\resources\level3_large\images\logo_large.png algo=deflate
22:13:46 [INFO] gui.main_window: [compress] row 1 finished: name=level3_large, status=CompressionStatus.COMPRESSING, ratio=0.2941
22:13:46 [INFO] gui.main_window: [compress] loaded raw data: 11331 bytes
22:13:46 [INFO] gui.main_window: [compress] compressing with deflate ...
22:13:46 [INFO] gui.main_window: [compress] compress done: 11331 -> 10685 bytes
22:13:46 [INFO] gui.main_window: [compress] START row=1 file=D:\AAA_C\compression-tool\resources\level3_large\images\office.png algo=deflate
22:13:46 [INFO] gui.main_window: [compress] row 1 finished: name=level3_large, status=CompressionStatus.COMPRESSING, ratio=0.3433
22:13:46 [INFO] gui.main_window: [compress] loaded raw data: 1444 bytes
22:13:46 [INFO] gui.main_window: [compress] compressing with deflate ...
22:13:46 [INFO] gui.main_window: [compress] compress done: 1444 -> 883 bytes
22:13:46 [INFO] gui.main_window: [compress] START row=1 file=D:\AAA_C\compression-tool\resources\level3_large\images\product_1.jpg algo=deflate
22:13:46 [INFO] gui.main_window: [compress] row 1 finished: name=level3_large, status=CompressionStatus.COMPRESSING, ratio=0.3459
22:13:46 [INFO] gui.main_window: [compress] loaded raw data: 28949 bytes
22:13:46 [INFO] gui.main_window: [compress] compressing with deflate ...
22:13:46 [INFO] gui.main_window: [compress] compress done: 28949 -> 7600 bytes
22:13:46 [INFO] gui.main_window: [compress] START row=1 file=D:\AAA_C\compression-tool\resources\level3_large\images\product_2.jpg algo=deflate
22:13:46 [INFO] gui.main_window: [compress] row 1 finished: name=level3_large, status=CompressionStatus.COMPRESSING, ratio=0.3324
22:13:46 [INFO] gui.main_window: [compress] loaded raw data: 28186 bytes
22:13:46 [INFO] gui.main_window: [compress] compressing with deflate ...
22:13:46 [INFO] gui.main_window: [compress] compress done: 28186 -> 6110 bytes
22:13:46 [INFO] gui.main_window: [compress] START row=1 file=D:\AAA_C\compression-tool\resources\level3_large\images\product_3.jpg algo=deflate
22:13:46 [INFO] gui.main_window: [compress] row 1 finished: name=level3_large, status=CompressionStatus.COMPRESSING, ratio=0.3168
22:13:46 [INFO] gui.main_window: [compress] loaded raw data: 28023 bytes
22:13:46 [INFO] gui.main_window: [compress] compressing with deflate ...
22:13:46 [INFO] gui.main_window: [compress] compress done: 28023 -> 9220 bytes
22:13:46 [INFO] gui.main_window: [compress] START row=1 file=D:\AAA_C\compression-tool\resources\level3_large\images\product_4.jpg algo=deflate
22:13:46 [INFO] gui.main_window: [compress] row 1 finished: name=level3_large, status=CompressionStatus.COMPRESSING, ratio=0.3182
22:13:46 [INFO] gui.main_window: [compress] loaded raw data: 27846 bytes
22:13:46 [INFO] gui.main_window: [compress] compressing with deflate ...
22:13:46 [INFO] gui.main_window: [compress] compress done: 27846 -> 9822 bytes
22:13:46 [INFO] gui.main_window: [compress] START row=1 file=D:\AAA_C\compression-tool\resources\level3_large\images\product_5.jpg algo=deflate
22:13:46 [INFO] gui.main_window: [compress] row 1 finished: name=level3_large, status=CompressionStatus.COMPRESSING, ratio=0.3219
22:13:46 [INFO] gui.main_window: [compress] loaded raw data: 28106 bytes
22:13:46 [INFO] gui.main_window: [compress] compressing with deflate ...
22:13:46 [INFO] gui.main_window: [compress] compress done: 28106 -> 12263 bytes
22:13:46 [INFO] gui.main_window: [compress] START row=1 file=D:\AAA_C\compression-tool\resources\level3_large\images\team_photo.jpg algo=deflate
22:13:46 [INFO] gui.main_window: [compress] row 1 finished: name=level3_large, status=CompressionStatus.COMPRESSING, ratio=0.3329
22:13:46 [INFO] gui.main_window: [compress] loaded raw data: 20221 bytes
22:13:46 [INFO] gui.main_window: [compress] compressing with deflate ...
22:13:46 [INFO] gui.main_window: [compress] compress done: 20221 -> 9691 bytes
22:13:46 [INFO] gui.main_window: [compress] START row=1 file=D:\AAA_C\compression-tool\resources\level3_large\js\analytics.js algo=deflate
22:13:46 [INFO] gui.main_window: [compress] row 1 finished: name=level3_large, status=CompressionStatus.COMPRESSING, ratio=0.3424
22:13:46 [INFO] gui.main_window: [compress] loaded raw data: 2886 bytes
22:13:46 [INFO] gui.main_window: [compress] compressing with deflate ...
22:13:46 [INFO] gui.main_window: [compress] compress done: 2886 -> 1041 bytes
22:13:46 [INFO] gui.main_window: [compress] START row=1 file=D:\AAA_C\compression-tool\resources\level3_large\js\api.js algo=deflate
22:13:46 [INFO] gui.main_window: [compress] row 1 finished: name=level3_large, status=CompressionStatus.COMPRESSING, ratio=0.3425
22:13:46 [INFO] gui.main_window: [compress] loaded raw data: 1975 bytes
22:13:46 [INFO] gui.main_window: [compress] compressing with deflate ...
22:13:46 [INFO] gui.main_window: [compress] compress done: 1975 -> 732 bytes
22:13:46 [INFO] gui.main_window: [compress] START row=1 file=D:\AAA_C\compression-tool\resources\level3_large\js\app.js algo=deflate
22:13:46 [INFO] gui.main_window: [compress] row 1 finished: name=level3_large, status=CompressionStatus.COMPRESSING, ratio=0.3427
22:13:46 [INFO] gui.main_window: [compress] loaded raw data: 4205 bytes
22:13:46 [INFO] gui.main_window: [compress] compressing with deflate ...
22:13:46 [INFO] gui.main_window: [compress] compress done: 4205 -> 1475 bytes
22:13:46 [INFO] gui.main_window: [compress] START row=1 file=D:\AAA_C\compression-tool\resources\level3_large\js\components.js algo=deflate
22:13:46 [INFO] gui.main_window: [compress] row 1 finished: name=level3_large, status=CompressionStatus.COMPRESSING, ratio=0.3428
22:13:46 [INFO] gui.main_window: [compress] loaded raw data: 8292 bytes
22:13:46 [INFO] gui.main_window: [compress] compressing with deflate ...
22:13:46 [INFO] gui.main_window: [compress] compress done: 8292 -> 2430 bytes
22:13:46 [INFO] gui.main_window: [compress] START row=1 file=D:\AAA_C\compression-tool\resources\level3_large\js\router.js algo=deflate
22:13:46 [INFO] gui.main_window: [compress] row 1 finished: name=level3_large, status=CompressionStatus.COMPRESSING, ratio=0.3416
22:13:46 [INFO] gui.main_window: [compress] loaded raw data: 1896 bytes
22:13:46 [INFO] gui.main_window: [compress] compressing with deflate ...
22:13:46 [INFO] gui.main_window: [compress] compress done: 1896 -> 762 bytes
22:13:46 [INFO] gui.main_window: [compress] START row=1 file=D:\AAA_C\compression-tool\resources\level3_large\js\store.js algo=deflate
22:13:46 [INFO] gui.main_window: [compress] row 1 finished: name=level3_large, status=CompressionStatus.COMPRESSING, ratio=0.3419
22:13:46 [INFO] gui.main_window: [compress] loaded raw data: 3250 bytes
22:13:46 [INFO] gui.main_window: [compress] compressing with deflate ...
22:13:46 [INFO] gui.main_window: [compress] compress done: 3250 -> 1031 bytes
22:13:46 [INFO] gui.main_window: [compress] START row=1 file=D:\AAA_C\compression-tool\resources\level3_large\js\utils.js algo=deflate
22:13:46 [INFO] gui.main_window: [compress] row 1 finished: name=level3_large, status=CompressionStatus.COMPRESSING, ratio=0.3417
22:13:46 [INFO] gui.main_window: [compress] loaded raw data: 3327 bytes
22:13:46 [INFO] gui.main_window: [compress] compressing with deflate ...
22:13:46 [INFO] gui.main_window: [compress] compress done: 3327 -> 1273 bytes
22:13:46 [INFO] gui.main_window: [compress] row 1 finished: name=level3_large, status=CompressionStatus.DONE, ratio=0.3421
22:13:47 [INFO] gui.main_window: [view] comparison from right-click, row=1
22:13:47 [INFO] gui.main_window: [view] running folder comparison for level3_large (44 files)
22:14:12 [INFO] gui.main_window: [view] webpage heatmap from right-click, row=1
22:14:12 [INFO] gui.web.webpage_heatmap: [webpage_heatmap] wrote to C:\Users\LAMTIM~1\AppData\Local\Temp\tmpvy6h81ql.html, opening
22:14:12 [INFO] gui.main_window: [view] webpage heatmap opened
22:14:28 [INFO] gui.main_window: [view] folder summary from right-click, row=1
22:14:28 [INFO] gui.main_window: [view] folder summary HTML written to C:\Users\LAMTIM~1\AppData\Local\Temp\tmpkuxvi73e.html
22:14:48 [INFO] gui.main_window: [compress] _on_compress called
22:14:48 [INFO] gui.main_window: [compress] selected_rows=[1]
22:14:48 [INFO] gui.main_window: [compress] algorithm=transformer (beta), records=1
22:14:48 [INFO] gui.main_window: [compress]   task[0]: type=FolderRecord, name=level3_large, status=CompressionStatus.DONE
22:14:48 [INFO] gui.main_window: [compress] START row=1 file=D:\AAA_C\compression-tool\resources\level3_large\about.html algo=transformer (beta)
22:14:48 [INFO] gui.main_window: [compress] loaded raw data: 2229 bytes
22:14:48 [INFO] gui.main_window: [compress] compressing with transformer (beta) ...
22:14:51 [INFO] gui.core.transformer_compressor: [Transformer] model: 76064 params (76064 trainable), input=256, latent=32
22:14:53 [INFO] gui.core.transformer_compressor: [Transformer] epoch 1/50 loss=15399.207031
22:14:53 [INFO] gui.core.transformer_compressor: [Transformer] epoch 10/50 loss=15326.843750
22:14:53 [INFO] gui.core.transformer_compressor: [Transformer] epoch 20/50 loss=15263.392578
22:14:53 [INFO] gui.core.transformer_compressor: [Transformer] epoch 30/50 loss=15190.305664
22:14:53 [INFO] gui.core.transformer_compressor: [Transformer] epoch 40/50 loss=15108.296875
22:14:53 [INFO] gui.core.transformer_compressor: [Transformer] epoch 50/50 loss=15019.122070
22:14:53 [INFO] gui.core.transformer_compressor: [Transformer] final MSE=15006.30566406
22:14:53 [INFO] gui.core.transformer_compressor: [Transformer] compressed 2229 -> 307064 bytes (13775.864%) in 1881ms | params=76064,chunks=9,epochs=50,mse=15006.305664
22:14:53 [INFO] gui.main_window: [compress] compress done: 2229 -> 307064 bytes
22:14:53 [INFO] gui.main_window: [compress] EXPANSION detected: 307064 >= 2229, falling back to stored (raw)
22:14:53 [INFO] gui.main_window: [compress] START row=1 file=D:\AAA_C\compression-tool\resources\level3_large\blog.html algo=transformer (beta)
22:14:53 [INFO] gui.main_window: [compress] loaded raw data: 1857 bytes
22:14:53 [INFO] gui.main_window: [compress] compressing with transformer (beta) ...
22:14:53 [INFO] gui.core.transformer_compressor: [Transformer] model: 76064 params (76064 trainable), input=256, latent=32
22:14:53 [INFO] gui.core.transformer_compressor: [Transformer] epoch 1/50 loss=14359.247070
22:14:53 [INFO] gui.core.transformer_compressor: [Transformer] epoch 10/50 loss=14292.892578
22:14:53 [INFO] gui.core.transformer_compressor: [Transformer] epoch 20/50 loss=14233.267578
22:14:53 [INFO] gui.core.transformer_compressor: [Transformer] epoch 30/50 loss=14165.654297
22:14:53 [INFO] gui.core.transformer_compressor: [Transformer] epoch 40/50 loss=14091.329102
22:14:53 [INFO] gui.core.transformer_compressor: [Transformer] epoch 50/50 loss=14011.900391
22:14:53 [INFO] gui.core.transformer_compressor: [Transformer] final MSE=13998.44140625
22:14:53 [INFO] gui.core.transformer_compressor: [Transformer] compressed 1857 -> 307064 bytes (16535.487%) in 433ms | params=76064,chunks=8,epochs=50,mse=13998.441406
22:14:53 [INFO] gui.main_window: [compress] compress done: 1857 -> 307064 bytes
22:14:53 [INFO] gui.main_window: [compress] EXPANSION detected: 307064 >= 1857, falling back to stored (raw)
22:14:53 [INFO] gui.main_window: [compress] START row=1 file=D:\AAA_C\compression-tool\resources\level3_large\blog_post.html algo=transformer (beta)
22:14:53 [INFO] gui.main_window: [compress] loaded raw data: 1864 bytes
22:14:53 [INFO] gui.main_window: [compress] compressing with transformer (beta) ...
22:14:53 [INFO] gui.core.transformer_compressor: [Transformer] model: 76064 params (76064 trainable), input=256, latent=32
22:14:53 [INFO] gui.core.transformer_compressor: [Transformer] epoch 1/50 loss=18488.390625
22:14:53 [INFO] gui.core.transformer_compressor: [Transformer] epoch 10/50 loss=18391.314453
22:14:54 [INFO] gui.core.transformer_compressor: [Transformer] epoch 20/50 loss=18325.074219
22:14:54 [INFO] gui.core.transformer_compressor: [Transformer] epoch 30/50 loss=18246.792969
22:14:54 [INFO] gui.core.transformer_compressor: [Transformer] epoch 40/50 loss=18160.054688
22:14:54 [INFO] gui.core.transformer_compressor: [Transformer] epoch 50/50 loss=18065.644531
22:14:54 [INFO] gui.core.transformer_compressor: [Transformer] final MSE=18052.07812500
22:14:54 [INFO] gui.core.transformer_compressor: [Transformer] compressed 1864 -> 307064 bytes (16473.391%) in 418ms | params=76064,chunks=8,epochs=50,mse=18052.078125
22:14:54 [INFO] gui.main_window: [compress] compress done: 1864 -> 307064 bytes
22:14:54 [INFO] gui.main_window: [compress] EXPANSION detected: 307064 >= 1864, falling back to stored (raw)
22:14:54 [INFO] gui.main_window: [compress] START row=1 file=D:\AAA_C\compression-tool\resources\level3_large\contact.html algo=transformer (beta)
22:14:54 [INFO] gui.main_window: [compress] loaded raw data: 1488 bytes
22:14:54 [INFO] gui.main_window: [compress] compressing with transformer (beta) ...
22:14:54 [INFO] gui.core.transformer_compressor: [Transformer] model: 76064 params (76064 trainable), input=256, latent=32
22:14:54 [INFO] gui.core.transformer_compressor: [Transformer] epoch 1/50 loss=11074.710938
22:14:54 [INFO] gui.core.transformer_compressor: [Transformer] epoch 10/50 loss=11004.486328
22:14:54 [INFO] gui.core.transformer_compressor: [Transformer] epoch 20/50 loss=10947.185547
22:14:54 [INFO] gui.core.transformer_compressor: [Transformer] epoch 30/50 loss=10884.623047
22:14:54 [INFO] gui.core.transformer_compressor: [Transformer] epoch 40/50 loss=10815.741211
22:14:54 [INFO] gui.core.transformer_compressor: [Transformer] epoch 50/50 loss=10741.847656
22:14:54 [INFO] gui.core.transformer_compressor: [Transformer] final MSE=10730.80175781
22:14:54 [INFO] gui.core.transformer_compressor: [Transformer] compressed 1488 -> 307064 bytes (20636.022%) in 410ms | params=76064,chunks=6,epochs=50,mse=10730.801758
22:14:54 [INFO] gui.main_window: [compress] compress done: 1488 -> 307064 bytes
22:14:54 [INFO] gui.main_window: [compress] EXPANSION detected: 307064 >= 1488, falling back to stored (raw)
22:14:54 [INFO] gui.main_window: [compress] START row=1 file=D:\AAA_C\compression-tool\resources\level3_large\dashboard.html algo=transformer (beta)
22:14:54 [INFO] gui.main_window: [compress] loaded raw data: 1553 bytes
22:14:54 [INFO] gui.main_window: [compress] compressing with transformer (beta) ...
22:14:54 [INFO] gui.core.transformer_compressor: [Transformer] model: 76064 params (76064 trainable), input=256, latent=32
22:14:54 [INFO] gui.core.transformer_compressor: [Transformer] epoch 1/50 loss=9083.592773
22:14:54 [INFO] gui.core.transformer_compressor: [Transformer] epoch 10/50 loss=9023.483398
22:14:54 [INFO] gui.core.transformer_compressor: [Transformer] epoch 20/50 loss=8974.918945
22:14:54 [INFO] gui.core.transformer_compressor: [Transformer] epoch 30/50 loss=8920.701172
22:14:55 [INFO] gui.core.transformer_compressor: [Transformer] epoch 40/50 loss=8862.496094
22:14:55 [INFO] gui.core.transformer_compressor: [Transformer] epoch 50/50 loss=8799.414062
22:14:55 [INFO] gui.core.transformer_compressor: [Transformer] final MSE=8788.80371094
22:14:55 [INFO] gui.core.transformer_compressor: [Transformer] compressed 1553 -> 307064 bytes (19772.312%) in 411ms | params=76064,chunks=7,epochs=50,mse=8788.803711
22:14:55 [INFO] gui.main_window: [compress] compress done: 1553 -> 307064 bytes
22:14:55 [INFO] gui.main_window: [compress] EXPANSION detected: 307064 >= 1553, falling back to stored (raw)
22:14:55 [INFO] gui.main_window: [compress] START row=1 file=D:\AAA_C\compression-tool\resources\level3_large\error404.html algo=transformer (beta)
22:14:55 [INFO] gui.main_window: [compress] loaded raw data: 769 bytes
22:14:55 [INFO] gui.main_window: [compress] compressing with transformer (beta) ...
22:14:55 [INFO] gui.core.transformer_compressor: [Transformer] model: 76064 params (76064 trainable), input=256, latent=32
22:14:55 [INFO] gui.core.transformer_compressor: [Transformer] epoch 1/50 loss=8041.828613
22:14:55 [INFO] gui.core.transformer_compressor: [Transformer] epoch 10/50 loss=7989.347656
22:14:55 [INFO] gui.core.transformer_compressor: [Transformer] epoch 20/50 loss=7948.641602
22:14:55 [INFO] gui.core.transformer_compressor: [Transformer] epoch 30/50 loss=7902.396484
22:14:55 [INFO] gui.core.transformer_compressor: [Transformer] epoch 40/50 loss=7851.553223
22:14:55 [INFO] gui.core.transformer_compressor: [Transformer] epoch 50/50 loss=7798.131348
22:14:55 [INFO] gui.core.transformer_compressor: [Transformer] final MSE=7788.16259766
22:14:55 [INFO] gui.core.transformer_compressor: [Transformer] compressed 769 -> 307064 bytes (39930.299%) in 393ms | params=76064,chunks=4,epochs=50,mse=7788.162598
22:14:55 [INFO] gui.main_window: [compress] compress done: 769 -> 307064 bytes
22:14:55 [INFO] gui.main_window: [compress] EXPANSION detected: 307064 >= 769, falling back to stored (raw)
22:14:55 [INFO] gui.main_window: [compress] START row=1 file=D:\AAA_C\compression-tool\resources\level3_large\faq.html algo=transformer (beta)
22:14:55 [INFO] gui.main_window: [compress] loaded raw data: 1623 bytes
22:14:55 [INFO] gui.main_window: [compress] compressing with transformer (beta) ...
22:14:55 [INFO] gui.core.transformer_compressor: [Transformer] model: 76064 params (76064 trainable), input=256, latent=32
22:14:55 [INFO] gui.core.transformer_compressor: [Transformer] epoch 1/50 loss=15976.575195
22:14:55 [INFO] gui.core.transformer_compressor: [Transformer] epoch 10/50 loss=15903.029297
22:14:55 [INFO] gui.core.transformer_compressor: [Transformer] epoch 20/50 loss=15843.001953
22:14:55 [INFO] gui.core.transformer_compressor: [Transformer] epoch 30/50 loss=15774.752930
22:14:55 [INFO] gui.core.transformer_compressor: [Transformer] epoch 40/50 loss=15699.410156
22:14:55 [INFO] gui.core.transformer_compressor: [Transformer] epoch 50/50 loss=15617.431641
22:14:55 [INFO] gui.core.transformer_compressor: [Transformer] final MSE=15604.44335938
22:14:55 [INFO] gui.core.transformer_compressor: [Transformer] compressed 1623 -> 307064 bytes (18919.532%) in 427ms | params=76064,chunks=7,epochs=50,mse=15604.443359
22:14:55 [INFO] gui.main_window: [compress] compress done: 1623 -> 307064 bytes
22:14:55 [INFO] gui.main_window: [compress] EXPANSION detected: 307064 >= 1623, falling back to stored (raw)
22:14:55 [INFO] gui.main_window: [compress] START row=1 file=D:\AAA_C\compression-tool\resources\level3_large\index.html algo=transformer (beta)
22:14:55 [INFO] gui.main_window: [compress] loaded raw data: 6607 bytes
22:14:55 [INFO] gui.main_window: [compress] compressing with transformer (beta) ...
22:14:55 [INFO] gui.core.transformer_compressor: [Transformer] model: 76064 params (76064 trainable), input=256, latent=32
22:14:55 [INFO] gui.core.transformer_compressor: [Transformer] epoch 1/50 loss=14795.889648
22:14:56 [INFO] gui.core.transformer_compressor: [Transformer] epoch 10/50 loss=14989.362305
22:14:56 [INFO] gui.core.transformer_compressor: [Transformer] epoch 20/50 loss=14481.892090
22:14:56 [INFO] gui.core.transformer_compressor: [Transformer] epoch 30/50 loss=14431.793457
22:14:56 [INFO] gui.core.transformer_compressor: [Transformer] epoch 40/50 loss=14089.993164
22:14:56 [INFO] gui.core.transformer_compressor: [Transformer] epoch 50/50 loss=13416.941895
22:14:56 [INFO] gui.core.transformer_compressor: [Transformer] final MSE=13838.71679688
22:14:56 [INFO] gui.core.transformer_compressor: [Transformer] compressed 6607 -> 307064 bytes (4647.556%) in 789ms | params=76064,chunks=26,epochs=50,mse=13838.716797
22:14:56 [INFO] gui.main_window: [compress] compress done: 6607 -> 307064 bytes
22:14:56 [INFO] gui.main_window: [compress] EXPANSION detected: 307064 >= 6607, falling back to stored (raw)
22:14:56 [INFO] gui.main_window: [compress] START row=1 file=D:\AAA_C\compression-tool\resources\level3_large\login.html algo=transformer (beta)
22:14:56 [INFO] gui.main_window: [compress] loaded raw data: 1196 bytes
22:14:56 [INFO] gui.main_window: [compress] compressing with transformer (beta) ...
22:14:56 [INFO] gui.core.transformer_compressor: [Transformer] model: 76064 params (76064 trainable), input=256, latent=32
22:14:56 [INFO] gui.core.transformer_compressor: [Transformer] epoch 1/50 loss=10024.935547
22:14:56 [INFO] gui.core.transformer_compressor: [Transformer] epoch 10/50 loss=9966.203125
22:14:56 [INFO] gui.core.transformer_compressor: [Transformer] epoch 20/50 loss=9913.105469
22:14:56 [INFO] gui.core.transformer_compressor: [Transformer] epoch 30/50 loss=9853.283203
22:14:57 [INFO] gui.core.transformer_compressor: [Transformer] epoch 40/50 loss=9789.049805
22:14:57 [INFO] gui.core.transformer_compressor: [Transformer] epoch 50/50 loss=9718.890625
22:14:57 [INFO] gui.core.transformer_compressor: [Transformer] final MSE=9707.65234375
22:14:57 [INFO] gui.core.transformer_compressor: [Transformer] compressed 1196 -> 307064 bytes (25674.247%) in 412ms | params=76064,chunks=5,epochs=50,mse=9707.652344
22:14:57 [INFO] gui.main_window: [compress] compress done: 1196 -> 307064 bytes
22:14:57 [INFO] gui.main_window: [compress] EXPANSION detected: 307064 >= 1196, falling back to stored (raw)
22:14:57 [INFO] gui.main_window: [compress] START row=1 file=D:\AAA_C\compression-tool\resources\level3_large\manifest.json algo=transformer (beta)
22:14:57 [INFO] gui.main_window: [compress] loaded raw data: 164 bytes
22:14:57 [INFO] gui.main_window: [compress] compressing with transformer (beta) ...
22:14:57 [INFO] gui.main_window: [compress] compress done: 164 -> 0 bytes
22:14:57 [INFO] gui.main_window: [compress] START row=1 file=D:\AAA_C\compression-tool\resources\level3_large\privacy.html algo=transformer (beta)
22:14:57 [INFO] gui.main_window: [compress] loaded raw data: 907 bytes
22:14:57 [INFO] gui.main_window: [compress] compressing with transformer (beta) ...
22:14:57 [INFO] gui.core.transformer_compressor: [Transformer] model: 76064 params (76064 trainable), input=256, latent=32
22:14:57 [INFO] gui.core.transformer_compressor: [Transformer] epoch 1/50 loss=12454.675781
22:14:57 [INFO] gui.core.transformer_compressor: [Transformer] epoch 10/50 loss=12386.414062
22:14:57 [INFO] gui.core.transformer_compressor: [Transformer] epoch 20/50 loss=12329.441406
22:14:57 [INFO] gui.core.transformer_compressor: [Transformer] epoch 30/50 loss=12264.607422
22:14:57 [INFO] gui.core.transformer_compressor: [Transformer] epoch 40/50 loss=12191.800781
22:14:57 [INFO] gui.core.transformer_compressor: [Transformer] epoch 50/50 loss=12118.972656
22:14:57 [INFO] gui.core.transformer_compressor: [Transformer] final MSE=12105.50097656
22:14:57 [INFO] gui.core.transformer_compressor: [Transformer] compressed 907 -> 307064 bytes (33854.906%) in 415ms | params=76064,chunks=4,epochs=50,mse=12105.500977
22:14:57 [INFO] gui.main_window: [compress] compress done: 907 -> 307064 bytes
22:14:57 [INFO] gui.main_window: [compress] EXPANSION detected: 307064 >= 907, falling back to stored (raw)
22:14:57 [INFO] gui.main_window: [compress] START row=1 file=D:\AAA_C\compression-tool\resources\level3_large\products.html algo=transformer (beta)
22:14:57 [INFO] gui.main_window: [compress] loaded raw data: 2530 bytes
22:14:57 [INFO] gui.main_window: [compress] compressing with transformer (beta) ...
22:14:57 [INFO] gui.core.transformer_compressor: [Transformer] model: 76064 params (76064 trainable), input=256, latent=32
22:14:57 [INFO] gui.core.transformer_compressor: [Transformer] epoch 1/50 loss=15682.556641
22:14:57 [INFO] gui.core.transformer_compressor: [Transformer] epoch 10/50 loss=15591.823242
22:14:57 [INFO] gui.core.transformer_compressor: [Transformer] epoch 20/50 loss=15527.900391
22:14:57 [INFO] gui.core.transformer_compressor: [Transformer] epoch 30/50 loss=15455.747070
22:14:57 [INFO] gui.core.transformer_compressor: [Transformer] epoch 40/50 loss=15379.569336
22:14:57 [INFO] gui.core.transformer_compressor: [Transformer] epoch 50/50 loss=15293.840820
22:14:57 [INFO] gui.core.transformer_compressor: [Transformer] final MSE=15279.84375000
22:14:57 [INFO] gui.core.transformer_compressor: [Transformer] compressed 2530 -> 307064 bytes (12136.917%) in 427ms | params=76064,chunks=10,epochs=50,mse=15279.843750
22:14:57 [INFO] gui.main_window: [compress] compress done: 2530 -> 307064 bytes
22:14:57 [INFO] gui.main_window: [compress] EXPANSION detected: 307064 >= 2530, falling back to stored (raw)
22:14:57 [INFO] gui.main_window: [compress] START row=1 file=D:\AAA_C\compression-tool\resources\level3_large\product_detail.html algo=transformer (beta)
22:14:57 [INFO] gui.main_window: [compress] loaded raw data: 2116 bytes
22:14:57 [INFO] gui.main_window: [compress] compressing with transformer (beta) ...
22:14:58 [INFO] gui.core.transformer_compressor: [Transformer] model: 76064 params (76064 trainable), input=256, latent=32
22:14:58 [INFO] gui.core.transformer_compressor: [Transformer] epoch 1/50 loss=14432.734375
22:14:58 [INFO] gui.core.transformer_compressor: [Transformer] epoch 10/50 loss=14365.023438
22:14:58 [INFO] gui.core.transformer_compressor: [Transformer] epoch 20/50 loss=14301.944336
22:14:58 [INFO] gui.core.transformer_compressor: [Transformer] epoch 30/50 loss=14233.397461
22:14:58 [INFO] gui.core.transformer_compressor: [Transformer] epoch 40/50 loss=14156.524414
22:14:58 [INFO] gui.core.transformer_compressor: [Transformer] epoch 50/50 loss=14073.338867
22:14:58 [INFO] gui.core.transformer_compressor: [Transformer] final MSE=14060.45019531
22:14:58 [INFO] gui.core.transformer_compressor: [Transformer] compressed 2116 -> 307064 bytes (14511.531%) in 431ms | params=76064,chunks=9,epochs=50,mse=14060.450195
22:14:58 [INFO] gui.main_window: [compress] compress done: 2116 -> 307064 bytes
22:14:58 [INFO] gui.main_window: [compress] EXPANSION detected: 307064 >= 2116, falling back to stored (raw)
22:14:58 [INFO] gui.main_window: [compress] START row=1 file=D:\AAA_C\compression-tool\resources\level3_large\profile.html algo=transformer (beta)
22:14:58 [INFO] gui.main_window: [compress] loaded raw data: 1268 bytes
22:14:58 [INFO] gui.main_window: [compress] compressing with transformer (beta) ...
22:14:58 [INFO] gui.core.transformer_compressor: [Transformer] model: 76064 params (76064 trainable), input=256, latent=32
22:14:58 [INFO] gui.core.transformer_compressor: [Transformer] epoch 1/50 loss=10070.194336
22:14:58 [INFO] gui.core.transformer_compressor: [Transformer] epoch 10/50 loss=10005.673828
22:14:58 [INFO] gui.core.transformer_compressor: [Transformer] epoch 20/50 loss=9951.126953
22:14:58 [INFO] gui.core.transformer_compressor: [Transformer] epoch 30/50 loss=9889.236328
22:14:58 [INFO] gui.core.transformer_compressor: [Transformer] epoch 40/50 loss=9820.971680
22:14:58 [INFO] gui.core.transformer_compressor: [Transformer] epoch 50/50 loss=9748.291016
22:14:58 [INFO] gui.core.transformer_compressor: [Transformer] final MSE=9736.92089844
22:14:58 [INFO] gui.core.transformer_compressor: [Transformer] compressed 1268 -> 307064 bytes (24216.404%) in 441ms | params=76064,chunks=5,epochs=50,mse=9736.920898
22:14:58 [INFO] gui.main_window: [compress] compress done: 1268 -> 307064 bytes
22:14:58 [INFO] gui.main_window: [compress] EXPANSION detected: 307064 >= 1268, falling back to stored (raw)
22:14:58 [INFO] gui.main_window: [compress] START row=1 file=D:\AAA_C\compression-tool\resources\level3_large\register.html algo=transformer (beta)
22:14:58 [INFO] gui.main_window: [compress] loaded raw data: 1381 bytes
22:14:58 [INFO] gui.main_window: [compress] compressing with transformer (beta) ...
22:14:58 [INFO] gui.core.transformer_compressor: [Transformer] model: 76064 params (76064 trainable), input=256, latent=32
22:14:58 [INFO] gui.core.transformer_compressor: [Transformer] epoch 1/50 loss=10227.685547
22:14:58 [INFO] gui.core.transformer_compressor: [Transformer] epoch 10/50 loss=10166.774414
22:14:59 [INFO] gui.core.transformer_compressor: [Transformer] epoch 20/50 loss=10115.300781
22:14:59 [INFO] gui.core.transformer_compressor: [Transformer] epoch 30/50 loss=10057.214844
22:14:59 [INFO] gui.core.transformer_compressor: [Transformer] epoch 40/50 loss=9993.299805
22:14:59 [INFO] gui.core.transformer_compressor: [Transformer] epoch 50/50 loss=9923.784180
22:14:59 [INFO] gui.core.transformer_compressor: [Transformer] final MSE=9912.93945312
22:14:59 [INFO] gui.core.transformer_compressor: [Transformer] compressed 1381 -> 307064 bytes (22234.902%) in 424ms | params=76064,chunks=6,epochs=50,mse=9912.939453
22:14:59 [INFO] gui.main_window: [compress] compress done: 1381 -> 307064 bytes
22:14:59 [INFO] gui.main_window: [compress] EXPANSION detected: 307064 >= 1381, falling back to stored (raw)
22:14:59 [INFO] gui.main_window: [compress] START row=1 file=D:\AAA_C\compression-tool\resources\level3_large\robots.txt algo=transformer (beta)
22:14:59 [INFO] gui.main_window: [compress] loaded raw data: 116 bytes
22:14:59 [INFO] gui.main_window: [compress] compressing with transformer (beta) ...
22:14:59 [INFO] gui.main_window: [compress] compress done: 116 -> 0 bytes
22:14:59 [INFO] gui.main_window: [compress] START row=1 file=D:\AAA_C\compression-tool\resources\level3_large\search_results.html algo=transformer (beta)
22:14:59 [INFO] gui.main_window: [compress] loaded raw data: 1454 bytes
22:14:59 [INFO] gui.main_window: [compress] compressing with transformer (beta) ...
22:14:59 [INFO] gui.core.transformer_compressor: [Transformer] model: 76064 params (76064 trainable), input=256, latent=32
22:14:59 [INFO] gui.core.transformer_compressor: [Transformer] epoch 1/50 loss=12422.513672
22:14:59 [INFO] gui.core.transformer_compressor: [Transformer] epoch 10/50 loss=12351.726562
22:14:59 [INFO] gui.core.transformer_compressor: [Transformer] epoch 20/50 loss=12296.318359
22:14:59 [INFO] gui.core.transformer_compressor: [Transformer] epoch 30/50 loss=12232.557617
22:14:59 [INFO] gui.core.transformer_compressor: [Transformer] epoch 40/50 loss=12160.444336
22:14:59 [INFO] gui.core.transformer_compressor: [Transformer] epoch 50/50 loss=12083.624023
22:14:59 [INFO] gui.core.transformer_compressor: [Transformer] final MSE=12071.23339844
22:14:59 [INFO] gui.core.transformer_compressor: [Transformer] compressed 1454 -> 307064 bytes (21118.569%) in 441ms | params=76064,chunks=6,epochs=50,mse=12071.233398
22:14:59 [INFO] gui.main_window: [compress] compress done: 1454 -> 307064 bytes
22:14:59 [INFO] gui.main_window: [compress] EXPANSION detected: 307064 >= 1454, falling back to stored (raw)
22:14:59 [INFO] gui.main_window: [compress] START row=1 file=D:\AAA_C\compression-tool\resources\level3_large\settings.html algo=transformer (beta)
22:14:59 [INFO] gui.main_window: [compress] loaded raw data: 1296 bytes
22:14:59 [INFO] gui.main_window: [compress] compressing with transformer (beta) ...
22:14:59 [INFO] gui.core.transformer_compressor: [Transformer] model: 76064 params (76064 trainable), input=256, latent=32
22:14:59 [INFO] gui.core.transformer_compressor: [Transformer] epoch 1/50 loss=8982.933594
22:14:59 [INFO] gui.core.transformer_compressor: [Transformer] epoch 10/50 loss=8927.665039
22:14:59 [INFO] gui.core.transformer_compressor: [Transformer] epoch 20/50 loss=8883.398438
22:14:59 [INFO] gui.core.transformer_compressor: [Transformer] epoch 30/50 loss=8831.872070
22:15:00 [INFO] gui.core.transformer_compressor: [Transformer] epoch 40/50 loss=8774.584961
22:15:00 [INFO] gui.core.transformer_compressor: [Transformer] epoch 50/50 loss=8710.540039
22:15:00 [INFO] gui.core.transformer_compressor: [Transformer] final MSE=8702.07617188
22:15:00 [INFO] gui.core.transformer_compressor: [Transformer] compressed 1296 -> 307064 bytes (23693.210%) in 423ms | params=76064,chunks=6,epochs=50,mse=8702.076172
22:15:00 [INFO] gui.main_window: [compress] compress done: 1296 -> 307064 bytes
22:15:00 [INFO] gui.main_window: [compress] EXPANSION detected: 307064 >= 1296, falling back to stored (raw)
22:15:00 [INFO] gui.main_window: [compress] START row=1 file=D:\AAA_C\compression-tool\resources\level3_large\sitemap.xml algo=transformer (beta)
22:15:00 [INFO] gui.main_window: [compress] loaded raw data: 782 bytes
22:15:00 [INFO] gui.main_window: [compress] compressing with transformer (beta) ...
22:15:00 [INFO] gui.core.transformer_compressor: [Transformer] model: 76064 params (76064 trainable), input=256, latent=32
22:15:00 [INFO] gui.core.transformer_compressor: [Transformer] epoch 1/50 loss=6971.721191
22:15:00 [INFO] gui.core.transformer_compressor: [Transformer] epoch 10/50 loss=6922.990234
22:15:00 [INFO] gui.core.transformer_compressor: [Transformer] epoch 20/50 loss=6883.057617
22:15:00 [INFO] gui.core.transformer_compressor: [Transformer] epoch 30/50 loss=6837.700195
22:15:00 [INFO] gui.main_window: [view] comparison from right-click, row=1
22:15:00 [INFO] gui.main_window: [view] running folder comparison for level3_large (44 files)
22:15:00 [INFO] gui.core.transformer_compressor: [Transformer] epoch 40/50 loss=6790.212891
22:15:00 [INFO] gui.core.transformer_compressor: [Transformer] epoch 50/50 loss=6737.788086
22:15:00 [INFO] gui.core.transformer_compressor: [Transformer] final MSE=6728.72167969
22:15:00 [INFO] gui.core.transformer_compressor: [Transformer] compressed 782 -> 307064 bytes (39266.496%) in 463ms | params=76064,chunks=4,epochs=50,mse=6728.721680
22:15:00 [INFO] gui.main_window: [compress] compress done: 782 -> 307064 bytes
22:15:00 [INFO] gui.main_window: [compress] EXPANSION detected: 307064 >= 782, falling back to stored (raw)
22:15:00 [INFO] gui.main_window: [compress] START row=1 file=D:\AAA_C\compression-tool\resources\level3_large\terms.html algo=transformer (beta)
22:15:00 [INFO] gui.main_window: [compress] loaded raw data: 1247 bytes
22:15:00 [INFO] gui.main_window: [compress] compressing with transformer (beta) ...
22:15:00 [INFO] gui.core.transformer_compressor: [Transformer] model: 76064 params (76064 trainable), input=256, latent=32
22:15:00 [INFO] gui.core.transformer_compressor: [Transformer] epoch 1/50 loss=17099.345703
22:15:00 [INFO] gui.core.transformer_compressor: [Transformer] epoch 10/50 loss=17014.355469
22:15:00 [INFO] gui.core.transformer_compressor: [Transformer] epoch 20/50 loss=16945.138672
22:15:00 [INFO] gui.core.transformer_compressor: [Transformer] epoch 30/50 loss=16867.796875
22:15:01 [INFO] gui.core.transformer_compressor: [Transformer] epoch 40/50 loss=16783.685547
22:15:01 [INFO] gui.core.transformer_compressor: [Transformer] epoch 50/50 loss=16691.003906
22:15:01 [INFO] gui.core.transformer_compressor: [Transformer] final MSE=16676.32421875
22:15:01 [INFO] gui.core.transformer_compressor: [Transformer] compressed 1247 -> 307064 bytes (24624.218%) in 447ms | params=76064,chunks=5,epochs=50,mse=16676.324219
22:15:01 [INFO] gui.main_window: [compress] compress done: 1247 -> 307064 bytes
22:15:01 [INFO] gui.main_window: [compress] EXPANSION detected: 307064 >= 1247, falling back to stored (raw)
22:15:01 [INFO] gui.main_window: [compress] START row=1 file=D:\AAA_C\compression-tool\resources\level3_large\css\components.css algo=transformer (beta)
22:15:01 [INFO] gui.main_window: [compress] loaded raw data: 14729 bytes
22:15:01 [INFO] gui.main_window: [compress] compressing with transformer (beta) ...
22:15:01 [INFO] gui.core.transformer_compressor: [Transformer] model: 76064 params (76064 trainable), input=256, latent=32
22:15:01 [INFO] gui.core.transformer_compressor: [Transformer] epoch 1/50 loss=8325.333862
22:15:01 [INFO] gui.core.transformer_compressor: [Transformer] epoch 10/50 loss=8170.152588
22:15:01 [INFO] gui.core.transformer_compressor: [Transformer] epoch 20/50 loss=7883.772461
22:15:02 [INFO] gui.core.transformer_compressor: [Transformer] epoch 30/50 loss=7511.432251
22:15:02 [INFO] gui.core.transformer_compressor: [Transformer] epoch 40/50 loss=7105.029419
22:15:02 [INFO] gui.core.transformer_compressor: [Transformer] epoch 50/50 loss=6655.833496
22:15:02 [INFO] gui.core.transformer_compressor: [Transformer] final MSE=6616.74365234
22:15:02 [INFO] gui.core.transformer_compressor: [Transformer] compressed 14729 -> 307064 bytes (2084.758%) in 1753ms | params=76064,chunks=58,epochs=50,mse=6616.743652
22:15:02 [INFO] gui.main_window: [compress] compress done: 14729 -> 307064 bytes
22:15:02 [INFO] gui.main_window: [compress] EXPANSION detected: 307064 >= 14729, falling back to stored (raw)
22:15:02 [INFO] gui.main_window: [compress] START row=1 file=D:\AAA_C\compression-tool\resources\level3_large\css\layout.css algo=transformer (beta)
22:15:02 [INFO] gui.main_window: [compress] loaded raw data: 2017 bytes
22:15:02 [INFO] gui.main_window: [compress] compressing with transformer (beta) ...
22:15:02 [INFO] gui.core.transformer_compressor: [Transformer] model: 76064 params (76064 trainable), input=256, latent=32
22:15:02 [INFO] gui.core.transformer_compressor: [Transformer] epoch 1/50 loss=8151.572266
22:15:02 [INFO] gui.core.transformer_compressor: [Transformer] epoch 10/50 loss=8097.794922
22:15:03 [INFO] gui.core.transformer_compressor: [Transformer] epoch 20/50 loss=8050.440430
22:15:03 [INFO] gui.core.transformer_compressor: [Transformer] epoch 30/50 loss=7996.854980
22:15:03 [INFO] gui.core.transformer_compressor: [Transformer] epoch 40/50 loss=7936.068359
22:15:03 [INFO] gui.core.transformer_compressor: [Transformer] epoch 50/50 loss=7871.142578
22:15:03 [INFO] gui.core.transformer_compressor: [Transformer] final MSE=7860.86669922
22:15:03 [INFO] gui.core.transformer_compressor: [Transformer] compressed 2017 -> 307064 bytes (15223.798%) in 445ms | params=76064,chunks=8,epochs=50,mse=7860.866699
22:15:03 [INFO] gui.main_window: [compress] compress done: 2017 -> 307064 bytes
22:15:03 [INFO] gui.main_window: [compress] EXPANSION detected: 307064 >= 2017, falling back to stored (raw)
22:15:03 [INFO] gui.main_window: [compress] START row=1 file=D:\AAA_C\compression-tool\resources\level3_large\css\main.css algo=transformer (beta)
22:15:03 [INFO] gui.main_window: [compress] loaded raw data: 6749 bytes
22:15:03 [INFO] gui.main_window: [compress] compressing with transformer (beta) ...
22:15:03 [INFO] gui.core.transformer_compressor: [Transformer] model: 76064 params (76064 trainable), input=256, latent=32
22:15:03 [INFO] gui.core.transformer_compressor: [Transformer] epoch 1/50 loss=7893.366211
22:15:03 [INFO] gui.core.transformer_compressor: [Transformer] epoch 10/50 loss=7692.514160
22:15:03 [INFO] gui.core.transformer_compressor: [Transformer] epoch 20/50 loss=7588.450439
22:15:03 [INFO] gui.core.transformer_compressor: [Transformer] epoch 30/50 loss=7450.659424
22:15:04 [INFO] gui.core.transformer_compressor: [Transformer] epoch 40/50 loss=7390.134766
22:15:04 [INFO] gui.core.transformer_compressor: [Transformer] epoch 50/50 loss=7177.055664
22:15:04 [INFO] gui.core.transformer_compressor: [Transformer] final MSE=7170.80566406
22:15:04 [INFO] gui.core.transformer_compressor: [Transformer] compressed 6749 -> 307064 bytes (4549.770%) in 861ms | params=76064,chunks=27,epochs=50,mse=7170.805664
22:15:04 [INFO] gui.main_window: [compress] compress done: 6749 -> 307064 bytes
22:15:04 [INFO] gui.main_window: [compress] EXPANSION detected: 307064 >= 6749, falling back to stored (raw)
22:15:04 [INFO] gui.main_window: [compress] START row=1 file=D:\AAA_C\compression-tool\resources\level3_large\css\theme.css algo=transformer (beta)
22:15:04 [INFO] gui.main_window: [compress] loaded raw data: 1760 bytes
22:15:04 [INFO] gui.main_window: [compress] compressing with transformer (beta) ...
22:15:04 [INFO] gui.core.transformer_compressor: [Transformer] model: 76064 params (76064 trainable), input=256, latent=32
22:15:04 [INFO] gui.core.transformer_compressor: [Transformer] epoch 1/50 loss=7641.105469
22:15:04 [INFO] gui.core.transformer_compressor: [Transformer] epoch 10/50 loss=7589.567383
22:15:04 [INFO] gui.core.transformer_compressor: [Transformer] epoch 20/50 loss=7543.063965
22:15:04 [INFO] gui.core.transformer_compressor: [Transformer] epoch 30/50 loss=7490.619629
22:15:04 [INFO] gui.core.transformer_compressor: [Transformer] epoch 40/50 loss=7432.830566
22:15:04 [INFO] gui.core.transformer_compressor: [Transformer] epoch 50/50 loss=7369.019531
22:15:04 [INFO] gui.core.transformer_compressor: [Transformer] final MSE=7360.61962891
22:15:04 [INFO] gui.core.transformer_compressor: [Transformer] compressed 1760 -> 307064 bytes (17446.818%) in 417ms | params=76064,chunks=7,epochs=50,mse=7360.619629
22:15:04 [INFO] gui.main_window: [compress] compress done: 1760 -> 307064 bytes
22:15:04 [INFO] gui.main_window: [compress] EXPANSION detected: 307064 >= 1760, falling back to stored (raw)
22:15:04 [INFO] gui.main_window: [compress] START row=1 file=D:\AAA_C\compression-tool\resources\level3_large\images\avatar_default.png algo=transformer (beta)
22:15:04 [INFO] gui.main_window: [compress] loaded raw data: 1003 bytes
22:15:04 [INFO] gui.main_window: [compress] compressing with transformer (beta) ...
22:15:04 [INFO] gui.core.transformer_compressor: [Transformer] model: 76064 params (76064 trainable), input=256, latent=32
22:15:04 [INFO] gui.core.transformer_compressor: [Transformer] epoch 1/50 loss=21207.734375
22:15:04 [INFO] gui.core.transformer_compressor: [Transformer] epoch 10/50 loss=21124.011719
22:15:04 [INFO] gui.core.transformer_compressor: [Transformer] epoch 20/50 loss=21054.539062
22:15:04 [INFO] gui.core.transformer_compressor: [Transformer] epoch 30/50 loss=20976.261719
22:15:04 [INFO] gui.core.transformer_compressor: [Transformer] epoch 40/50 loss=20891.708984
22:15:05 [INFO] gui.core.transformer_compressor: [Transformer] epoch 50/50 loss=20799.464844
22:15:05 [INFO] gui.core.transformer_compressor: [Transformer] final MSE=20784.68359375
22:15:05 [INFO] gui.core.transformer_compressor: [Transformer] compressed 1003 -> 307064 bytes (30614.556%) in 446ms | params=76064,chunks=4,epochs=50,mse=20784.683594
22:15:05 [INFO] gui.main_window: [compress] compress done: 1003 -> 307064 bytes
22:15:05 [INFO] gui.main_window: [compress] EXPANSION detected: 307064 >= 1003, falling back to stored (raw)
22:15:05 [INFO] gui.main_window: [compress] START row=1 file=D:\AAA_C\compression-tool\resources\level3_large\images\banner_wide.png algo=transformer (beta)
22:15:05 [INFO] gui.main_window: [compress] loaded raw data: 2629 bytes
22:15:05 [INFO] gui.main_window: [compress] compressing with transformer (beta) ...
22:15:05 [INFO] gui.core.transformer_compressor: [Transformer] model: 76064 params (76064 trainable), input=256, latent=32
22:15:05 [INFO] gui.core.transformer_compressor: [Transformer] epoch 1/50 loss=7936.743164
22:15:05 [INFO] gui.core.transformer_compressor: [Transformer] epoch 10/50 loss=7893.810547
22:15:05 [INFO] gui.core.transformer_compressor: [Transformer] epoch 20/50 loss=7862.406250
22:15:05 [INFO] gui.core.transformer_compressor: [Transformer] epoch 30/50 loss=7826.419434
22:15:05 [INFO] gui.core.transformer_compressor: [Transformer] epoch 40/50 loss=7786.794434
22:15:05 [INFO] gui.core.transformer_compressor: [Transformer] epoch 50/50 loss=7744.081055
22:15:05 [INFO] gui.core.transformer_compressor: [Transformer] final MSE=7737.57324219
22:15:05 [INFO] gui.core.transformer_compressor: [Transformer] compressed 2629 -> 307064 bytes (11679.878%) in 397ms | params=76064,chunks=11,epochs=50,mse=7737.573242
22:15:05 [INFO] gui.main_window: [compress] compress done: 2629 -> 307064 bytes
22:15:05 [INFO] gui.main_window: [compress] EXPANSION detected: 307064 >= 2629, falling back to stored (raw)
22:15:05 [INFO] gui.main_window: [compress] START row=1 file=D:\AAA_C\compression-tool\resources\level3_large\images\bg_landscape.jpg algo=transformer (beta)
22:15:05 [INFO] gui.main_window: [compress] loaded raw data: 45732 bytes
22:15:05 [INFO] gui.main_window: [compress] compressing with transformer (beta) ...
22:15:05 [INFO] gui.core.transformer_compressor: [Transformer] model: 76064 params (76064 trainable), input=256, latent=32
22:15:05 [INFO] gui.core.transformer_compressor: [Transformer] epoch 1/50 loss=29246.152995
22:15:06 [INFO] gui.core.transformer_compressor: [Transformer] epoch 10/50 loss=27995.436686
22:15:07 [INFO] gui.core.transformer_compressor: [Transformer] epoch 20/50 loss=25467.198730
22:15:08 [INFO] gui.core.transformer_compressor: [Transformer] epoch 30/50 loss=21986.787598
22:15:09 [INFO] gui.core.transformer_compressor: [Transformer] epoch 40/50 loss=18609.121257
22:15:10 [INFO] gui.core.transformer_compressor: [Transformer] epoch 50/50 loss=15018.868571
22:15:10 [INFO] gui.core.transformer_compressor: [Transformer] final MSE=14892.34082031
22:15:10 [INFO] gui.core.transformer_compressor: [Transformer] compressed 45732 -> 307064 bytes (671.442%) in 4854ms | params=76064,chunks=179,epochs=50,mse=14892.340820
22:15:10 [INFO] gui.main_window: [compress] compress done: 45732 -> 307064 bytes
22:15:10 [INFO] gui.main_window: [compress] EXPANSION detected: 307064 >= 45732, falling back to stored (raw)
22:15:10 [INFO] gui.main_window: [compress] START row=1 file=D:\AAA_C\compression-tool\resources\level3_large\images\hero_banner.jpg algo=transformer (beta)
22:15:10 [INFO] gui.main_window: [compress] loaded raw data: 29855 bytes
22:15:10 [INFO] gui.main_window: [compress] compressing with transformer (beta) ...
22:15:10 [INFO] gui.core.transformer_compressor: [Transformer] model: 76064 params (76064 trainable), input=256, latent=32
22:15:10 [INFO] gui.core.transformer_compressor: [Transformer] epoch 1/50 loss=10850.547729
22:15:11 [INFO] gui.core.transformer_compressor: [Transformer] epoch 10/50 loss=10587.614624
22:15:11 [INFO] gui.core.transformer_compressor: [Transformer] epoch 20/50 loss=9626.813232
22:15:12 [INFO] gui.core.transformer_compressor: [Transformer] epoch 30/50 loss=8885.193970
22:15:12 [INFO] gui.core.transformer_compressor: [Transformer] epoch 40/50 loss=7902.326843
22:15:13 [INFO] gui.core.transformer_compressor: [Transformer] epoch 50/50 loss=7004.470825
22:15:13 [INFO] gui.core.transformer_compressor: [Transformer] final MSE=6863.37402344
22:15:13 [INFO] gui.core.transformer_compressor: [Transformer] compressed 29855 -> 307064 bytes (1028.518%) in 3203ms | params=76064,chunks=117,epochs=50,mse=6863.374023
22:15:13 [INFO] gui.main_window: [compress] compress done: 29855 -> 307064 bytes
22:15:13 [INFO] gui.main_window: [compress] EXPANSION detected: 307064 >= 29855, falling back to stored (raw)
22:15:13 [INFO] gui.main_window: [compress] START row=1 file=D:\AAA_C\compression-tool\resources\level3_large\images\icon_set.png algo=transformer (beta)
22:15:13 [INFO] gui.main_window: [compress] loaded raw data: 1188 bytes
22:15:13 [INFO] gui.main_window: [compress] compressing with transformer (beta) ...
22:15:13 [INFO] gui.core.transformer_compressor: [Transformer] model: 76064 params (76064 trainable), input=256, latent=32
22:15:13 [INFO] gui.core.transformer_compressor: [Transformer] epoch 1/50 loss=14294.967773
22:15:13 [INFO] gui.core.transformer_compressor: [Transformer] epoch 10/50 loss=14228.244141
22:15:13 [INFO] gui.core.transformer_compressor: [Transformer] epoch 20/50 loss=14180.124023
22:15:13 [INFO] gui.core.transformer_compressor: [Transformer] epoch 30/50 loss=14125.465820
22:15:13 [INFO] gui.core.transformer_compressor: [Transformer] epoch 40/50 loss=14067.369141
22:15:13 [INFO] gui.core.transformer_compressor: [Transformer] epoch 50/50 loss=14002.819336
22:15:13 [INFO] gui.core.transformer_compressor: [Transformer] final MSE=13992.92187500
22:15:13 [INFO] gui.core.transformer_compressor: [Transformer] compressed 1188 -> 307064 bytes (25847.138%) in 393ms | params=76064,chunks=5,epochs=50,mse=13992.921875
22:15:13 [INFO] gui.main_window: [compress] compress done: 1188 -> 307064 bytes
22:15:13 [INFO] gui.main_window: [compress] EXPANSION detected: 307064 >= 1188, falling back to stored (raw)
22:15:13 [INFO] gui.main_window: [compress] START row=1 file=D:\AAA_C\compression-tool\resources\level3_large\images\logo_large.png algo=transformer (beta)
22:15:13 [INFO] gui.main_window: [compress] loaded raw data: 11331 bytes
22:15:13 [INFO] gui.main_window: [compress] compressing with transformer (beta) ...
22:15:13 [INFO] gui.core.transformer_compressor: [Transformer] model: 76064 params (76064 trainable), input=256, latent=32
22:15:13 [INFO] gui.core.transformer_compressor: [Transformer] epoch 1/50 loss=21373.087891
22:15:14 [INFO] gui.core.transformer_compressor: [Transformer] epoch 10/50 loss=21234.313151
22:15:14 [INFO] gui.core.transformer_compressor: [Transformer] epoch 20/50 loss=20700.045573
22:15:14 [INFO] gui.core.transformer_compressor: [Transformer] epoch 30/50 loss=20602.850260
22:15:14 [INFO] gui.core.transformer_compressor: [Transformer] epoch 40/50 loss=20233.085286
22:15:15 [INFO] gui.core.transformer_compressor: [Transformer] epoch 50/50 loss=19549.160156
22:15:15 [INFO] gui.core.transformer_compressor: [Transformer] final MSE=19710.72460938
22:15:15 [INFO] gui.core.transformer_compressor: [Transformer] compressed 11331 -> 307064 bytes (2709.946%) in 1291ms | params=76064,chunks=45,epochs=50,mse=19710.724609
22:15:15 [INFO] gui.main_window: [compress] compress done: 11331 -> 307064 bytes
22:15:15 [INFO] gui.main_window: [compress] EXPANSION detected: 307064 >= 11331, falling back to stored (raw)
22:15:15 [INFO] gui.main_window: [compress] START row=1 file=D:\AAA_C\compression-tool\resources\level3_large\images\office.png algo=transformer (beta)
22:15:15 [INFO] gui.main_window: [compress] loaded raw data: 1444 bytes
22:15:15 [INFO] gui.main_window: [compress] compressing with transformer (beta) ...
22:15:15 [INFO] gui.core.transformer_compressor: [Transformer] model: 76064 params (76064 trainable), input=256, latent=32
22:15:15 [INFO] gui.core.transformer_compressor: [Transformer] epoch 1/50 loss=14235.588867
22:15:15 [INFO] gui.core.transformer_compressor: [Transformer] epoch 10/50 loss=14175.226562
22:15:15 [INFO] gui.core.transformer_compressor: [Transformer] epoch 20/50 loss=14121.445312
22:15:15 [INFO] gui.core.transformer_compressor: [Transformer] epoch 30/50 loss=14061.765625
22:15:15 [INFO] gui.core.transformer_compressor: [Transformer] epoch 40/50 loss=13996.096680
22:15:15 [INFO] gui.core.transformer_compressor: [Transformer] epoch 50/50 loss=13923.909180
22:15:15 [INFO] gui.core.transformer_compressor: [Transformer] final MSE=13912.05078125
22:15:15 [INFO] gui.core.transformer_compressor: [Transformer] compressed 1444 -> 307064 bytes (21264.820%) in 440ms | params=76064,chunks=6,epochs=50,mse=13912.050781
22:15:15 [INFO] gui.main_window: [compress] compress done: 1444 -> 307064 bytes
22:15:15 [INFO] gui.main_window: [compress] EXPANSION detected: 307064 >= 1444, falling back to stored (raw)
22:15:15 [INFO] gui.main_window: [compress] START row=1 file=D:\AAA_C\compression-tool\resources\level3_large\images\product_1.jpg algo=transformer (beta)
22:15:15 [INFO] gui.main_window: [compress] loaded raw data: 28949 bytes
22:15:15 [INFO] gui.main_window: [compress] compressing with transformer (beta) ...
22:15:15 [INFO] gui.core.transformer_compressor: [Transformer] model: 76064 params (76064 trainable), input=256, latent=32
22:15:15 [INFO] gui.core.transformer_compressor: [Transformer] epoch 1/50 loss=30099.615234
22:15:16 [INFO] gui.core.transformer_compressor: [Transformer] epoch 10/50 loss=29197.180420
22:15:16 [INFO] gui.core.transformer_compressor: [Transformer] epoch 20/50 loss=28005.658203
22:15:17 [INFO] gui.core.transformer_compressor: [Transformer] epoch 30/50 loss=25964.630371
22:15:18 [INFO] gui.core.transformer_compressor: [Transformer] epoch 40/50 loss=23607.257080
22:15:18 [INFO] gui.core.transformer_compressor: [Transformer] epoch 50/50 loss=21560.082031
22:15:18 [INFO] gui.core.transformer_compressor: [Transformer] final MSE=21388.73632812
22:15:18 [INFO] gui.core.transformer_compressor: [Transformer] compressed 28949 -> 307064 bytes (1060.707%) in 3327ms | params=76064,chunks=114,epochs=50,mse=21388.736328
22:15:18 [INFO] gui.main_window: [compress] compress done: 28949 -> 307064 bytes
22:15:18 [INFO] gui.main_window: [compress] EXPANSION detected: 307064 >= 28949, falling back to stored (raw)
22:15:18 [INFO] gui.main_window: [compress] START row=1 file=D:\AAA_C\compression-tool\resources\level3_large\images\product_2.jpg algo=transformer (beta)
22:15:18 [INFO] gui.main_window: [compress] loaded raw data: 28186 bytes
22:15:18 [INFO] gui.main_window: [compress] compressing with transformer (beta) ...
22:15:18 [INFO] gui.core.transformer_compressor: [Transformer] model: 76064 params (76064 trainable), input=256, latent=32
22:15:19 [INFO] gui.core.transformer_compressor: [Transformer] epoch 1/50 loss=29544.756975
22:15:19 [INFO] gui.core.transformer_compressor: [Transformer] epoch 10/50 loss=28882.106864
22:15:20 [INFO] gui.core.transformer_compressor: [Transformer] epoch 20/50 loss=27708.541853
22:15:20 [INFO] gui.core.transformer_compressor: [Transformer] epoch 30/50 loss=26220.064732
22:15:21 [INFO] gui.core.transformer_compressor: [Transformer] epoch 40/50 loss=24462.132533
22:15:21 [INFO] gui.core.transformer_compressor: [Transformer] epoch 50/50 loss=22494.899275
22:15:21 [INFO] gui.core.transformer_compressor: [Transformer] final MSE=22367.29492188
22:15:21 [INFO] gui.core.transformer_compressor: [Transformer] compressed 28186 -> 307064 bytes (1089.420%) in 2915ms | params=76064,chunks=111,epochs=50,mse=22367.294922
22:15:21 [INFO] gui.main_window: [compress] compress done: 28186 -> 307064 bytes
22:15:21 [INFO] gui.main_window: [compress] EXPANSION detected: 307064 >= 28186, falling back to stored (raw)
22:15:21 [INFO] gui.main_window: [compress] START row=1 file=D:\AAA_C\compression-tool\resources\level3_large\images\product_3.jpg algo=transformer (beta)
22:15:21 [INFO] gui.main_window: [compress] loaded raw data: 28023 bytes
22:15:21 [INFO] gui.main_window: [compress] compressing with transformer (beta) ...
22:15:21 [INFO] gui.core.transformer_compressor: [Transformer] model: 76064 params (76064 trainable), input=256, latent=32
22:15:21 [INFO] gui.core.transformer_compressor: [Transformer] epoch 1/50 loss=29208.500837
22:15:22 [INFO] gui.core.transformer_compressor: [Transformer] epoch 10/50 loss=28494.557199
22:15:23 [INFO] gui.core.transformer_compressor: [Transformer] epoch 20/50 loss=27350.897042
22:15:24 [INFO] gui.core.transformer_compressor: [Transformer] epoch 30/50 loss=25883.920759
22:15:25 [INFO] gui.core.transformer_compressor: [Transformer] epoch 40/50 loss=24112.089844
22:15:27 [INFO] gui.core.transformer_compressor: [Transformer] epoch 50/50 loss=22181.415179
22:15:27 [INFO] gui.core.transformer_compressor: [Transformer] final MSE=22047.86523438
22:15:27 [INFO] gui.core.transformer_compressor: [Transformer] compressed 28023 -> 307064 bytes (1095.757%) in 5425ms | params=76064,chunks=110,epochs=50,mse=22047.865234
22:15:27 [INFO] gui.main_window: [compress] compress done: 28023 -> 307064 bytes
22:15:27 [INFO] gui.main_window: [compress] EXPANSION detected: 307064 >= 28023, falling back to stored (raw)
22:15:27 [INFO] gui.main_window: [compress] START row=1 file=D:\AAA_C\compression-tool\resources\level3_large\images\product_4.jpg algo=transformer (beta)
22:15:27 [INFO] gui.main_window: [compress] loaded raw data: 27846 bytes
22:15:27 [INFO] gui.main_window: [compress] compressing with transformer (beta) ...
22:15:27 [INFO] gui.core.transformer_compressor: [Transformer] model: 76064 params (76064 trainable), input=256, latent=32
22:15:27 [INFO] gui.core.transformer_compressor: [Transformer] epoch 1/50 loss=28208.193917
22:15:28 [INFO] gui.core.transformer_compressor: [Transformer] epoch 10/50 loss=27480.571429
22:15:30 [INFO] gui.core.transformer_compressor: [Transformer] epoch 20/50 loss=26452.462054
22:15:31 [INFO] gui.core.transformer_compressor: [Transformer] epoch 30/50 loss=25029.410993
22:15:32 [INFO] gui.core.transformer_compressor: [Transformer] epoch 40/50 loss=23294.983538
22:15:33 [INFO] gui.core.transformer_compressor: [Transformer] epoch 50/50 loss=21338.322266
22:15:33 [INFO] gui.core.transformer_compressor: [Transformer] final MSE=21258.03710938
22:15:33 [INFO] gui.core.transformer_compressor: [Transformer] compressed 27846 -> 307064 bytes (1102.722%) in 6533ms | params=76064,chunks=109,epochs=50,mse=21258.037109
22:15:33 [INFO] gui.main_window: [compress] compress done: 27846 -> 307064 bytes
22:15:33 [INFO] gui.main_window: [compress] EXPANSION detected: 307064 >= 27846, falling back to stored (raw)
22:15:33 [INFO] gui.main_window: [compress] START row=1 file=D:\AAA_C\compression-tool\resources\level3_large\images\product_5.jpg algo=transformer (beta)
22:15:33 [INFO] gui.main_window: [compress] loaded raw data: 28106 bytes
22:15:33 [INFO] gui.main_window: [compress] compressing with transformer (beta) ...
22:15:33 [INFO] gui.core.transformer_compressor: [Transformer] model: 76064 params (76064 trainable), input=256, latent=32
22:15:34 [INFO] gui.core.transformer_compressor: [Transformer] epoch 1/50 loss=29358.810826
22:15:35 [INFO] gui.core.transformer_compressor: [Transformer] epoch 10/50 loss=28663.615792
22:15:36 [INFO] gui.core.transformer_compressor: [Transformer] epoch 20/50 loss=27520.592076
22:15:37 [INFO] gui.core.transformer_compressor: [Transformer] epoch 30/50 loss=26038.849330
22:15:38 [INFO] gui.core.transformer_compressor: [Transformer] epoch 40/50 loss=24279.534598
22:15:40 [INFO] gui.core.transformer_compressor: [Transformer] epoch 50/50 loss=22347.001116
22:15:40 [INFO] gui.core.transformer_compressor: [Transformer] final MSE=22224.38671875
22:15:40 [INFO] gui.core.transformer_compressor: [Transformer] compressed 28106 -> 307064 bytes (1092.521%) in 6258ms | params=76064,chunks=110,epochs=50,mse=22224.386719
22:15:40 [INFO] gui.main_window: [compress] compress done: 28106 -> 307064 bytes
22:15:40 [INFO] gui.main_window: [compress] EXPANSION detected: 307064 >= 28106, falling back to stored (raw)
22:15:40 [INFO] gui.main_window: [compress] START row=1 file=D:\AAA_C\compression-tool\resources\level3_large\images\team_photo.jpg algo=transformer (beta)
22:15:40 [INFO] gui.main_window: [compress] loaded raw data: 20221 bytes
22:15:40 [INFO] gui.main_window: [compress] compressing with transformer (beta) ...
22:15:40 [INFO] gui.core.transformer_compressor: [Transformer] model: 76064 params (76064 trainable), input=256, latent=32
22:15:40 [INFO] gui.core.transformer_compressor: [Transformer] epoch 1/50 loss=28453.858594
22:15:41 [INFO] gui.core.transformer_compressor: [Transformer] epoch 10/50 loss=28011.601953
22:15:42 [INFO] gui.core.transformer_compressor: [Transformer] epoch 20/50 loss=27311.407813
22:15:42 [INFO] gui.core.transformer_compressor: [Transformer] epoch 30/50 loss=26419.795703
22:15:43 [INFO] gui.core.transformer_compressor: [Transformer] epoch 40/50 loss=25384.034766
22:15:44 [INFO] gui.core.transformer_compressor: [Transformer] epoch 50/50 loss=24176.071094
22:15:44 [INFO] gui.core.transformer_compressor: [Transformer] final MSE=24101.63281250
22:15:44 [INFO] gui.core.transformer_compressor: [Transformer] compressed 20221 -> 307064 bytes (1518.540%) in 4606ms | params=76064,chunks=79,epochs=50,mse=24101.632812
22:15:44 [INFO] gui.main_window: [compress] compress done: 20221 -> 307064 bytes
22:15:44 [INFO] gui.main_window: [compress] EXPANSION detected: 307064 >= 20221, falling back to stored (raw)
22:15:44 [INFO] gui.main_window: [compress] START row=1 file=D:\AAA_C\compression-tool\resources\level3_large\js\analytics.js algo=transformer (beta)
22:15:44 [INFO] gui.main_window: [compress] loaded raw data: 2886 bytes
22:15:44 [INFO] gui.main_window: [compress] compressing with transformer (beta) ...
22:15:44 [INFO] gui.core.transformer_compressor: [Transformer] model: 76064 params (76064 trainable), input=256, latent=32
22:15:44 [INFO] gui.core.transformer_compressor: [Transformer] epoch 1/50 loss=6228.842773
22:15:44 [INFO] gui.core.transformer_compressor: [Transformer] epoch 10/50 loss=6180.272461
22:15:45 [INFO] gui.core.transformer_compressor: [Transformer] epoch 20/50 loss=6142.036621
22:15:45 [INFO] gui.core.transformer_compressor: [Transformer] epoch 30/50 loss=6098.138184
22:15:45 [INFO] gui.core.transformer_compressor: [Transformer] epoch 40/50 loss=6049.627930
22:15:45 [INFO] gui.core.transformer_compressor: [Transformer] epoch 50/50 loss=5995.578125
22:15:45 [INFO] gui.core.transformer_compressor: [Transformer] final MSE=5987.68359375
22:15:45 [INFO] gui.core.transformer_compressor: [Transformer] compressed 2886 -> 307064 bytes (10639.778%) in 919ms | params=76064,chunks=12,epochs=50,mse=5987.683594
22:15:45 [INFO] gui.main_window: [compress] compress done: 2886 -> 307064 bytes
22:15:45 [INFO] gui.main_window: [compress] EXPANSION detected: 307064 >= 2886, falling back to stored (raw)
22:15:45 [INFO] gui.main_window: [compress] START row=1 file=D:\AAA_C\compression-tool\resources\level3_large\js\api.js algo=transformer (beta)
22:15:45 [INFO] gui.main_window: [compress] loaded raw data: 1975 bytes
22:15:45 [INFO] gui.main_window: [compress] compressing with transformer (beta) ...
22:15:45 [INFO] gui.core.transformer_compressor: [Transformer] model: 76064 params (76064 trainable), input=256, latent=32
22:15:45 [INFO] gui.core.transformer_compressor: [Transformer] epoch 1/50 loss=6486.544922
22:15:45 [INFO] gui.core.transformer_compressor: [Transformer] epoch 10/50 loss=6443.099609
22:15:46 [INFO] gui.core.transformer_compressor: [Transformer] epoch 20/50 loss=6401.158203
22:15:46 [INFO] gui.core.transformer_compressor: [Transformer] epoch 30/50 loss=6354.198242
22:15:46 [INFO] gui.core.transformer_compressor: [Transformer] epoch 40/50 loss=6301.610840
22:15:46 [INFO] gui.core.transformer_compressor: [Transformer] epoch 50/50 loss=6245.375000
22:15:46 [INFO] gui.core.transformer_compressor: [Transformer] final MSE=6236.87744141
22:15:46 [INFO] gui.core.transformer_compressor: [Transformer] compressed 1975 -> 307064 bytes (15547.544%) in 929ms | params=76064,chunks=8,epochs=50,mse=6236.877441
22:15:46 [INFO] gui.main_window: [compress] compress done: 1975 -> 307064 bytes
22:15:46 [INFO] gui.main_window: [compress] EXPANSION detected: 307064 >= 1975, falling back to stored (raw)
22:15:46 [INFO] gui.main_window: [compress] START row=1 file=D:\AAA_C\compression-tool\resources\level3_large\js\app.js algo=transformer (beta)
22:15:46 [INFO] gui.main_window: [compress] loaded raw data: 4205 bytes
22:15:46 [INFO] gui.main_window: [compress] compressing with transformer (beta) ...
22:15:46 [INFO] gui.core.transformer_compressor: [Transformer] model: 76064 params (76064 trainable), input=256, latent=32
22:15:46 [INFO] gui.core.transformer_compressor: [Transformer] epoch 1/50 loss=6124.885498
22:15:46 [INFO] gui.core.transformer_compressor: [Transformer] epoch 10/50 loss=6178.286377
22:15:47 [INFO] gui.core.transformer_compressor: [Transformer] epoch 20/50 loss=6625.441162
22:15:47 [INFO] gui.core.transformer_compressor: [Transformer] epoch 30/50 loss=6199.943604
22:15:48 [INFO] gui.core.transformer_compressor: [Transformer] epoch 40/50 loss=7261.893066
22:15:48 [INFO] gui.core.transformer_compressor: [Transformer] epoch 50/50 loss=5773.470703
22:15:48 [INFO] gui.core.transformer_compressor: [Transformer] final MSE=5910.46337891
22:15:48 [INFO] gui.core.transformer_compressor: [Transformer] compressed 4205 -> 307064 bytes (7302.354%) in 1794ms | params=76064,chunks=17,epochs=50,mse=5910.463379
22:15:48 [INFO] gui.main_window: [compress] compress done: 4205 -> 307064 bytes
22:15:48 [INFO] gui.main_window: [compress] EXPANSION detected: 307064 >= 4205, falling back to stored (raw)
22:15:48 [INFO] gui.main_window: [compress] START row=1 file=D:\AAA_C\compression-tool\resources\level3_large\js\components.js algo=transformer (beta)
22:15:48 [INFO] gui.main_window: [compress] loaded raw data: 8292 bytes
22:15:48 [INFO] gui.main_window: [compress] compressing with transformer (beta) ...
22:15:48 [INFO] gui.core.transformer_compressor: [Transformer] model: 76064 params (76064 trainable), input=256, latent=32
22:15:48 [INFO] gui.core.transformer_compressor: [Transformer] epoch 1/50 loss=6828.000651
22:15:48 [INFO] gui.core.transformer_compressor: [Transformer] epoch 10/50 loss=6820.799805
22:15:49 [INFO] gui.core.transformer_compressor: [Transformer] epoch 20/50 loss=6536.470866
22:15:50 [INFO] gui.core.transformer_compressor: [Transformer] epoch 30/50 loss=6626.924805
22:15:50 [INFO] gui.core.transformer_compressor: [Transformer] epoch 40/50 loss=6250.171712
22:15:51 [INFO] gui.core.transformer_compressor: [Transformer] epoch 50/50 loss=5943.396322
22:15:51 [INFO] gui.core.transformer_compressor: [Transformer] final MSE=5926.82714844
22:15:51 [INFO] gui.core.transformer_compressor: [Transformer] compressed 8292 -> 307064 bytes (3703.136%) in 2748ms | params=76064,chunks=33,epochs=50,mse=5926.827148
22:15:51 [INFO] gui.main_window: [compress] compress done: 8292 -> 307064 bytes
22:15:51 [INFO] gui.main_window: [compress] EXPANSION detected: 307064 >= 8292, falling back to stored (raw)
22:15:51 [INFO] gui.main_window: [compress] START row=1 file=D:\AAA_C\compression-tool\resources\level3_large\js\router.js algo=transformer (beta)
22:15:51 [INFO] gui.main_window: [compress] loaded raw data: 1896 bytes
22:15:51 [INFO] gui.main_window: [compress] compressing with transformer (beta) ...
22:15:51 [INFO] gui.core.transformer_compressor: [Transformer] model: 76064 params (76064 trainable), input=256, latent=32
22:15:51 [INFO] gui.core.transformer_compressor: [Transformer] epoch 1/50 loss=6141.864258
22:15:51 [INFO] gui.core.transformer_compressor: [Transformer] epoch 10/50 loss=6097.957031
22:15:51 [INFO] gui.core.transformer_compressor: [Transformer] epoch 20/50 loss=6059.151855
22:15:51 [INFO] gui.core.transformer_compressor: [Transformer] epoch 30/50 loss=6014.791992
22:15:51 [INFO] gui.core.transformer_compressor: [Transformer] epoch 40/50 loss=5966.291016
22:15:52 [INFO] gui.core.transformer_compressor: [Transformer] epoch 50/50 loss=5914.263184
22:15:52 [INFO] gui.core.transformer_compressor: [Transformer] final MSE=5906.13281250
22:15:52 [INFO] gui.core.transformer_compressor: [Transformer] compressed 1896 -> 307064 bytes (16195.359%) in 927ms | params=76064,chunks=8,epochs=50,mse=5906.132812
22:15:52 [INFO] gui.main_window: [compress] compress done: 1896 -> 307064 bytes
22:15:52 [INFO] gui.main_window: [compress] EXPANSION detected: 307064 >= 1896, falling back to stored (raw)
22:15:52 [INFO] gui.main_window: [compress] START row=1 file=D:\AAA_C\compression-tool\resources\level3_large\js\store.js algo=transformer (beta)
22:15:52 [INFO] gui.main_window: [compress] loaded raw data: 3250 bytes
22:15:52 [INFO] gui.main_window: [compress] compressing with transformer (beta) ...
22:15:52 [INFO] gui.core.transformer_compressor: [Transformer] model: 76064 params (76064 trainable), input=256, latent=32
22:15:52 [INFO] gui.core.transformer_compressor: [Transformer] epoch 1/50 loss=6846.802734
22:15:52 [INFO] gui.core.transformer_compressor: [Transformer] epoch 10/50 loss=6790.327637
22:15:52 [INFO] gui.core.transformer_compressor: [Transformer] epoch 20/50 loss=6748.205566
22:15:52 [INFO] gui.core.transformer_compressor: [Transformer] epoch 30/50 loss=6701.529297
22:15:52 [INFO] gui.core.transformer_compressor: [Transformer] epoch 40/50 loss=6650.269531
22:15:53 [INFO] gui.core.transformer_compressor: [Transformer] epoch 50/50 loss=6594.689453
22:15:53 [INFO] gui.core.transformer_compressor: [Transformer] final MSE=6586.35937500
22:15:53 [INFO] gui.core.transformer_compressor: [Transformer] compressed 3250 -> 307064 bytes (9448.123%) in 918ms | params=76064,chunks=13,epochs=50,mse=6586.359375
22:15:53 [INFO] gui.main_window: [compress] compress done: 3250 -> 307064 bytes
22:15:53 [INFO] gui.main_window: [compress] EXPANSION detected: 307064 >= 3250, falling back to stored (raw)
22:15:53 [INFO] gui.main_window: [compress] START row=1 file=D:\AAA_C\compression-tool\resources\level3_large\js\utils.js algo=transformer (beta)
22:15:53 [INFO] gui.main_window: [compress] loaded raw data: 3327 bytes
22:15:53 [INFO] gui.main_window: [compress] compressing with transformer (beta) ...
22:15:53 [INFO] gui.core.transformer_compressor: [Transformer] model: 76064 params (76064 trainable), input=256, latent=32
22:15:53 [INFO] gui.core.transformer_compressor: [Transformer] epoch 1/50 loss=6862.478027
22:15:53 [INFO] gui.core.transformer_compressor: [Transformer] epoch 10/50 loss=6816.001465
22:15:53 [INFO] gui.core.transformer_compressor: [Transformer] epoch 20/50 loss=6772.866211
22:15:53 [INFO] gui.core.transformer_compressor: [Transformer] epoch 30/50 loss=6724.214355
22:15:53 [INFO] gui.core.transformer_compressor: [Transformer] epoch 40/50 loss=6671.969727
22:15:54 [INFO] gui.core.transformer_compressor: [Transformer] epoch 50/50 loss=6615.524414
22:15:54 [INFO] gui.core.transformer_compressor: [Transformer] final MSE=6607.20507812
22:15:54 [INFO] gui.core.transformer_compressor: [Transformer] compressed 3327 -> 307064 bytes (9229.456%) in 1020ms | params=76064,chunks=13,epochs=50,mse=6607.205078
22:15:54 [INFO] gui.main_window: [compress] compress done: 3327 -> 307064 bytes
22:15:54 [INFO] gui.main_window: [compress] EXPANSION detected: 307064 >= 3327, falling back to stored (raw)
